Archive member included to satisfy reference by file (symbol)

/home/rtslab/ESL/software_package_linux/software_package/gcc-arm-none-eabi/bin/../lib/gcc/arm-none-eabi/8.2.1/../../../../arm-none-eabi/lib/thumb/v6-m/nofp/libc_nano.a(lib_a-exit.o)
                              /home/rtslab/ESL/software_package_linux/software_package/gcc-arm-none-eabi/bin/../lib/gcc/arm-none-eabi/8.2.1/../../../../arm-none-eabi/lib/thumb/v6-m/nofp/crt0.o (exit)
/home/rtslab/ESL/software_package_linux/software_package/gcc-arm-none-eabi/bin/../lib/gcc/arm-none-eabi/8.2.1/../../../../arm-none-eabi/lib/thumb/v6-m/nofp/libc_nano.a(lib_a-impure.o)
                              /home/rtslab/ESL/software_package_linux/software_package/gcc-arm-none-eabi/bin/../lib/gcc/arm-none-eabi/8.2.1/../../../../arm-none-eabi/lib/thumb/v6-m/nofp/libc_nano.a(lib_a-exit.o) (_global_impure_ptr)
/home/rtslab/ESL/software_package_linux/software_package/gcc-arm-none-eabi/bin/../lib/gcc/arm-none-eabi/8.2.1/../../../../arm-none-eabi/lib/thumb/v6-m/nofp/libc_nano.a(lib_a-init.o)
                              /home/rtslab/ESL/software_package_linux/software_package/gcc-arm-none-eabi/bin/../lib/gcc/arm-none-eabi/8.2.1/../../../../arm-none-eabi/lib/thumb/v6-m/nofp/crt0.o (__libc_init_array)
/home/rtslab/ESL/software_package_linux/software_package/gcc-arm-none-eabi/bin/../lib/gcc/arm-none-eabi/8.2.1/../../../../arm-none-eabi/lib/thumb/v6-m/nofp/libc_nano.a(lib_a-memset.o)
                              /home/rtslab/ESL/software_package_linux/software_package/gcc-arm-none-eabi/bin/../lib/gcc/arm-none-eabi/8.2.1/../../../../arm-none-eabi/lib/thumb/v6-m/nofp/crt0.o (memset)
/home/rtslab/ESL/software_package_linux/software_package/gcc-arm-none-eabi/bin/../lib/gcc/arm-none-eabi/8.2.1/../../../../arm-none-eabi/lib/thumb/v6-m/nofp/libnosys.a(_exit.o)
                              /home/rtslab/ESL/software_package_linux/software_package/gcc-arm-none-eabi/bin/../lib/gcc/arm-none-eabi/8.2.1/../../../../arm-none-eabi/lib/thumb/v6-m/nofp/libc_nano.a(lib_a-exit.o) (_exit)
/home/rtslab/ESL/software_package_linux/software_package/gcc-arm-none-eabi/bin/../lib/gcc/arm-none-eabi/8.2.1/../../../../arm-none-eabi/lib/thumb/v6-m/nofp/libm.a(lib_a-s_fabs.o)
                              _build/inv_mpu.o (fabs)
/home/rtslab/ESL/software_package_linux/software_package/gcc-arm-none-eabi/bin/../lib/gcc/arm-none-eabi/8.2.1/../../../../arm-none-eabi/lib/thumb/v6-m/nofp/libm.a(lib_a-w_asin.o)
                              _build/mpu_wrapper.o (asin)
/home/rtslab/ESL/software_package_linux/software_package/gcc-arm-none-eabi/bin/../lib/gcc/arm-none-eabi/8.2.1/../../../../arm-none-eabi/lib/thumb/v6-m/nofp/libm.a(lib_a-w_atan2.o)
                              _build/mpu_wrapper.o (atan2)
/home/rtslab/ESL/software_package_linux/software_package/gcc-arm-none-eabi/bin/../lib/gcc/arm-none-eabi/8.2.1/../../../../arm-none-eabi/lib/thumb/v6-m/nofp/libm.a(lib_a-e_asin.o)
                              /home/rtslab/ESL/software_package_linux/software_package/gcc-arm-none-eabi/bin/../lib/gcc/arm-none-eabi/8.2.1/../../../../arm-none-eabi/lib/thumb/v6-m/nofp/libm.a(lib_a-w_asin.o) (__ieee754_asin)
/home/rtslab/ESL/software_package_linux/software_package/gcc-arm-none-eabi/bin/../lib/gcc/arm-none-eabi/8.2.1/../../../../arm-none-eabi/lib/thumb/v6-m/nofp/libm.a(lib_a-e_atan2.o)
                              /home/rtslab/ESL/software_package_linux/software_package/gcc-arm-none-eabi/bin/../lib/gcc/arm-none-eabi/8.2.1/../../../../arm-none-eabi/lib/thumb/v6-m/nofp/libm.a(lib_a-w_atan2.o) (__ieee754_atan2)
/home/rtslab/ESL/software_package_linux/software_package/gcc-arm-none-eabi/bin/../lib/gcc/arm-none-eabi/8.2.1/../../../../arm-none-eabi/lib/thumb/v6-m/nofp/libm.a(lib_a-e_sqrt.o)
                              /home/rtslab/ESL/software_package_linux/software_package/gcc-arm-none-eabi/bin/../lib/gcc/arm-none-eabi/8.2.1/../../../../arm-none-eabi/lib/thumb/v6-m/nofp/libm.a(lib_a-e_asin.o) (__ieee754_sqrt)
/home/rtslab/ESL/software_package_linux/software_package/gcc-arm-none-eabi/bin/../lib/gcc/arm-none-eabi/8.2.1/../../../../arm-none-eabi/lib/thumb/v6-m/nofp/libm.a(lib_a-s_atan.o)
                              /home/rtslab/ESL/software_package_linux/software_package/gcc-arm-none-eabi/bin/../lib/gcc/arm-none-eabi/8.2.1/../../../../arm-none-eabi/lib/thumb/v6-m/nofp/libm.a(lib_a-e_atan2.o) (atan)
/home/rtslab/ESL/software_package_linux/software_package/gcc-arm-none-eabi/bin/../lib/gcc/arm-none-eabi/8.2.1/../../../../arm-none-eabi/lib/thumb/v6-m/nofp/libm.a(lib_a-s_lib_ver.o)
                              /home/rtslab/ESL/software_package_linux/software_package/gcc-arm-none-eabi/bin/../lib/gcc/arm-none-eabi/8.2.1/../../../../arm-none-eabi/lib/thumb/v6-m/nofp/libm.a(lib_a-w_asin.o) (__fdlib_version)
/home/rtslab/ESL/software_package_linux/software_package/gcc-arm-none-eabi/bin/../lib/gcc/arm-none-eabi/8.2.1/../../../../arm-none-eabi/lib/thumb/v6-m/nofp/libm.a(lib_a-s_matherr.o)
[...]
Memory Configuration

Name             Origin             Length             Attributes
FLASH            0x0000000000018000 0x0000000000028000 xr
RAM              0x0000000020002000 0x0000000000002000 xrw
*default*        0x0000000000000000 0xffffffffffffffff

Linker script and memory map

LOAD /home/rtslab/ESL/software_package_linux/software_package/gcc-arm-none-eabi/bin/../lib/gcc/arm-none-eabi/8.2.1/thumb/v6-m/nofp/crti.o
LOAD /home/rtslab/ESL/software_package_linux/software_package/gcc-arm-none-eabi/bin/../lib/gcc/arm-none-eabi/8.2.1/thumb/v6-m/nofp/crtbegin.o
LOAD /home/rtslab/ESL/software_package_linux/software_package/gcc-arm-none-eabi/bin/../lib/gcc/arm-none-eabi/8.2.1/../../../../arm-none-eabi/lib/thumb/v6-m/nofp/crt0.o
LOAD /home/rtslab/ESL/software_package_linux/software_package/gcc-arm-none-eabi/bin/../lib/gcc/arm-none-eabi/8.2.1/../../../../arm-none-eabi/lib/thumb/v6-m/nofp/libc_nano.a
LOAD /home/rtslab/ESL/software_package_linux/software_package/gcc-arm-none-eabi/bin/../lib/gcc/arm-none-eabi/8.2.1/../../../../arm-none-eabi/lib/thumb/v6-m/nofp/libnosys.a
LOAD /home/rtslab/ESL/software_package_linux/software_package/gcc-arm-none-eabi/bin/../lib/gcc/arm-none-eabi/8.2.1/../../../../arm-none-eabi/lib/thumb/v6-m/nofp/libm.a
LOAD _build/system_nrf51.o
LOAD _build/nrf_delay.o
LOAD _build/in4073.o
LOAD _build/control.o
LOAD _build/gpio.o
LOAD _build/timers.o
LOAD _build/uart.o
LOAD _build/queue.o
LOAD _build/twi.o
LOAD _build/adc.o
LOAD _build/baro.o
LOAD _build/ble.o
LOAD _build/spi_flash.o
LOAD _build/inv_mpu.o
LOAD _build/inv_mpu_dmp_motion_driver.o
LOAD _build/ml.o
LOAD _build/mpu_wrapper.o
LOAD _build/app_error.o
LOAD _build/app_timer.o
LOAD _build/nrf_assert.o
LOAD _build/nrf_drv_common.o
LOAD _build/pstorage.o
LOAD _build/ble_advdata.o
LOAD _build/ble_advertising.o
LOAD _build/ble_conn_params.o
LOAD _build/ble_nus.o
LOAD _build/ble_srv_common.o
LOAD _build/softdevice_handler.o
LOAD _build/gcc_startup_nrf51.o
LOAD /home/rtslab/ESL/software_package_linux/software_package/gcc-arm-none-eabi/bin/../lib/gcc/arm-none-eabi/8.2.1/../../../../arm-none-eabi/lib/thumb/v6-m/nofp/libm.a
START GROUP
LOAD /home/rtslab/ESL/software_package_linux/software_package/gcc-arm-none-eabi/bin/../lib/gcc/arm-none-eabi/8.2.1/thumb/v6-m/nofp/libgcc.a
LOAD /home/rtslab/ESL/software_package_linux/software_package/gcc-arm-none-eabi/bin/../lib/gcc/arm-none-eabi/8.2.1/../../../../arm-none-eabi/lib/thumb/v6-m/nofp/libc_nano.a
END GROUP
START GROUP
LOAD /home/rtslab/ESL/software_package_linux/software_package/gcc-arm-none-eabi/bin/../lib/gcc/arm-none-eabi/8.2.1/thumb/v6-m/nofp/libgcc.a
LOAD /home/rtslab/ESL/software_package_linux/software_package/gcc-arm-none-eabi/bin/../lib/gcc/arm-none-eabi/8.2.1/../../../../arm-none-eabi/lib/thumb/v6-m/nofp/libc_nano.a
END GROUP
LOAD /home/rtslab/ESL/software_package_linux/software_package/gcc-arm-none-eabi/bin/../lib/gcc/arm-none-eabi/8.2.1/thumb/v6-m/nofp/crtend.o
LOAD /home/rtslab/ESL/software_package_linux/software_package/gcc-arm-none-eabi/bin/../lib/gcc/arm-none-eabi/8.2.1/thumb/v6-m/nofp/crtn.o
START GROUP
LOAD /home/rtslab/ESL/software_package_linux/software_package/gcc-arm-none-eabi/bin/../lib/gcc/arm-none-eabi/8.2.1/thumb/v6-m/nofp/libgcc.a
LOAD /home/rtslab/ESL/software_package_linux/software_package/gcc-arm-none-eabi/bin/../lib/gcc/arm-none-eabi/8.2.1/../../../../arm-none-eabi/lib/thumb/v6-m/nofp/libc.a
LOAD /home/rtslab/ESL/software_package_linux/software_package/gcc-arm-none-eabi/bin/../lib/gcc/arm-none-eabi/8.2.1/../../../../arm-none-eabi/lib/thumb/v6-m/nofp/libnosys.a
END GROUP

.fs_data_out    0x0000000000000000        0x0
                [!provide]                        PROVIDE (__start_fs_data = .)
 *(fs_data)
                [!provide]                        PROVIDE (__stop_fs_data = .)

.text           0x0000000000018000     0xaa48
 *(.Vectors)
 .Vectors       0x0000000000018000       0xc0 _build/gcc_startup_nrf51.o
                0x0000000000018000                __Vectors
 *(.text*)
 .text          0x00000000000180c0       0x48 /home/rtslab/ESL/software_package_linux/software_package/gcc-arm-none-eabi/bin/../lib/gcc/arm-none-eabi/8.2.1/thumb/v6-m/nofp/crtbegin.o
 .text          0x0000000000018108       0x78 /home/rtslab/ESL/software_package_linux/software_package/gcc-arm-none-eabi/bin/../lib/gcc/arm-none-eabi/8.2.1/../../../../arm-none-eabi/lib/thumb/v6-m/nofp/crt0.o
                0x0000000000018108                _mainCRTStartup
                0x0000000000018108                _start
 .text.exit     0x0000000000018180       0x2c /home/rtslab/ESL/software_package_linux/software_package/gcc-arm-none-eabi/bin/../lib/gcc/arm-none-eabi/8.2.1/../../../../arm-none-eabi/lib/thumb/v6-m/nofp/libc_nano.a(lib_a-exit.o)
                0x0000000000018180                exit
 .text.__libc_init_array
                0x00000000000181ac       0x48 /home/rtslab/ESL/software_package_linux/software_package/gcc-arm-none-eabi/bin/../lib/gcc/arm-none-eabi/8.2.1/../../../../arm-none-eabi/lib/thumb/v6-m/nofp/libc_nano.a(lib_a-init.o)
                0x00000000000181ac                __libc_init_array
 .text.memset   0x00000000000181f4       0x10 /home/rtslab/ESL/software_package_linux/software_package/gcc-arm-none-eabi/bin/../lib/gcc/arm-none-eabi/8.2.1/../../../../arm-none-eabi/lib/thumb/v6-m/nofp/libc_nano.a(lib_a-memset.o)
                0x00000000000181f4                memset
 .text._exit    0x0000000000018204        0x4 /home/rtslab/ESL/software_package_linux/software_package/gcc-arm-none-eabi/bin/../lib/gcc/arm-none-eabi/8.2.1/../../../../arm-none-eabi/lib/thumb/v6-m/nofp/libnosys.a(_exit.o)
                0x0000000000018204                _exit
 .text.SystemInit
                0x0000000000018208       0x8c _build/system_nrf51.o
                0x0000000000018208                SystemInit
 .text.nrf_delay_ms
                0x0000000000018294       0x3c _build/nrf_delay.o
                0x0000000000018294                nrf_delay_ms
 .text.process_key
                0x00000000000182d0      0x110 _build/in4073.o
                0x00000000000182d0                process_key
 .text.startup.main
                0x00000000000183e0      0x1a8 _build/in4073.o
                0x00000000000183e0                main
 .text.run_filters_and_control
                0x0000000000018588       0x20 _build/control.o
                0x0000000000018588                run_filters_and_control
 .text.gpio_init
                0x00000000000185a8       0x8c _build/gpio.o
                0x00000000000185a8                gpio_init
 .text.quadrupel_timer_handler
                0x0000000000018634        0xc _build/timers.o
                0x0000000000018634                quadrupel_timer_handler
 .text.TIMER2_IRQHandler
                0x0000000000018640       0x98 _build/timers.o
                0x0000000000018640                TIMER2_IRQHandler
 .text.TIMER1_IRQHandler
                0x00000000000186d8       0x8c _build/timers.o
                0x00000000000186d8                TIMER1_IRQHandler
 .text.get_time_us
                0x0000000000018764       0x20 _build/timers.o
                0x0000000000018764                get_time_us
 .text.check_timer_flag
                0x0000000000018784        0xc _build/timers.o
                0x0000000000018784                check_timer_flag
 .text.clear_timer_flag
                0x0000000000018790        0xc _build/timers.o
                0x0000000000018790                clear_timer_flag
 .text.timers_init
                0x000000000001879c      0x1d0 _build/timers.o
                0x000000000001879c                timers_init
 .text._write   0x000000000001896c       0x7c _build/uart.o
                0x000000000001896c                _write
 .text.UART0_IRQHandler
                0x00000000000189e8       0x84 _build/uart.o
                0x00000000000189e8                UART0_IRQHandler
 .text.uart_init
                0x0000000000018a6c       0xa0 _build/uart.o
                0x0000000000018a6c                uart_init
 .text.init_queue
                0x0000000000018b0c       0x14 _build/queue.o
                0x0000000000018b0c                init_queue
 .text.enqueue  0x0000000000018b20       0x20 _build/queue.o
                0x0000000000018b20                enqueue
 .text.dequeue  0x0000000000018b40       0x20 _build/queue.o
                0x0000000000018b40                dequeue
 .text.i2c_read
                0x0000000000018b60       0xb4 _build/twi.o
                0x0000000000018b60                i2c_read
 .text.i2c_write
                0x0000000000018c14       0x64 _build/twi.o
                0x0000000000018c14                i2c_write
 .text.SPI0_TWI0_IRQHandler
                0x0000000000018c78       0x74 _build/twi.o
                0x0000000000018c78                SPI0_TWI0_IRQHandler
 .text.twi_init
                0x0000000000018cec       0x84 _build/twi.o
                0x0000000000018cec                twi_init
 .text.adc_request_sample
                0x0000000000018d70       0x18 _build/adc.o
                0x0000000000018d70                adc_request_sample
 .text.ADC_IRQHandler
                0x0000000000018d88       0x24 _build/adc.o
                0x0000000000018d88                ADC_IRQHandler
 .text.adc_init
                0x0000000000018dac       0x3c _build/adc.o
                0x0000000000018dac                adc_init
 .text.read_baro
                0x0000000000018de8      0x1b4 _build/baro.o
                0x0000000000018de8                read_baro
 .text.baro_init
                0x0000000000018f9c       0x34 _build/baro.o
                0x0000000000018f9c                baro_init
 .text.sd_ble_gap_disconnect
                0x0000000000018fd0        0x4 _build/ble.o
 .text.sd_ble_gap_ppcp_set
                0x0000000000018fd4        0x4 _build/ble.o
 .text.sd_ble_gap_device_name_set
                0x0000000000018fd8        0x4 _build/ble.o
 .text.sd_ble_gap_sec_params_reply
                0x0000000000018fdc        0x4 _build/ble.o
 .text.sd_ble_gatts_sys_attr_set
                0x0000000000018fe0        0x4 _build/ble.o
 .text.sd_ble_enable
                0x0000000000018fe4        0x4 _build/ble.o
 .text.sd_nvic_EnableIRQ
                0x0000000000018fe8        0x4 _build/ble.o
 .text.sd_nvic_ClearPendingIRQ
                0x0000000000018fec        0x4 _build/ble.o
 .text.sd_nvic_SetPriority
                0x0000000000018ff0        0x4 _build/ble.o
 .text.sd_radio_notification_cfg_set
                0x0000000000018ff4        0x4 _build/ble.o
 .text.conn_params_error_handler
                0x0000000000018ff8       0x1c _build/ble.o
 .text.nus_data_handler
                0x0000000000019014       0x20 _build/ble.o
 .text.ble_evt_dispatch
                0x0000000000019034       0x94 _build/ble.o
 .text.on_conn_params_evt
                0x00000000000190c8       0x38 _build/ble.o
 .text.SWI1_IRQHandler
                0x0000000000019100       0x10 _build/ble.o
                0x0000000000019100                SWI1_IRQHandler
 .text.ble_init
                0x0000000000019110      0x200 _build/ble.o
                0x0000000000019110                ble_init
 .text.spi_flash_init
                0x0000000000019310      0x220 _build/spi_flash.o
                0x0000000000019310                spi_flash_init
 .text.set_int_enable
                0x0000000000019530       0x84 _build/inv_mpu.o
 .text.mpu_reset_fifo
                0x00000000000195b4      0x158 _build/inv_mpu.o
                0x00000000000195b4                mpu_reset_fifo
 .text.mpu_get_accel_fsr
                0x000000000001970c       0x64 _build/inv_mpu.o
                0x000000000001970c                mpu_get_accel_fsr
 .text.mpu_set_lpf
                0x0000000000019770       0x88 _build/inv_mpu.o
                0x0000000000019770                mpu_set_lpf
 .text.mpu_configure_fifo
                0x00000000000197f8       0xb8 _build/inv_mpu.o
                0x00000000000197f8                mpu_configure_fifo
 .text.mpu_lp_accel_mode
                0x00000000000198b0      0x18c _build/inv_mpu.o
                0x00000000000198b0                mpu_lp_accel_mode
 .text.mpu_set_sample_rate
                0x0000000000019a3c       0xf0 _build/inv_mpu.o
                0x0000000000019a3c                mpu_set_sample_rate
 .text.mpu_set_sensors
                0x0000000000019b2c      0x138 _build/inv_mpu.o
                0x0000000000019b2c                mpu_set_sensors
 .text.mpu_init
                0x0000000000019c64      0x1e0 _build/inv_mpu.o
                0x0000000000019c64                mpu_init
 .text.mpu_read_fifo_stream
                0x0000000000019e44       0xb0 _build/inv_mpu.o
                0x0000000000019e44                mpu_read_fifo_stream
 .text.mpu_set_bypass
                0x0000000000019ef4       0xe8 _build/inv_mpu.o
                0x0000000000019ef4                mpu_set_bypass
 .text.mpu_set_int_level
                0x0000000000019fdc       0x10 _build/inv_mpu.o
                0x0000000000019fdc                mpu_set_int_level
 .text.mpu_set_int_latched
                0x0000000000019fec       0x68 _build/inv_mpu.o
                0x0000000000019fec                mpu_set_int_latched
 .text.mpu_write_mem
                0x000000000001a054       0x54 _build/inv_mpu.o
                0x000000000001a054                mpu_write_mem
 .text.mpu_load_firmware
                0x000000000001a0a8       0xf4 _build/inv_mpu.o
                0x000000000001a0a8                mpu_load_firmware
 .text.mpu_set_dmp_state
                0x000000000001a19c       0x88 _build/inv_mpu.o
                0x000000000001a19c                mpu_set_dmp_state
 .text.dmp_load_motion_driver_firmware
                0x000000000001a224       0x1c _build/inv_mpu_dmp_motion_driver.o
                0x000000000001a224                dmp_load_motion_driver_firmware
 .text.dmp_set_orientation
                0x000000000001a240      0x128 _build/inv_mpu_dmp_motion_driver.o
                0x000000000001a240                dmp_set_orientation
 .text.dmp_set_fifo_rate
                0x000000000001a368       0x60 _build/inv_mpu_dmp_motion_driver.o
                0x000000000001a368                dmp_set_fifo_rate
 .text.dmp_set_tap_thresh
                0x000000000001a3c8      0x170 _build/inv_mpu_dmp_motion_driver.o
                0x000000000001a3c8                dmp_set_tap_thresh
 .text.dmp_enable_feature
                0x000000000001a538      0x290 _build/inv_mpu_dmp_motion_driver.o
                0x000000000001a538                dmp_enable_feature
 .text.dmp_read_fifo
                0x000000000001a7c8      0x220 _build/inv_mpu_dmp_motion_driver.o
                0x000000000001a7c8                dmp_read_fifo
 .text.inv_orientation_matrix_to_scalar
                0x000000000001a9e8      0x138 _build/ml.o
                0x000000000001a9e8                inv_orientation_matrix_to_scalar
 .text.update_euler_from_quaternions
                0x000000000001ab20      0x198 _build/mpu_wrapper.o
                0x000000000001ab20                update_euler_from_quaternions
 .text.get_dmp_data
                0x000000000001acb8       0x94 _build/mpu_wrapper.o
                0x000000000001acb8                get_dmp_data
 .text.check_sensor_int_flag
                0x000000000001ad4c       0x24 _build/mpu_wrapper.o
                0x000000000001ad4c                check_sensor_int_flag
 .text.imu_init
                0x000000000001ad70      0x10c _build/mpu_wrapper.o
                0x000000000001ad70                imu_init
 .text.app_error_handler
                0x000000000001ae7c       0x40 _build/app_error.o
                0x000000000001ae7c                app_error_handler
 .text.rtc1_stop
                0x000000000001aebc       0x78 _build/app_timer.o
 .text.RTC1_IRQHandler
                0x000000000001af34       0xe0 _build/app_timer.o
                0x000000000001af34                RTC1_IRQHandler
 .text.SWI0_IRQHandler
                0x000000000001b014      0x4b8 _build/app_timer.o
                0x000000000001b014                SWI0_IRQHandler
 .text.app_timer_init
                0x000000000001b4cc       0xe4 _build/app_timer.o
                0x000000000001b4cc                app_timer_init
 .text.app_timer_create
                0x000000000001b5b0       0x2c _build/app_timer.o
                0x000000000001b5b0                app_timer_create
 .text.app_timer_start
                0x000000000001b5dc       0xf8 _build/app_timer.o
                0x000000000001b5dc                app_timer_start
 .text.app_timer_stop
                0x000000000001b6d4       0xc8 _build/app_timer.o
                0x000000000001b6d4                app_timer_stop
 .text.pstorage_access_status_get
                0x000000000001b79c       0x28 _build/pstorage.o
                0x000000000001b79c                pstorage_access_status_get
 .text.sd_ble_gap_address_get
                0x000000000001b7c4        0x4 _build/ble_advdata.o
 .text.sd_ble_gap_adv_data_set
                0x000000000001b7c8        0x4 _build/ble_advdata.o
 .text.sd_ble_gap_appearance_get
                0x000000000001b7cc        0x4 _build/ble_advdata.o
 .text.sd_ble_gap_device_name_get
                0x000000000001b7d0        0x4 _build/ble_advdata.o
 .text.sd_ble_uuid_encode
                0x000000000001b7d4        0x4 _build/ble_advdata.o
 .text.uuid_list_sized_encode.isra.0
                0x000000000001b7d8       0xf0 _build/ble_advdata.o
 .text.adv_data_encode
                0x000000000001b8c8      0x5cc _build/ble_advdata.o
                0x000000000001b8c8                adv_data_encode
 .text.ble_advdata_set
                0x000000000001be94       0x6c _build/ble_advdata.o
                0x000000000001be94                ble_advdata_set
 .text.sd_ble_gap_adv_start
                0x000000000001bf00        0x4 _build/ble_advertising.o
 .text.ble_advertising_start.part.1
                0x000000000001bf04      0x298 _build/ble_advertising.o
 .text.ble_advertising_init
                0x000000000001c19c      0x148 _build/ble_advertising.o
                0x000000000001c19c                ble_advertising_init
 .text.ble_advertising_start
                0x000000000001c2e4       0x3c _build/ble_advertising.o
                0x000000000001c2e4                ble_advertising_start
 .text.ble_advertising_on_ble_evt
                0x000000000001c320      0x100 _build/ble_advertising.o
                0x000000000001c320                ble_advertising_on_ble_evt
 .text.sd_ble_gap_conn_param_update
                0x000000000001c420        0x4 _build/ble_conn_params.o
 .text.sd_ble_gap_disconnect
                0x000000000001c424        0x4 _build/ble_conn_params.o
 .text.sd_ble_gap_ppcp_set
                0x000000000001c428        0x4 _build/ble_conn_params.o
 .text.sd_ble_gap_ppcp_get
                0x000000000001c42c        0x4 _build/ble_conn_params.o
 .text.update_timeout_handler
                0x000000000001c430       0x78 _build/ble_conn_params.o
 .text.conn_params_negotiation
                0x000000000001c4a8       0x88 _build/ble_conn_params.o
 .text.ble_conn_params_init
                0x000000000001c530       0x78 _build/ble_conn_params.o
                0x000000000001c530                ble_conn_params_init
 .text.ble_conn_params_on_ble_evt
                0x000000000001c5a8       0xb4 _build/ble_conn_params.o
                0x000000000001c5a8                ble_conn_params_on_ble_evt
 .text.sd_ble_gatts_service_add
                0x000000000001c65c        0x4 _build/ble_nus.o
 .text.sd_ble_gatts_characteristic_add
                0x000000000001c660        0x4 _build/ble_nus.o
 .text.sd_ble_uuid_vs_add
                0x000000000001c664        0x4 _build/ble_nus.o
 .text.ble_nus_on_ble_evt
                0x000000000001c668       0x60 _build/ble_nus.o
                0x000000000001c668                ble_nus_on_ble_evt
 .text.ble_nus_init
                0x000000000001c6c8      0x180 _build/ble_nus.o
                0x000000000001c6c8                ble_nus_init
 .text.sd_nvic_EnableIRQ
                0x000000000001c848        0x4 _build/softdevice_handler.o
 .text.sd_evt_get
                0x000000000001c84c        0x4 _build/softdevice_handler.o
 .text.sd_softdevice_enable
                0x000000000001c850        0x4 _build/softdevice_handler.o
 .text.sd_ble_evt_get
                0x000000000001c854        0x4 _build/softdevice_handler.o
 .text.softdevice_assertion_handler
                0x000000000001c858        0xc _build/softdevice_handler.o
                0x000000000001c858                softdevice_assertion_handler
 .text.intern_softdevice_events_execute.part.0
                0x000000000001c864      0x108 _build/softdevice_handler.o
 .text.softdevice_handler_init
                0x000000000001c96c       0x48 _build/softdevice_handler.o
                0x000000000001c96c                softdevice_handler_init
 .text.softdevice_ble_evt_handler_set
                0x000000000001c9b4       0x14 _build/softdevice_handler.o
                0x000000000001c9b4                softdevice_ble_evt_handler_set
 .text.SWI2_IRQHandler
                0x000000000001c9c8       0x34 _build/softdevice_handler.o
                0x000000000001c9c8                SWI2_IRQHandler
 .text          0x000000000001c9fc       0x54 _build/gcc_startup_nrf51.o
                0x000000000001c9fc                Reset_Handler
                0x000000000001ca44                NMI_Handler
                0x000000000001ca46                HardFault_Handler
                0x000000000001ca48                SVC_Handler
                0x000000000001ca4a                PendSV_Handler
                0x000000000001ca4c                SysTick_Handler
                0x000000000001ca4e                RTC0_IRQHandler
                0x000000000001ca4e                GPIOTE_IRQHandler
                0x000000000001ca4e                POWER_CLOCK_IRQHandler
                0x000000000001ca4e                RADIO_IRQHandler
                0x000000000001ca4e                LPCOMP_IRQHandler
                0x000000000001ca4e                SWI4_IRQHandler
                0x000000000001ca4e                TEMP_IRQHandler
                0x000000000001ca4e                QDEC_IRQHandler
                0x000000000001ca4e                SWI5_IRQHandler
                0x000000000001ca4e                TIMER0_IRQHandler
                0x000000000001ca4e                ECB_IRQHandler
                0x000000000001ca4e                Default_Handler
                0x000000000001ca4e                SWI3_IRQHandler
                0x000000000001ca4e                CCM_AAR_IRQHandler
                0x000000000001ca4e                WDT_IRQHandler
                0x000000000001ca4e                RNG_IRQHandler
                0x000000000001ca4e                SPI1_TWI1_IRQHandler
 .text.fabs     0x000000000001ca50        0x8 /home/rtslab/ESL/software_package_linux/software_package/gcc-arm-none-eabi/bin/../lib/gcc/arm-none-eabi/8.2.1/../../../../arm-none-eabi/lib/thumb/v6-m/nofp/libm.a(lib_a-s_fabs.o)
                0x000000000001ca50                fabs
 .text.asin     0x000000000001ca58       0xbc /home/rtslab/ESL/software_package_linux/software_package/gcc-arm-none-eabi/bin/../lib/gcc/arm-none-eabi/8.2.1/../../../../arm-none-eabi/lib/thumb/v6-m/nofp/libm.a(lib_a-w_asin.o)
                0x000000000001ca58                asin
 .text.atan2    0x000000000001cb14        0x8 /home/rtslab/ESL/software_package_linux/software_package/gcc-arm-none-eabi/bin/../lib/gcc/arm-none-eabi/8.2.1/../../../../arm-none-eabi/lib/thumb/v6-m/nofp/libm.a(lib_a-w_atan2.o)
                0x000000000001cb14                atan2
 .text.__ieee754_asin
                0x000000000001cb1c      0x3d0 /home/rtslab/ESL/software_package_linux/software_package/gcc-arm-none-eabi/bin/../lib/gcc/arm-none-eabi/8.2.1/../../../../arm-none-eabi/lib/thumb/v6-m/nofp/libm.a(lib_a-e_asin.o)
                0x000000000001cb1c                __ieee754_asin
 .text.__ieee754_atan2
                0x000000000001ceec      0x17c /home/rtslab/ESL/software_package_linux/software_package/gcc-arm-none-eabi/bin/../lib/gcc/arm-none-eabi/8.2.1/../../../../arm-none-eabi/lib/thumb/v6-m/nofp/libm.a(lib_a-e_atan2.o)
                0x000000000001ceec                __ieee754_atan2
 .text.__ieee754_sqrt
                0x000000000001d068      0x1bc /home/rtslab/ESL/software_package_linux/software_package/gcc-arm-none-eabi/bin/../lib/gcc/arm-none-eabi/8.2.1/../../../../arm-none-eabi/lib/thumb/v6-m/nofp/libm.a(lib_a-e_sqrt.o)
                0x000000000001d068                __ieee754_sqrt
 .text.atan     0x000000000001d224      0x324 /home/rtslab/ESL/software_package_linux/software_package/gcc-arm-none-eabi/bin/../lib/gcc/arm-none-eabi/8.2.1/../../../../arm-none-eabi/lib/thumb/v6-m/nofp/libm.a(lib_a-s_atan.o)
                0x000000000001d224                atan
 .text.matherr  0x000000000001d548        0x4 /home/rtslab/ESL/software_package_linux/software_package/gcc-arm-none-eabi/bin/../lib/gcc/arm-none-eabi/8.2.1/../../../../arm-none-eabi/lib/thumb/v6-m/nofp/libm.a(lib_a-s_matherr.o)
                0x000000000001d548                matherr
 .text.nan      0x000000000001d54c        0xc /home/rtslab/ESL/software_package_linux/software_package/gcc-arm-none-eabi/bin/../lib/gcc/arm-none-eabi/8.2.1/../../../../arm-none-eabi/lib/thumb/v6-m/nofp/libm.a(lib_a-s_nan.o)
                0x000000000001d54c                nan
 .text          0x000000000001d558      0x114 /home/rtslab/ESL/software_package_linux/software_package/gcc-arm-none-eabi/bin/../lib/gcc/arm-none-eabi/8.2.1/thumb/v6-m/nofp/libgcc.a(_udivsi3.o)
                0x000000000001d558                __udivsi3
                0x000000000001d558                __aeabi_uidiv
                0x000000000001d664                __aeabi_uidivmod
 .text          0x000000000001d66c      0x1d4 /home/rtslab/ESL/software_package_linux/software_package/gcc-arm-none-eabi/bin/../lib/gcc/arm-none-eabi/8.2.1/thumb/v6-m/nofp/libgcc.a(_divsi3.o)
                0x000000000001d66c                __aeabi_idiv
                0x000000000001d66c                __divsi3
                0x000000000001d838                __aeabi_idivmod
 .text          0x000000000001d840        0x4 /home/rtslab/ESL/software_package_linux/software_package/gcc-arm-none-eabi/bin/../lib/gcc/arm-none-eabi/8.2.1/thumb/v6-m/nofp/libgcc.a(_dvmd_tls.o)
                0x000000000001d840                __aeabi_ldiv0
                0x000000000001d840                __aeabi_idiv0
 .text          0x000000000001d844       0x7c /home/rtslab/ESL/software_package_linux/software_package/gcc-arm-none-eabi/bin/../lib/gcc/arm-none-eabi/8.2.1/thumb/v6-m/nofp/libgcc.a(_arm_cmpdf2.o)
                0x000000000001d844                __aeabi_cdrcmple
                0x000000000001d854                __aeabi_cdcmple
                0x000000000001d854                __aeabi_cdcmpeq
                0x000000000001d864                __aeabi_dcmpeq
                0x000000000001d870                __aeabi_dcmplt
                0x000000000001d884                __aeabi_dcmple
                0x000000000001d898                __aeabi_dcmpgt
                0x000000000001d8ac                __aeabi_dcmpge
 .text          0x000000000001d8c0       0x74 /home/rtslab/ESL/software_package_linux/software_package/gcc-arm-none-eabi/bin/../lib/gcc/arm-none-eabi/8.2.1/thumb/v6-m/nofp/libgcc.a(_arm_cmpsf2.o)
                0x000000000001d8c0                __aeabi_cfrcmple
                0x000000000001d8c8                __aeabi_cfcmple
                0x000000000001d8c8                __aeabi_cfcmpeq
                0x000000000001d8d8                __aeabi_fcmpeq
                0x000000000001d8e4                __aeabi_fcmplt
                0x000000000001d8f8                __aeabi_fcmple
                0x000000000001d90c                __aeabi_fcmpgt
                0x000000000001d920                __aeabi_fcmpge
 .text          0x000000000001d934       0x54 /home/rtslab/ESL/software_package_linux/software_package/gcc-arm-none-eabi/bin/../lib/gcc/arm-none-eabi/8.2.1/thumb/v6-m/nofp/libgcc.a(_muldi3.o)
                0x000000000001d934                __aeabi_lmul
                0x000000000001d934                __muldi3
 .text          0x000000000001d988       0x30 /home/rtslab/ESL/software_package_linux/software_package/gcc-arm-none-eabi/bin/../lib/gcc/arm-none-eabi/8.2.1/thumb/v6-m/nofp/libgcc.a(_fixunssfsi.o)
                0x000000000001d988                __aeabi_f2uiz
                0x000000000001d988                __fixunssfsi
 .text          0x000000000001d9b8      0x2f8 /home/rtslab/ESL/software_package_linux/software_package/gcc-arm-none-eabi/bin/../lib/gcc/arm-none-eabi/8.2.1/thumb/v6-m/nofp/libgcc.a(addsf3.o)
                0x000000000001d9b8                __aeabi_fadd
 .text          0x000000000001dcb0      0x230 /home/rtslab/ESL/software_package_linux/software_package/gcc-arm-none-eabi/bin/../lib/gcc/arm-none-eabi/8.2.1/thumb/v6-m/nofp/libgcc.a(divsf3.o)
                0x000000000001dcb0                __aeabi_fdiv
 .text          0x000000000001dee0       0x50 /home/rtslab/ESL/software_package_linux/software_package/gcc-arm-none-eabi/bin/../lib/gcc/arm-none-eabi/8.2.1/thumb/v6-m/nofp/libgcc.a(eqsf2.o)
                0x000000000001dee0                __nesf2
                0x000000000001dee0                __eqsf2
 .text          0x000000000001df30       0x9c /home/rtslab/ESL/software_package_linux/software_package/gcc-arm-none-eabi/bin/../lib/gcc/arm-none-eabi/8.2.1/thumb/v6-m/nofp/libgcc.a(gesf2.o)
                0x000000000001df30                __gtsf2
                0x000000000001df30                __gesf2
 .text          0x000000000001dfcc       0x9c /home/rtslab/ESL/software_package_linux/software_package/gcc-arm-none-eabi/bin/../lib/gcc/arm-none-eabi/8.2.1/thumb/v6-m/nofp/libgcc.a(lesf2.o)
                0x000000000001dfcc                __lesf2
                0x000000000001dfcc                __ltsf2
 .text          0x000000000001e068      0x22c /home/rtslab/ESL/software_package_linux/software_package/gcc-arm-none-eabi/bin/../lib/gcc/arm-none-eabi/8.2.1/thumb/v6-m/nofp/libgcc.a(mulsf3.o)
                0x000000000001e068                __aeabi_fmul
 .text          0x000000000001e294      0x34c /home/rtslab/ESL/software_package_linux/software_package/gcc-arm-none-eabi/bin/../lib/gcc/arm-none-eabi/8.2.1/thumb/v6-m/nofp/libgcc.a(subsf3.o)
                0x000000000001e294                __aeabi_fsub
 .text          0x000000000001e5e0       0x40 /home/rtslab/ESL/software_package_linux/software_package/gcc-arm-none-eabi/bin/../lib/gcc/arm-none-eabi/8.2.1/thumb/v6-m/nofp/libgcc.a(fixsfsi.o)
                0x000000000001e5e0                __aeabi_f2iz
 .text          0x000000000001e620       0x94 /home/rtslab/ESL/software_package_linux/software_package/gcc-arm-none-eabi/bin/../lib/gcc/arm-none-eabi/8.2.1/thumb/v6-m/nofp/libgcc.a(floatsisf.o)
                0x000000000001e620                __aeabi_i2f
 .text          0x000000000001e6b4       0x80 /home/rtslab/ESL/software_package_linux/software_package/gcc-arm-none-eabi/bin/../lib/gcc/arm-none-eabi/8.2.1/thumb/v6-m/nofp/libgcc.a(floatunsisf.o)
                0x000000000001e6b4                __aeabi_ui2f
 .text          0x000000000001e734      0x6ec /home/rtslab/ESL/software_package_linux/software_package/gcc-arm-none-eabi/bin/../lib/gcc/arm-none-eabi/8.2.1/thumb/v6-m/nofp/libgcc.a(adddf3.o)
                0x000000000001e734                __aeabi_dadd
 .text          0x000000000001ee20      0x5ec /home/rtslab/ESL/software_package_linux/software_package/gcc-arm-none-eabi/bin/../lib/gcc/arm-none-eabi/8.2.1/thumb/v6-m/nofp/libgcc.a(divdf3.o)
                0x000000000001ee20                __aeabi_ddiv
 .text          0x000000000001f40c       0x80 /home/rtslab/ESL/software_package_linux/software_package/gcc-arm-none-eabi/bin/../lib/gcc/arm-none-eabi/8.2.1/thumb/v6-m/nofp/libgcc.a(eqdf2.o)
                0x000000000001f40c                __eqdf2
                0x000000000001f40c                __nedf2
 .text          0x000000000001f48c       0xc8 /home/rtslab/ESL/software_package_linux/software_package/gcc-arm-none-eabi/bin/../lib/gcc/arm-none-eabi/8.2.1/thumb/v6-m/nofp/libgcc.a(gedf2.o)
                0x000000000001f48c                __gtdf2
                0x000000000001f48c                __gedf2
 .text          0x000000000001f554       0xc8 /home/rtslab/ESL/software_package_linux/software_package/gcc-arm-none-eabi/bin/../lib/gcc/arm-none-eabi/8.2.1/thumb/v6-m/nofp/libgcc.a(ledf2.o)
                0x000000000001f554                __ltdf2
                0x000000000001f554                __ledf2
 .text          0x000000000001f61c      0x510 /home/rtslab/ESL/software_package_linux/software_package/gcc-arm-none-eabi/bin/../lib/gcc/arm-none-eabi/8.2.1/thumb/v6-m/nofp/libgcc.a(muldf3.o)
                0x000000000001f61c                __aeabi_dmul
 .text          0x000000000001fb2c      0x730 /home/rtslab/ESL/software_package_linux/software_package/gcc-arm-none-eabi/bin/../lib/gcc/arm-none-eabi/8.2.1/thumb/v6-m/nofp/libgcc.a(subdf3.o)
                0x000000000001fb2c                __aeabi_dsub
 .text          0x000000000002025c       0x38 /home/rtslab/ESL/software_package_linux/software_package/gcc-arm-none-eabi/bin/../lib/gcc/arm-none-eabi/8.2.1/thumb/v6-m/nofp/libgcc.a(unorddf2.o)
                0x000000000002025c                __aeabi_dcmpun
 .text          0x0000000000020294       0x6c /home/rtslab/ESL/software_package_linux/software_package/gcc-arm-none-eabi/bin/../lib/gcc/arm-none-eabi/8.2.1/thumb/v6-m/nofp/libgcc.a(fixdfsi.o)
                0x0000000000020294                __aeabi_d2iz
 .text          0x0000000000020300       0xa4 /home/rtslab/ESL/software_package_linux/software_package/gcc-arm-none-eabi/bin/../lib/gcc/arm-none-eabi/8.2.1/thumb/v6-m/nofp/libgcc.a(extendsfdf2.o)
                0x0000000000020300                __aeabi_f2d
 .text          0x00000000000203a4       0x3c /home/rtslab/ESL/software_package_linux/software_package/gcc-arm-none-eabi/bin/../lib/gcc/arm-none-eabi/8.2.1/thumb/v6-m/nofp/libgcc.a(_clzsi2.o)
                0x00000000000203a4                __clzsi2
 .text.__errno  0x00000000000203e0        0xc /home/rtslab/ESL/software_package_linux/software_package/gcc-arm-none-eabi/bin/../lib/gcc/arm-none-eabi/8.2.1/../../../../arm-none-eabi/lib/thumb/v6-m/nofp/libc_nano.a(lib_a-errno.o)
                0x00000000000203e0                __errno
 .text.memcmp   0x00000000000203ec       0x1c /home/rtslab/ESL/software_package_linux/software_package/gcc-arm-none-eabi/bin/../lib/gcc/arm-none-eabi/8.2.1/../../../../arm-none-eabi/lib/thumb/v6-m/nofp/libc_nano.a(lib_a-memcmp.o)
                0x00000000000203ec                memcmp
 .text.memcpy   0x0000000000020408       0x12 /home/rtslab/ESL/software_package_linux/software_package/gcc-arm-none-eabi/bin/../lib/gcc/arm-none-eabi/8.2.1/../../../../arm-none-eabi/lib/thumb/v6-m/nofp/libc_nano.a(lib_a-memcpy-stub.o)
                0x0000000000020408                memcpy
 *fill*         0x000000000002041a        0x2 
 .text.printf   0x000000000002041c       0x34 /home/rtslab/ESL/software_package_linux/software_package/gcc-arm-none-eabi/bin/../lib/gcc/arm-none-eabi/8.2.1/../../../../arm-none-eabi/lib/thumb/v6-m/nofp/libc_nano.a(lib_a-printf.o)
                0x000000000002041c                printf
                0x000000000002041c                iprintf
 .text.sprintf  0x0000000000020450       0x40 /home/rtslab/ESL/software_package_linux/software_package/gcc-arm-none-eabi/bin/../lib/gcc/arm-none-eabi/8.2.1/../../../../arm-none-eabi/lib/thumb/v6-m/nofp/libc_nano.a(lib_a-sprintf.o)
                0x0000000000020450                sprintf
                0x0000000000020450                siprintf
 .text          0x0000000000020490        0xe /home/rtslab/ESL/software_package_linux/software_package/gcc-arm-none-eabi/bin/../lib/gcc/arm-none-eabi/8.2.1/../../../../arm-none-eabi/lib/thumb/v6-m/nofp/libc_nano.a(lib_a-strlen.o)
                0x0000000000020490                strlen
 *fill*         0x000000000002049e        0x2 
 .text.std      0x00000000000204a0       0x48 /home/rtslab/ESL/software_package_linux/software_package/gcc-arm-none-eabi/bin/../lib/gcc/arm-none-eabi/8.2.1/../../../../arm-none-eabi/lib/thumb/v6-m/nofp/libc_nano.a(lib_a-findfp.o)
 .text._cleanup_r
                0x00000000000204e8       0x10 /home/rtslab/ESL/software_package_linux/software_package/gcc-arm-none-eabi/bin/../lib/gcc/arm-none-eabi/8.2.1/../../../../arm-none-eabi/lib/thumb/v6-m/nofp/libc_nano.a(lib_a-findfp.o)
                0x00000000000204e8                _cleanup_r
 .text.__sfmoreglue
                0x00000000000204f8       0x2c /home/rtslab/ESL/software_package_linux/software_package/gcc-arm-none-eabi/bin/../lib/gcc/arm-none-eabi/8.2.1/../../../../arm-none-eabi/lib/thumb/v6-m/nofp/libc_nano.a(lib_a-findfp.o)
                0x00000000000204f8                __sfmoreglue
 .text.__sfp_lock_acquire
                0x0000000000020524       0x10 /home/rtslab/ESL/software_package_linux/software_package/gcc-arm-none-eabi/bin/../lib/gcc/arm-none-eabi/8.2.1/../../../../arm-none-eabi/lib/thumb/v6-m/nofp/libc_nano.a(lib_a-findfp.o)
                0x0000000000020524                __sfp_lock_acquire
 .text.__sfp_lock_release
                0x0000000000020534       0x10 /home/rtslab/ESL/software_package_linux/software_package/gcc-arm-none-eabi/bin/../lib/gcc/arm-none-eabi/8.2.1/../../../../arm-none-eabi/lib/thumb/v6-m/nofp/libc_nano.a(lib_a-findfp.o)
                0x0000000000020534                __sfp_lock_release
 .text.__sinit_lock_acquire
                0x0000000000020544       0x10 /home/rtslab/ESL/software_package_linux/software_package/gcc-arm-none-eabi/bin/../lib/gcc/arm-none-eabi/8.2.1/../../../../arm-none-eabi/lib/thumb/v6-m/nofp/libc_nano.a(lib_a-findfp.o)
                0x0000000000020544                __sinit_lock_acquire
 .text.__sinit_lock_release
                0x0000000000020554       0x10 /home/rtslab/ESL/software_package_linux/software_package/gcc-arm-none-eabi/bin/../lib/gcc/arm-none-eabi/8.2.1/../../../../arm-none-eabi/lib/thumb/v6-m/nofp/libc_nano.a(lib_a-findfp.o)
                0x0000000000020554                __sinit_lock_release
 .text.__sinit  0x0000000000020564       0x70 /home/rtslab/ESL/software_package_linux/software_package/gcc-arm-none-eabi/bin/../lib/gcc/arm-none-eabi/8.2.1/../../../../arm-none-eabi/lib/thumb/v6-m/nofp/libc_nano.a(lib_a-findfp.o)
                0x0000000000020564                __sinit
 .text.__sfp    0x00000000000205d4       0x90 /home/rtslab/ESL/software_package_linux/software_package/gcc-arm-none-eabi/bin/../lib/gcc/arm-none-eabi/8.2.1/../../../../arm-none-eabi/lib/thumb/v6-m/nofp/libc_nano.a(lib_a-findfp.o)
                0x00000000000205d4                __sfp
 .text._fwalk_reent
                0x0000000000020664       0x42 /home/rtslab/ESL/software_package_linux/software_package/gcc-arm-none-eabi/bin/../lib/gcc/arm-none-eabi/8.2.1/../../../../arm-none-eabi/lib/thumb/v6-m/nofp/libc_nano.a(lib_a-fwalk.o)
                0x0000000000020664                _fwalk_reent
 .text.__retarget_lock_init_recursive
                0x00000000000206a6        0x2 /home/rtslab/ESL/software_package_linux/software_package/gcc-arm-none-eabi/bin/../lib/gcc/arm-none-eabi/8.2.1/../../../../arm-none-eabi/lib/thumb/v6-m/nofp/libc_nano.a(lib_a-lock.o)
                0x00000000000206a6                __retarget_lock_init_recursive
 .text.__retarget_lock_acquire_recursive
                0x00000000000206a8        0x2 /home/rtslab/ESL/software_package_linux/software_package/gcc-arm-none-eabi/bin/../lib/gcc/arm-none-eabi/8.2.1/../../../../arm-none-eabi/lib/thumb/v6-m/nofp/libc_nano.a(lib_a-lock.o)
                0x00000000000206a8                __retarget_lock_acquire_recursive
 .text.__retarget_lock_release_recursive
                0x00000000000206aa        0x2 /home/rtslab/ESL/software_package_linux/software_package/gcc-arm-none-eabi/bin/../lib/gcc/arm-none-eabi/8.2.1/../../../../arm-none-eabi/lib/thumb/v6-m/nofp/libc_nano.a(lib_a-lock.o)
                0x00000000000206aa                __retarget_lock_release_recursive
 .text._malloc_r
                0x00000000000206ac       0xbc /home/rtslab/ESL/software_package_linux/software_package/gcc-arm-none-eabi/bin/../lib/gcc/arm-none-eabi/8.2.1/../../../../arm-none-eabi/lib/thumb/v6-m/nofp/libc_nano.a(lib_a-nano-mallocr.o)
                0x00000000000206ac                _malloc_r
 .text.__ssputs_r
                0x0000000000020768       0xc4 /home/rtslab/ESL/software_package_linux/software_package/gcc-arm-none-eabi/bin/../lib/gcc/arm-none-eabi/8.2.1/../../../../arm-none-eabi/lib/thumb/v6-m/nofp/libc_nano.a(lib_a-nano-svfprintf.o)
                0x0000000000020768                __ssputs_r
 .text._svfprintf_r
                0x000000000002082c      0x1fc /home/rtslab/ESL/software_package_linux/software_package/gcc-arm-none-eabi/bin/../lib/gcc/arm-none-eabi/8.2.1/../../../../arm-none-eabi/lib/thumb/v6-m/nofp/libc_nano.a(lib_a-nano-svfprintf.o)
                0x000000000002082c                _svfprintf_r
                0x000000000002082c                _svfiprintf_r
 .text.__sfputc_r
                0x0000000000020a28       0x2a /home/rtslab/ESL/software_package_linux/software_package/gcc-arm-none-eabi/bin/../lib/gcc/arm-none-eabi/8.2.1/../../../../arm-none-eabi/lib/thumb/v6-m/nofp/libc_nano.a(lib_a-nano-vfprintf.o)
 .text.__sfputs_r
                0x0000000000020a52       0x24 /home/rtslab/ESL/software_package_linux/software_package/gcc-arm-none-eabi/bin/../lib/gcc/arm-none-eabi/8.2.1/../../../../arm-none-eabi/lib/thumb/v6-m/nofp/libc_nano.a(lib_a-nano-vfprintf.o)
                0x0000000000020a52                __sfputs_r
 *fill*         0x0000000000020a76        0x2 
 .text._vfprintf_r
                0x0000000000020a78      0x26c /home/rtslab/ESL/software_package_linux/software_package/gcc-arm-none-eabi/bin/../lib/gcc/arm-none-eabi/8.2.1/../../../../arm-none-eabi/lib/thumb/v6-m/nofp/libc_nano.a(lib_a-nano-vfprintf.o)
                0x0000000000020a78                _vfiprintf_r
                0x0000000000020a78                _vfprintf_r
 .text._printf_common
                0x0000000000020ce4       0xda /home/rtslab/ESL/software_package_linux/software_package/gcc-arm-none-eabi/bin/../lib/gcc/arm-none-eabi/8.2.1/../../../../arm-none-eabi/lib/thumb/v6-m/nofp/libc_nano.a(lib_a-nano-vfprintf_i.o)
                0x0000000000020ce4                _printf_common
 *fill*         0x0000000000020dbe        0x2 
 .text._printf_i
                0x0000000000020dc0      0x214 /home/rtslab/ESL/software_package_linux/software_package/gcc-arm-none-eabi/bin/../lib/gcc/arm-none-eabi/8.2.1/../../../../arm-none-eabi/lib/thumb/v6-m/nofp/libc_nano.a(lib_a-nano-vfprintf_i.o)
                0x0000000000020dc0                _printf_i
 .text._sbrk_r  0x0000000000020fd4       0x24 /home/rtslab/ESL/software_package_linux/software_package/gcc-arm-none-eabi/bin/../lib/gcc/arm-none-eabi/8.2.1/../../../../arm-none-eabi/lib/thumb/v6-m/nofp/libc_nano.a(lib_a-sbrkr.o)
                0x0000000000020fd4                _sbrk_r
 .text.__sread  0x0000000000020ff8       0x28 /home/rtslab/ESL/software_package_linux/software_package/gcc-arm-none-eabi/bin/../lib/gcc/arm-none-eabi/8.2.1/../../../../arm-none-eabi/lib/thumb/v6-m/nofp/libc_nano.a(lib_a-stdio.o)
                0x0000000000020ff8                __sread
 .text.__swrite
                0x0000000000021020       0x38 /home/rtslab/ESL/software_package_linux/software_package/gcc-arm-none-eabi/bin/../lib/gcc/arm-none-eabi/8.2.1/../../../../arm-none-eabi/lib/thumb/v6-m/nofp/libc_nano.a(lib_a-stdio.o)
                0x0000000000021020                __swrite
 .text.__sseek  0x0000000000021058       0x2c /home/rtslab/ESL/software_package_linux/software_package/gcc-arm-none-eabi/bin/../lib/gcc/arm-none-eabi/8.2.1/../../../../arm-none-eabi/lib/thumb/v6-m/nofp/libc_nano.a(lib_a-stdio.o)
                0x0000000000021058                __sseek
 .text.__sclose
                0x0000000000021084        0xc /home/rtslab/ESL/software_package_linux/software_package/gcc-arm-none-eabi/bin/../lib/gcc/arm-none-eabi/8.2.1/../../../../arm-none-eabi/lib/thumb/v6-m/nofp/libc_nano.a(lib_a-stdio.o)
                0x0000000000021084                __sclose
 .text.__swbuf_r
                0x0000000000021090       0xac /home/rtslab/ESL/software_package_linux/software_package/gcc-arm-none-eabi/bin/../lib/gcc/arm-none-eabi/8.2.1/../../../../arm-none-eabi/lib/thumb/v6-m/nofp/libc_nano.a(lib_a-wbuf.o)
                0x0000000000021090                __swbuf_r
 .text._write_r
                0x000000000002113c       0x28 /home/rtslab/ESL/software_package_linux/software_package/gcc-arm-none-eabi/bin/../lib/gcc/arm-none-eabi/8.2.1/../../../../arm-none-eabi/lib/thumb/v6-m/nofp/libc_nano.a(lib_a-writer.o)
                0x000000000002113c                _write_r
 .text.__swsetup_r
                0x0000000000021164       0xec /home/rtslab/ESL/software_package_linux/software_package/gcc-arm-none-eabi/bin/../lib/gcc/arm-none-eabi/8.2.1/../../../../arm-none-eabi/lib/thumb/v6-m/nofp/libc_nano.a(lib_a-wsetup.o)
                0x0000000000021164                __swsetup_r
 .text._close_r
                0x0000000000021250       0x24 /home/rtslab/ESL/software_package_linux/software_package/gcc-arm-none-eabi/bin/../lib/gcc/arm-none-eabi/8.2.1/../../../../arm-none-eabi/lib/thumb/v6-m/nofp/libc_nano.a(lib_a-closer.o)
                0x0000000000021250                _close_r
 .text.__sflush_r
                0x0000000000021274      0x114 /home/rtslab/ESL/software_package_linux/software_package/gcc-arm-none-eabi/bin/../lib/gcc/arm-none-eabi/8.2.1/../../../../arm-none-eabi/lib/thumb/v6-m/nofp/libc_nano.a(lib_a-fflush.o)
                0x0000000000021274                __sflush_r
 .text._fflush_r
                0x0000000000021388       0x80 /home/rtslab/ESL/software_package_linux/software_package/gcc-arm-none-eabi/bin/../lib/gcc/arm-none-eabi/8.2.1/../../../../arm-none-eabi/lib/thumb/v6-m/nofp/libc_nano.a(lib_a-fflush.o)
                0x0000000000021388                _fflush_r
 .text._lseek_r
                0x0000000000021408       0x28 /home/rtslab/ESL/software_package_linux/software_package/gcc-arm-none-eabi/bin/../lib/gcc/arm-none-eabi/8.2.1/../../../../arm-none-eabi/lib/thumb/v6-m/nofp/libc_nano.a(lib_a-lseekr.o)
                0x0000000000021408                _lseek_r
 .text.__swhatbuf_r
                0x0000000000021430       0x50 /home/rtslab/ESL/software_package_linux/software_package/gcc-arm-none-eabi/bin/../lib/gcc/arm-none-eabi/8.2.1/../../../../arm-none-eabi/lib/thumb/v6-m/nofp/libc_nano.a(lib_a-makebuf.o)
                0x0000000000021430                __swhatbuf_r
 .text.__smakebuf_r
                0x0000000000021480       0x88 /home/rtslab/ESL/software_package_linux/software_package/gcc-arm-none-eabi/bin/../lib/gcc/arm-none-eabi/8.2.1/../../../../arm-none-eabi/lib/thumb/v6-m/nofp/libc_nano.a(lib_a-makebuf.o)
                0x0000000000021480                __smakebuf_r
 .text.memchr   0x0000000000021508       0x16 /home/rtslab/ESL/software_package_linux/software_package/gcc-arm-none-eabi/bin/../lib/gcc/arm-none-eabi/8.2.1/../../../../arm-none-eabi/lib/thumb/v6-m/nofp/libc_nano.a(lib_a-memchr-stub.o)
                0x0000000000021508                memchr
 .text.memmove  0x000000000002151e       0x26 /home/rtslab/ESL/software_package_linux/software_package/gcc-arm-none-eabi/bin/../lib/gcc/arm-none-eabi/8.2.1/../../../../arm-none-eabi/lib/thumb/v6-m/nofp/libc_nano.a(lib_a-memmove.o)
                0x000000000002151e                memmove
 .text.__malloc_lock
                0x0000000000021544       0x10 /home/rtslab/ESL/software_package_linux/software_package/gcc-arm-none-eabi/bin/../lib/gcc/arm-none-eabi/8.2.1/../../../../arm-none-eabi/lib/thumb/v6-m/nofp/libc_nano.a(lib_a-mlock.o)
                0x0000000000021544                __malloc_lock
 .text.__malloc_unlock
                0x0000000000021554       0x10 /home/rtslab/ESL/software_package_linux/software_package/gcc-arm-none-eabi/bin/../lib/gcc/arm-none-eabi/8.2.1/../../../../arm-none-eabi/lib/thumb/v6-m/nofp/libc_nano.a(lib_a-mlock.o)
                0x0000000000021554                __malloc_unlock
 .text._free_r  0x0000000000021564       0x94 /home/rtslab/ESL/software_package_linux/software_package/gcc-arm-none-eabi/bin/../lib/gcc/arm-none-eabi/8.2.1/../../../../arm-none-eabi/lib/thumb/v6-m/nofp/libc_nano.a(lib_a-nano-freer.o)
                0x0000000000021564                _free_r
 .text._realloc_r
                0x00000000000215f8       0x4c /home/rtslab/ESL/software_package_linux/software_package/gcc-arm-none-eabi/bin/../lib/gcc/arm-none-eabi/8.2.1/../../../../arm-none-eabi/lib/thumb/v6-m/nofp/libc_nano.a(lib_a-nano-reallocr.o)
                0x00000000000215f8                _realloc_r
 .text._read_r  0x0000000000021644       0x28 /home/rtslab/ESL/software_package_linux/software_package/gcc-arm-none-eabi/bin/../lib/gcc/arm-none-eabi/8.2.1/../../../../arm-none-eabi/lib/thumb/v6-m/nofp/libc_nano.a(lib_a-readr.o)
                0x0000000000021644                _read_r
 .text._fstat_r
                0x000000000002166c       0x24 /home/rtslab/ESL/software_package_linux/software_package/gcc-arm-none-eabi/bin/../lib/gcc/arm-none-eabi/8.2.1/../../../../arm-none-eabi/lib/thumb/v6-m/nofp/libc_nano.a(lib_a-fstatr.o)
                0x000000000002166c                _fstat_r
 .text._isatty_r
                0x0000000000021690       0x24 /home/rtslab/ESL/software_package_linux/software_package/gcc-arm-none-eabi/bin/../lib/gcc/arm-none-eabi/8.2.1/../../../../arm-none-eabi/lib/thumb/v6-m/nofp/libc_nano.a(lib_a-isattyr.o)
                0x0000000000021690                _isatty_r
 .text._malloc_usable_size_r
                0x00000000000216b4       0x10 /home/rtslab/ESL/software_package_linux/software_package/gcc-arm-none-eabi/bin/../lib/gcc/arm-none-eabi/8.2.1/../../../../arm-none-eabi/lib/thumb/v6-m/nofp/libc_nano.a(lib_a-nano-msizer.o)
                0x00000000000216b4                _malloc_usable_size_r
 .text._close   0x00000000000216c4       0x10 /home/rtslab/ESL/software_package_linux/software_package/gcc-arm-none-eabi/bin/../lib/gcc/arm-none-eabi/8.2.1/../../../../arm-none-eabi/lib/thumb/v6-m/nofp/libnosys.a(close.o)
                0x00000000000216c4                _close
 .text._fstat   0x00000000000216d4       0x10 /home/rtslab/ESL/software_package_linux/software_package/gcc-arm-none-eabi/bin/../lib/gcc/arm-none-eabi/8.2.1/../../../../arm-none-eabi/lib/thumb/v6-m/nofp/libnosys.a(fstat.o)
                0x00000000000216d4                _fstat
 .text._isatty  0x00000000000216e4       0x10 /home/rtslab/ESL/software_package_linux/software_package/gcc-arm-none-eabi/bin/../lib/gcc/arm-none-eabi/8.2.1/../../../../arm-none-eabi/lib/thumb/v6-m/nofp/libnosys.a(isatty.o)
                0x00000000000216e4                _isatty
 .text._lseek   0x00000000000216f4       0x10 /home/rtslab/ESL/software_package_linux/software_package/gcc-arm-none-eabi/bin/../lib/gcc/arm-none-eabi/8.2.1/../../../../arm-none-eabi/lib/thumb/v6-m/nofp/libnosys.a(lseek.o)
                0x00000000000216f4                _lseek
 .text._read    0x0000000000021704       0x10 /home/rtslab/ESL/software_package_linux/software_package/gcc-arm-none-eabi/bin/../lib/gcc/arm-none-eabi/8.2.1/../../../../arm-none-eabi/lib/thumb/v6-m/nofp/libnosys.a(read.o)
                0x0000000000021704                _read
 .text._sbrk    0x0000000000021714       0x1c /home/rtslab/ESL/software_package_linux/software_package/gcc-arm-none-eabi/bin/../lib/gcc/arm-none-eabi/8.2.1/../../../../arm-none-eabi/lib/thumb/v6-m/nofp/libnosys.a(sbrk.o)
                0x0000000000021714                _sbrk
 *(.init)
 .init          0x0000000000021730        0x4 /home/rtslab/ESL/software_package_linux/software_package/gcc-arm-none-eabi/bin/../lib/gcc/arm-none-eabi/8.2.1/thumb/v6-m/nofp/crti.o
                0x0000000000021730                _init
 .init          0x0000000000021734        0x8 /home/rtslab/ESL/software_package_linux/software_package/gcc-arm-none-eabi/bin/../lib/gcc/arm-none-eabi/8.2.1/thumb/v6-m/nofp/crtn.o
 *(.fini)
 .fini          0x000000000002173c        0x4 /home/rtslab/ESL/software_package_linux/software_package/gcc-arm-none-eabi/bin/../lib/gcc/arm-none-eabi/8.2.1/thumb/v6-m/nofp/crti.o
                0x000000000002173c                _fini
 .fini          0x0000000000021740        0x8 /home/rtslab/ESL/software_package_linux/software_package/gcc-arm-none-eabi/bin/../lib/gcc/arm-none-eabi/8.2.1/thumb/v6-m/nofp/crtn.o
 *crtbegin.o(.ctors)
 *crtbegin?.o(.ctors)
 *(EXCLUDE_FILE(*crtend.o *crtend?.o) .ctors)
 *(SORT_BY_NAME(.ctors.*))
 *(.ctors)
 *crtbegin.o(.dtors)
 *crtbegin?.o(.dtors)
 *(EXCLUDE_FILE(*crtend.o *crtend?.o) .dtors)
 *(SORT_BY_NAME(.dtors.*))
 *(.dtors)
 *(.rodata*)
 .rodata._global_impure_ptr
                0x0000000000021748        0x4 /home/rtslab/ESL/software_package_linux/software_package/gcc-arm-none-eabi/bin/../lib/gcc/arm-none-eabi/8.2.1/../../../../arm-none-eabi/lib/thumb/v6-m/nofp/libc_nano.a(lib_a-impure.o)
                0x0000000000021748                _global_impure_ptr
 .rodata.process_key
                0x000000000002174c      0x178 _build/in4073.o
 .rodata.main.str1.4
                0x00000000000218c4       0x52 _build/in4073.o
 *fill*         0x0000000000021916        0x2 
 .rodata.quadrupel_timer.7168
                0x0000000000021918        0x4 _build/timers.o
 .rodata.UART0_IRQHandler.str1.4
                0x000000000002191c       0x11 _build/uart.o
 *fill*         0x000000000002192d        0x3 
 .rodata.SPI0_TWI0_IRQHandler.str1.4
                0x0000000000021930       0x38 _build/twi.o
 .rodata.ble_init.str1.4
                0x0000000000021968       0x12 _build/ble.o
 *fill*         0x000000000002197a        0x2 
 .rodata.hw     0x000000000002197c        0xc _build/inv_mpu.o
                0x000000000002197c                hw
 .rodata.mpu_init.str1.4
                0x0000000000021988       0x96 _build/inv_mpu.o
 *fill*         0x0000000000021a1e        0x2 
 .rodata.reg    0x0000000000021a20       0x1e _build/inv_mpu.o
                0x0000000000021a20                reg
 *fill*         0x0000000000021a3e        0x2 
 .rodata.test   0x0000000000021a40       0x28 _build/inv_mpu.o
                0x0000000000021a40                test
 .rodata        0x0000000000021a68       0x3b _build/inv_mpu_dmp_motion_driver.o
 *fill*         0x0000000000021aa3        0x1 
 .rodata.dmp_memory
                0x0000000000021aa4      0xbf6 _build/inv_mpu_dmp_motion_driver.o
 *fill*         0x000000000002269a        0x2 
 .rodata.get_dmp_data.str1.4
                0x000000000002269c       0x1f _build/mpu_wrapper.o
 *fill*         0x00000000000226bb        0x1 
 .rodata.imu_init.str1.4
                0x00000000000226bc      0x106 _build/mpu_wrapper.o
 *fill*         0x00000000000227c2        0x2 
 .rodata.app_error_handler.str1.4
                0x00000000000227c4       0x27 _build/app_error.o
 *fill*         0x00000000000227eb        0x1 
 .rodata.m_conn_params_timer_id
                0x00000000000227ec        0x4 _build/ble_conn_params.o
 .rodata        0x00000000000227f0       0x10 _build/ble_nus.o
 .rodata.asin.str1.4
                0x0000000000022800        0x8 /home/rtslab/ESL/software_package_linux/software_package/gcc-arm-none-eabi/bin/../lib/gcc/arm-none-eabi/8.2.1/../../../../arm-none-eabi/lib/thumb/v6-m/nofp/libm.a(lib_a-w_asin.o)
                                          0x9 (size before relaxing)
 .rodata.atanhi
                0x0000000000022808       0x20 /home/rtslab/ESL/software_package_linux/software_package/gcc-arm-none-eabi/bin/../lib/gcc/arm-none-eabi/8.2.1/../../../../arm-none-eabi/lib/thumb/v6-m/nofp/libm.a(lib_a-s_atan.o)
 .rodata.atanlo
                0x0000000000022828       0x20 /home/rtslab/ESL/software_package_linux/software_package/gcc-arm-none-eabi/bin/../lib/gcc/arm-none-eabi/8.2.1/../../../../arm-none-eabi/lib/thumb/v6-m/nofp/libm.a(lib_a-s_atan.o)
 .rodata        0x0000000000022848       0xac /home/rtslab/ESL/software_package_linux/software_package/gcc-arm-none-eabi/bin/../lib/gcc/arm-none-eabi/8.2.1/thumb/v6-m/nofp/libgcc.a(divsf3.o)
 .rodata        0x00000000000228f4       0x40 /home/rtslab/ESL/software_package_linux/software_package/gcc-arm-none-eabi/bin/../lib/gcc/arm-none-eabi/8.2.1/thumb/v6-m/nofp/libgcc.a(mulsf3.o)
 .rodata        0x0000000000022934       0x40 /home/rtslab/ESL/software_package_linux/software_package/gcc-arm-none-eabi/bin/../lib/gcc/arm-none-eabi/8.2.1/thumb/v6-m/nofp/libgcc.a(divdf3.o)
 .rodata        0x0000000000022974       0x40 /home/rtslab/ESL/software_package_linux/software_package/gcc-arm-none-eabi/bin/../lib/gcc/arm-none-eabi/8.2.1/thumb/v6-m/nofp/libgcc.a(muldf3.o)
 .rodata.__sf_fake_stderr
                0x00000000000229b4       0x20 /home/rtslab/ESL/software_package_linux/software_package/gcc-arm-none-eabi/bin/../lib/gcc/arm-none-eabi/8.2.1/../../../../arm-none-eabi/lib/thumb/v6-m/nofp/libc_nano.a(lib_a-findfp.o)
                0x00000000000229b4                __sf_fake_stderr
 .rodata.__sf_fake_stdin
                0x00000000000229d4       0x20 /home/rtslab/ESL/software_package_linux/software_package/gcc-arm-none-eabi/bin/../lib/gcc/arm-none-eabi/8.2.1/../../../../arm-none-eabi/lib/thumb/v6-m/nofp/libc_nano.a(lib_a-findfp.o)
                0x00000000000229d4                __sf_fake_stdin
 .rodata.__sf_fake_stdout
                0x00000000000229f4       0x20 /home/rtslab/ESL/software_package_linux/software_package/gcc-arm-none-eabi/bin/../lib/gcc/arm-none-eabi/8.2.1/../../../../arm-none-eabi/lib/thumb/v6-m/nofp/libc_nano.a(lib_a-findfp.o)
                0x00000000000229f4                __sf_fake_stdout
 .rodata._svfprintf_r.str1.1
                0x0000000000022a14       0x11 /home/rtslab/ESL/software_package_linux/software_package/gcc-arm-none-eabi/bin/../lib/gcc/arm-none-eabi/8.2.1/../../../../arm-none-eabi/lib/thumb/v6-m/nofp/libc_nano.a(lib_a-nano-svfprintf.o)
 .rodata._vfprintf_r.str1.1
                0x0000000000022a25       0x11 /home/rtslab/ESL/software_package_linux/software_package/gcc-arm-none-eabi/bin/../lib/gcc/arm-none-eabi/8.2.1/../../../../arm-none-eabi/lib/thumb/v6-m/nofp/libc_nano.a(lib_a-nano-vfprintf.o)
 .rodata._printf_i.str1.1
                0x0000000000022a25       0x22 /home/rtslab/ESL/software_package_linux/software_package/gcc-arm-none-eabi/bin/../lib/gcc/arm-none-eabi/8.2.1/../../../../arm-none-eabi/lib/thumb/v6-m/nofp/libc_nano.a(lib_a-nano-vfprintf_i.o)
 *(.eh_frame*)
 *fill*         0x0000000000022a47        0x1 
 .eh_frame      0x0000000000022a48        0x0 /home/rtslab/ESL/software_package_linux/software_package/gcc-arm-none-eabi/bin/../lib/gcc/arm-none-eabi/8.2.1/thumb/v6-m/nofp/crtbegin.o
                0x0000000000022a48                . = ALIGN (0x4)

.glue_7         0x0000000000022a48        0x0
 .glue_7        0x0000000000022a48        0x0 linker stubs

.glue_7t        0x0000000000022a48        0x0
 .glue_7t       0x0000000000022a48        0x0 linker stubs

.vfp11_veneer   0x0000000000022a48        0x0
 .vfp11_veneer  0x0000000000022a48        0x0 linker stubs

.v4_bx          0x0000000000022a48        0x0
 .v4_bx         0x0000000000022a48        0x0 linker stubs

.iplt           0x0000000000022a48        0x0
 .iplt          0x0000000000022a48        0x0 /home/rtslab/ESL/software_package_linux/software_package/gcc-arm-none-eabi/bin/../lib/gcc/arm-none-eabi/8.2.1/thumb/v6-m/nofp/crtbegin.o

.ARM.extab      0x0000000000022a48        0x0
 *(.ARM.extab* .gnu.linkonce.armextab.*)
                0x0000000000022a48                . = ALIGN (0x4)
                0x0000000000022a48                __exidx_start = .

.ARM.exidx      0x0000000000022a48        0x8
 *(.ARM.exidx* .gnu.linkonce.armexidx.*)
 .ARM.exidx     0x0000000000022a48        0x8 /home/rtslab/ESL/software_package_linux/software_package/gcc-arm-none-eabi/bin/../lib/gcc/arm-none-eabi/8.2.1/../../../../arm-none-eabi/lib/thumb/v6-m/nofp/crt0.o
 .ARM.exidx     0x0000000000022a50        0x0 _build/gcc_startup_nrf51.o
                                          0x8 (size before relaxing)
                0x0000000000022a50                . = ALIGN (0x4)
                0x0000000000022a50                __exidx_end = .
                0x0000000000022a50                __etext = .

.rel.dyn        0x0000000000022a50        0x0
 .rel.iplt      0x0000000000022a50        0x0 /home/rtslab/ESL/software_package_linux/software_package/gcc-arm-none-eabi/bin/../lib/gcc/arm-none-eabi/8.2.1/thumb/v6-m/nofp/crtbegin.o

.data           0x0000000020002000       0xb4 load address 0x0000000000022a50
                0x0000000020002000                __data_start__ = .
 *(vtable)
 *(.data*)
 .data._impure_ptr
                0x0000000020002000        0x4 /home/rtslab/ESL/software_package_linux/software_package/gcc-arm-none-eabi/bin/../lib/gcc/arm-none-eabi/8.2.1/../../../../arm-none-eabi/lib/thumb/v6-m/nofp/libc_nano.a(lib_a-impure.o)
                0x0000000020002000                _impure_ptr
 .data.impure_data
                0x0000000020002004       0x60 /home/rtslab/ESL/software_package_linux/software_package/gcc-arm-none-eabi/bin/../lib/gcc/arm-none-eabi/8.2.1/../../../../arm-none-eabi/lib/thumb/v6-m/nofp/libc_nano.a(lib_a-impure.o)
 .data.txd_available
                0x0000000020002064        0x1 _build/uart.o
                0x0000000020002064                txd_available
 *fill*         0x0000000020002065        0x3 
 .data.m_adv_uuids
                0x0000000020002068        0x4 _build/ble.o
 .data.m_conn_handle
                0x000000002000206c        0x2 _build/ble.o
 *fill*         0x000000002000206e        0x2 
 .data.st       0x0000000020002070       0x2c _build/inv_mpu.o
 .data.gyro_orientation.7088
                0x000000002000209c        0x9 _build/mpu_wrapper.o
 *fill*         0x00000000200020a5        0x1 
 .data.current_slave_link_conn_handle.7349
                0x00000000200020a6        0x2 _build/ble_advertising.o
 .data.__fdlib_version
                0x00000000200020a8        0x1 /home/rtslab/ESL/software_package_linux/software_package/gcc-arm-none-eabi/bin/../lib/gcc/arm-none-eabi/8.2.1/../../../../arm-none-eabi/lib/thumb/v6-m/nofp/libm.a(lib_a-s_lib_ver.o)
                0x00000000200020a8                __fdlib_version
                0x00000000200020ac                . = ALIGN (0x4)
 *fill*         0x00000000200020a9        0x3 
                0x00000000200020ac                PROVIDE (__preinit_array_start = .)
 *(.preinit_array)
                0x00000000200020ac                PROVIDE (__preinit_array_end = .)
                0x00000000200020ac                . = ALIGN (0x4)
                0x00000000200020ac                PROVIDE (__init_array_start = .)
 *(SORT_BY_NAME(.init_array.*))
 *(.init_array)
 .init_array    0x00000000200020ac        0x4 /home/rtslab/ESL/software_package_linux/software_package/gcc-arm-none-eabi/bin/../lib/gcc/arm-none-eabi/8.2.1/thumb/v6-m/nofp/crtbegin.o
                0x00000000200020b0                PROVIDE (__init_array_end = .)
                0x00000000200020b0                . = ALIGN (0x4)
                [!provide]                        PROVIDE (__fini_array_start = .)
 *(SORT_BY_NAME(.fini_array.*))
 *(.fini_array)
 .fini_array    0x00000000200020b0        0x4 /home/rtslab/ESL/software_package_linux/software_package/gcc-arm-none-eabi/bin/../lib/gcc/arm-none-eabi/8.2.1/thumb/v6-m/nofp/crtbegin.o
                [!provide]                        PROVIDE (__fini_array_end = .)
 *(.jcr)
                0x00000000200020b4                . = ALIGN (0x4)
                0x00000000200020b4                __data_end__ = .

.igot.plt       0x00000000200020b4        0x0 load address 0x0000000000022b04
 .igot.plt      0x00000000200020b4        0x0 /home/rtslab/ESL/software_package_linux/software_package/gcc-arm-none-eabi/bin/../lib/gcc/arm-none-eabi/8.2.1/thumb/v6-m/nofp/crtbegin.o

.bss            0x00000000200020b4      0x9b4 load address 0x0000000000022b04
                0x00000000200020b4                . = ALIGN (0x4)
                0x00000000200020b4                __bss_start__ = .
 *(.bss*)
 .bss           0x00000000200020b4       0x1c /home/rtslab/ESL/software_package_linux/software_package/gcc-arm-none-eabi/bin/../lib/gcc/arm-none-eabi/8.2.1/thumb/v6-m/nofp/crtbegin.o
 .bss.APP_TIMER_BUF.7164
                0x00000000200020d0      0x1c8 _build/timers.o
 .bss.quadrupel_timer_data.7167
                0x0000000020002298       0x20 _build/timers.o
 .bss.read      0x00000000200022b8        0x1 _build/twi.o
 .bss.sent      0x00000000200022b9        0x1 _build/twi.o
 *fill*         0x00000000200022ba        0x2 
 .bss.data      0x00000000200022bc        0x3 _build/baro.o
 *fill*         0x00000000200022bf        0x1 
 .bss.data.7081
                0x00000000200022c0        0x2 _build/baro.o
 *fill*         0x00000000200022c2        0x2 
 .bss.initTime  0x00000000200022c4        0x4 _build/baro.o
                0x00000000200022c4                initTime
 .bss.loop_count
                0x00000000200022c8        0x1 _build/baro.o
 *fill*         0x00000000200022c9        0x3 
 .bss.prom      0x00000000200022cc       0x10 _build/baro.o
 .bss.BLE_EVT_BUFFER.9051
                0x00000000200022dc       0x48 _build/ble.o
 .bss.m_nus     0x0000000020002324       0x1c _build/ble.o
 .bss.SPI       0x0000000020002340        0x4 _build/spi_flash.o
 .bss.spi_config_table
                0x0000000020002344        0xc _build/spi_flash.o
 .bss.dmp       0x0000000020002350       0x10 _build/inv_mpu_dmp_motion_driver.o
 .bss.m_evt_schedule_func
                0x0000000020002360        0x4 _build/app_timer.o
 .bss.m_rtc1_reset
                0x0000000020002364        0x1 _build/app_timer.o
 .bss.m_rtc1_running
                0x0000000020002365        0x1 _build/app_timer.o
 *fill*         0x0000000020002366        0x2 
 .bss.m_ticks_elapsed
                0x0000000020002368        0x8 _build/app_timer.o
 .bss.m_ticks_elapsed_q_read_ind
                0x0000000020002370        0x1 _build/app_timer.o
 .bss.m_ticks_elapsed_q_write_ind
                0x0000000020002371        0x1 _build/app_timer.o
 *fill*         0x0000000020002372        0x2 
 .bss.m_ticks_latest
                0x0000000020002374        0x4 _build/app_timer.o
 .bss.m_user_array_size
                0x0000000020002378        0x1 _build/app_timer.o
 *fill*         0x0000000020002379        0x3 
 .bss.mp_timer_id_head
                0x000000002000237c        0x4 _build/app_timer.o
 .bss.mp_users  0x0000000020002380        0x4 _build/app_timer.o
 .bss.m_cmd_queue
                0x0000000020002384       0xcc _build/pstorage.o
 .bss.m_flags   0x0000000020002450        0x4 _build/pstorage.o
 .bss.m_adv_evt
                0x0000000020002454        0x1 _build/ble_advertising.o
 .bss.m_adv_mode_current
                0x0000000020002455        0x1 _build/ble_advertising.o
 *fill*         0x0000000020002456        0x2 
 .bss.m_adv_modes_config
                0x0000000020002458       0x24 _build/ble_advertising.o
 .bss.m_advdata
                0x000000002000247c       0x38 _build/ble_advertising.o
 .bss.m_advertising_start_pending
                0x00000000200024b4        0x1 _build/ble_advertising.o
 *fill*         0x00000000200024b5        0x3 
 .bss.m_error_handler
                0x00000000200024b8        0x4 _build/ble_advertising.o
 .bss.m_evt_handler
                0x00000000200024bc        0x4 _build/ble_advertising.o
 .bss.m_manuf_data_array
                0x00000000200024c0       0x1f _build/ble_advertising.o
 *fill*         0x00000000200024df        0x1 
 .bss.m_manuf_specific_data
                0x00000000200024e0        0xc _build/ble_advertising.o
 .bss.m_peer_addr_reply_expected
                0x00000000200024ec        0x1 _build/ble_advertising.o
 *fill*         0x00000000200024ed        0x3 
 .bss.m_peer_address
                0x00000000200024f0        0x7 _build/ble_advertising.o
 *fill*         0x00000000200024f7        0x1 
 .bss.m_service_data
                0x00000000200024f8        0xc _build/ble_advertising.o
 .bss.m_service_data_array
                0x0000000020002504       0x1f _build/ble_advertising.o
 *fill*         0x0000000020002523        0x1 
 .bss.m_slave_conn_int
                0x0000000020002524        0x4 _build/ble_advertising.o
 .bss.m_tx_power_level
                0x0000000020002528        0x1 _build/ble_advertising.o
 *fill*         0x0000000020002529        0x3 
 .bss.m_whitelist
                0x000000002000252c       0x10 _build/ble_advertising.o
 .bss.m_whitelist_reply_expected
                0x000000002000253c        0x1 _build/ble_advertising.o
 .bss.m_whitelist_temporarily_disabled
                0x000000002000253d        0x1 _build/ble_advertising.o
 *fill*         0x000000002000253e        0x2 
 .bss.mp_whitelist_addr
                0x0000000020002540       0x20 _build/ble_advertising.o
 .bss.mp_whitelist_irk
                0x0000000020002560       0x20 _build/ble_advertising.o
 .bss.m_change_param
                0x0000000020002580        0x1 _build/ble_conn_params.o
 *fill*         0x0000000020002581        0x1 
 .bss.m_conn_handle
                0x0000000020002582        0x2 _build/ble_conn_params.o
 .bss.m_conn_params_config
                0x0000000020002584       0x1c _build/ble_conn_params.o
 .bss.m_conn_params_timer_id_data
                0x00000000200025a0       0x20 _build/ble_conn_params.o
 .bss.m_current_conn_params
                0x00000000200025c0        0x8 _build/ble_conn_params.o
 .bss.m_preferred_conn_params
                0x00000000200025c8        0x8 _build/ble_conn_params.o
 .bss.m_update_count
                0x00000000200025d0        0x1 _build/ble_conn_params.o
 *fill*         0x00000000200025d1        0x1 
 .bss.m_ble_evt_buffer_size
                0x00000000200025d2        0x2 _build/softdevice_handler.o
 .bss.m_ble_evt_handler
                0x00000000200025d4        0x4 _build/softdevice_handler.o
 .bss.m_evt_schedule_func
                0x00000000200025d8        0x4 _build/softdevice_handler.o
 .bss.m_softdevice_enabled
                0x00000000200025dc        0x1 _build/softdevice_handler.o
 *fill*         0x00000000200025dd        0x3 
 .bss.m_sys_evt_handler
                0x00000000200025e0        0x4 _build/softdevice_handler.o
 .bss.mp_ble_evt_buffer
                0x00000000200025e4        0x4 _build/softdevice_handler.o
 .bss.__malloc_free_list
                0x00000000200025e8        0x4 /home/rtslab/ESL/software_package_linux/software_package/gcc-arm-none-eabi/bin/../lib/gcc/arm-none-eabi/8.2.1/../../../../arm-none-eabi/lib/thumb/v6-m/nofp/libc_nano.a(lib_a-nano-mallocr.o)
                0x00000000200025e8                __malloc_free_list
 .bss.__malloc_sbrk_start
                0x00000000200025ec        0x4 /home/rtslab/ESL/software_package_linux/software_package/gcc-arm-none-eabi/bin/../lib/gcc/arm-none-eabi/8.2.1/../../../../arm-none-eabi/lib/thumb/v6-m/nofp/libc_nano.a(lib_a-nano-mallocr.o)
                0x00000000200025ec                __malloc_sbrk_start
 .bss.heap_end.4194
                0x00000000200025f0        0x4 /home/rtslab/ESL/software_package_linux/software_package/gcc-arm-none-eabi/bin/../lib/gcc/arm-none-eabi/8.2.1/../../../../arm-none-eabi/lib/thumb/v6-m/nofp/libnosys.a(sbrk.o)
 *(COMMON)
 COMMON         0x00000000200025f4      0x453 _build/in4073.o
                0x00000000200025f4                say
                0x00000000200025f6                psi
                0x00000000200025f8                sensor_fifo_count
                0x00000000200025fa                saz
                0x00000000200025fc                rx_queue
                0x0000000020002702                phi
                0x0000000020002704                temperature
                0x0000000020002708                theta
                0x000000002000270c                pressure
                0x0000000020002710                tx_queue
                0x0000000020002816                sax
                0x0000000020002818                sq
                0x000000002000281a                bat_volt
                0x000000002000281c                ble_rx_queue
                0x0000000020002922                sp
                0x0000000020002924                radio_active
                0x0000000020002928                motor
                0x0000000020002930                last_correct_checksum_time
                0x0000000020002934                ble_tx_queue
                0x0000000020002a3c                ae
                0x0000000020002a44                sr
                0x0000000020002a46                demo_done
 *fill*         0x0000000020002a47        0x1 
 COMMON         0x0000000020002a48        0x5 _build/timers.o
                0x0000000020002a48                global_time
                0x0000000020002a4c                timer_flag
 *fill*         0x0000000020002a4d        0x3 
 COMMON         0x0000000020002a50        0x8 _build/baro.o
                0x0000000020002a50                D2
                0x0000000020002a54                D1
 COMMON         0x0000000020002a58        0x9 /home/rtslab/ESL/software_package_linux/software_package/gcc-arm-none-eabi/bin/../lib/gcc/arm-none-eabi/8.2.1/../../../../arm-none-eabi/lib/thumb/v6-m/nofp/libc_nano.a(lib_a-lock.o)
                0x0000000020002a58                __lock___atexit_recursive_mutex
                0x0000000020002a59                __lock___arc4random_mutex
                0x0000000020002a5a                __lock___env_recursive_mutex
                0x0000000020002a5b                __lock___sinit_recursive_mutex
                0x0000000020002a5c                __lock___malloc_recursive_mutex
                0x0000000020002a5d                __lock___at_quick_exit_mutex
                0x0000000020002a5e                __lock___dd_hash_mutex
                0x0000000020002a5f                __lock___tz_mutex
                0x0000000020002a60                __lock___sfp_recursive_mutex
 *fill*         0x0000000020002a61        0x3 
 COMMON         0x0000000020002a64        0x4 /home/rtslab/ESL/software_package_linux/software_package/gcc-arm-none-eabi/bin/../lib/gcc/arm-none-eabi/8.2.1/../../../../arm-none-eabi/lib/thumb/v6-m/nofp/libc_nano.a(lib_a-reent.o)
                0x0000000020002a64                errno
                0x0000000020002a68                . = ALIGN (0x4)
                0x0000000020002a68                __bss_end__ = .

.heap           0x0000000020002a68      0x800
                0x0000000020002a68                __end__ = .
                0x0000000020002a68                end = __end__
 *(.heap*)
 .heap          0x0000000020002a68      0x800 _build/gcc_startup_nrf51.o
                0x0000000020002a68                __HeapBase
                0x0000000020003268                __HeapLimit = .

.stack_dummy    0x0000000020002a68      0x800
 *(.stack*)
 .stack         0x0000000020002a68      0x800 _build/gcc_startup_nrf51.o
                0x0000000020004000                __StackTop = (ORIGIN (RAM) + LENGTH (RAM))
                0x0000000020003800                __StackLimit = (__StackTop - SIZEOF (.stack_dummy))
                0x0000000020004000                PROVIDE (__stack = __StackTop)
                0x0000000000000001                ASSERT ((__StackLimit >= __HeapLimit), region RAM overflowed with stack)
OUTPUT(_build/in4073.out elf32-littlearm)

.ARM.attributes
                0x0000000000000000       0x28
 .ARM.attributes
                0x0000000000000000       0x1e /home/rtslab/ESL/software_package_linux/software_package/gcc-arm-none-eabi/bin/../lib/gcc/arm-none-eabi/8.2.1/thumb/v6-m/nofp/crti.o
 .ARM.attributes
                0x000000000000001e       0x2c /home/rtslab/ESL/software_package_linux/software_package/gcc-arm-none-eabi/bin/../lib/gcc/arm-none-eabi/8.2.1/thumb/v6-m/nofp/crtbegin.o
 .ARM.attributes
                0x000000000000004a       0x1b /home/rtslab/ESL/software_package_linux/software_package/gcc-arm-none-eabi/bin/../lib/gcc/arm-none-eabi/8.2.1/../../../../arm-none-eabi/lib/thumb/v6-m/nofp/crt0.o
 .ARM.attributes
                0x0000000000000065       0x2c /home/rtslab/ESL/software_package_linux/software_package/gcc-arm-none-eabi/bin/../lib/gcc/arm-none-eabi/8.2.1/../../../../arm-none-eabi/lib/thumb/v6-m/nofp/libc_nano.a(lib_a-exit.o)
 .ARM.attributes
                0x0000000000000091       0x2c /home/rtslab/ESL/software_package_linux/software_package/gcc-arm-none-eabi/bin/../lib/gcc/arm-none-eabi/8.2.1/../../../../arm-none-eabi/lib/thumb/v6-m/nofp/libc_nano.a(lib_a-impure.o)
 .ARM.attributes
                0x00000000000000bd       0x2c /home/rtslab/ESL/software_package_linux/software_package/gcc-arm-none-eabi/bin/../lib/gcc/arm-none-eabi/8.2.1/../../../../arm-none-eabi/lib/thumb/v6-m/nofp/libc_nano.a(lib_a-init.o)
 .ARM.attributes
                0x00000000000000e9       0x2c /home/rtslab/ESL/software_package_linux/software_package/gcc-arm-none-eabi/bin/../lib/gcc/arm-none-eabi/8.2.1/../../../../arm-none-eabi/lib/thumb/v6-m/nofp/libc_nano.a(lib_a-memset.o)
 .ARM.attributes
                0x0000000000000115       0x2c /home/rtslab/ESL/software_package_linux/software_package/gcc-arm-none-eabi/bin/../lib/gcc/arm-none-eabi/8.2.1/../../../../arm-none-eabi/lib/thumb/v6-m/nofp/libnosys.a(_exit.o)
 .ARM.attributes
                0x0000000000000141       0x2c _build/system_nrf51.o
 .ARM.attributes
                0x000000000000016d       0x2c _build/nrf_delay.o
 .ARM.attributes
                0x0000000000000199       0x2c _build/in4073.o
 .ARM.attributes
                0x00000000000001c5       0x2c _build/control.o
 .ARM.attributes
                0x00000000000001f1       0x2c _build/gpio.o
 .ARM.attributes
                0x000000000000021d       0x2c _build/timers.o
 .ARM.attributes
                0x0000000000000249       0x2c _build/uart.o
 .ARM.attributes
                0x0000000000000275       0x2c _build/queue.o
 .ARM.attributes
                0x00000000000002a1       0x2c _build/twi.o
 .ARM.attributes
                0x00000000000002cd       0x2c _build/adc.o
 .ARM.attributes
                0x00000000000002f9       0x2c _build/baro.o
 .ARM.attributes
                0x0000000000000325       0x2c _build/ble.o
 .ARM.attributes
                0x0000000000000351       0x2c _build/spi_flash.o
 .ARM.attributes
                0x000000000000037d       0x2c _build/inv_mpu.o
 .ARM.attributes
                0x00000000000003a9       0x2c _build/inv_mpu_dmp_motion_driver.o
 .ARM.attributes
                0x00000000000003d5       0x2c _build/ml.o
 .ARM.attributes
                0x0000000000000401       0x2c _build/mpu_wrapper.o
 .ARM.attributes
                0x000000000000042d       0x2c _build/app_error.o
 .ARM.attributes
                0x0000000000000459       0x2c _build/app_timer.o
 .ARM.attributes
                0x0000000000000485       0x2c _build/pstorage.o
 .ARM.attributes
                0x00000000000004b1       0x2c _build/ble_advdata.o
 .ARM.attributes
                0x00000000000004dd       0x2c _build/ble_advertising.o
 .ARM.attributes
                0x0000000000000509       0x2c _build/ble_conn_params.o
 .ARM.attributes
                0x0000000000000535       0x2c _build/ble_nus.o
 .ARM.attributes
                0x0000000000000561       0x2c _build/softdevice_handler.o
 .ARM.attributes
                0x000000000000058d       0x1b _build/gcc_startup_nrf51.o
 .ARM.attributes
                0x00000000000005a8       0x2c /home/rtslab/ESL/software_package_linux/software_package/gcc-arm-none-eabi/bin/../lib/gcc/arm-none-eabi/8.2.1/../../../../arm-none-eabi/lib/thumb/v6-m/nofp/libm.a(lib_a-s_fabs.o)
 .ARM.attributes
                0x00000000000005d4       0x2c /home/rtslab/ESL/software_package_linux/software_package/gcc-arm-none-eabi/bin/../lib/gcc/arm-none-eabi/8.2.1/../../../../arm-none-eabi/lib/thumb/v6-m/nofp/libm.a(lib_a-w_asin.o)
 .ARM.attributes
                0x0000000000000600       0x2c /home/rtslab/ESL/software_package_linux/software_package/gcc-arm-none-eabi/bin/../lib/gcc/arm-none-eabi/8.2.1/../../../../arm-none-eabi/lib/thumb/v6-m/nofp/libm.a(lib_a-w_atan2.o)
 .ARM.attributes
                0x000000000000062c       0x2c /home/rtslab/ESL/software_package_linux/software_package/gcc-arm-none-eabi/bin/../lib/gcc/arm-none-eabi/8.2.1/../../../../arm-none-eabi/lib/thumb/v6-m/nofp/libm.a(lib_a-e_asin.o)
 .ARM.attributes
                0x0000000000000658       0x2c /home/rtslab/ESL/software_package_linux/software_package/gcc-arm-none-eabi/bin/../lib/gcc/arm-none-eabi/8.2.1/../../../../arm-none-eabi/lib/thumb/v6-m/nofp/libm.a(lib_a-e_atan2.o)
 .ARM.attributes
                0x0000000000000684       0x2c /home/rtslab/ESL/software_package_linux/software_package/gcc-arm-none-eabi/bin/../lib/gcc/arm-none-eabi/8.2.1/../../../../arm-none-eabi/lib/thumb/v6-m/nofp/libm.a(lib_a-e_sqrt.o)
 .ARM.attributes
                0x00000000000006b0       0x2c /home/rtslab/ESL/software_package_linux/software_package/gcc-arm-none-eabi/bin/../lib/gcc/arm-none-eabi/8.2.1/../../../../arm-none-eabi/lib/thumb/v6-m/nofp/libm.a(lib_a-s_atan.o)
 .ARM.attributes
                0x00000000000006dc       0x2c /home/rtslab/ESL/software_package_linux/software_package/gcc-arm-none-eabi/bin/../lib/gcc/arm-none-eabi/8.2.1/../../../../arm-none-eabi/lib/thumb/v6-m/nofp/libm.a(lib_a-s_lib_ver.o)
 .ARM.attributes
                0x0000000000000708       0x2c /home/rtslab/ESL/software_package_linux/software_package/gcc-arm-none-eabi/bin/../lib/gcc/arm-none-eabi/8.2.1/../../../../arm-none-eabi/lib/thumb/v6-m/nofp/libm.a(lib_a-s_matherr.o)
 .ARM.attributes
                0x0000000000000734       0x2c /home/rtslab/ESL/software_package_linux/software_package/gcc-arm-none-eabi/bin/../lib/gcc/arm-none-eabi/8.2.1/../../../../arm-none-eabi/lib/thumb/v6-m/nofp/libm.a(lib_a-s_nan.o)
 .ARM.attributes
                0x0000000000000760       0x1e /home/rtslab/ESL/software_package_linux/software_package/gcc-arm-none-eabi/bin/../lib/gcc/arm-none-eabi/8.2.1/thumb/v6-m/nofp/libgcc.a(_udivsi3.o)
 .ARM.attributes
                0x000000000000077e       0x1e /home/rtslab/ESL/software_package_linux/software_package/gcc-arm-none-eabi/bin/../lib/gcc/arm-none-eabi/8.2.1/thumb/v6-m/nofp/libgcc.a(_divsi3.o)
 .ARM.attributes
                0x000000000000079c       0x1e /home/rtslab/ESL/software_package_linux/software_package/gcc-arm-none-eabi/bin/../lib/gcc/arm-none-eabi/8.2.1/thumb/v6-m/nofp/libgcc.a(_dvmd_tls.o)
 .ARM.attributes
                0x00000000000007ba       0x1e /home/rtslab/ESL/software_package_linux/software_package/gcc-arm-none-eabi/bin/../lib/gcc/arm-none-eabi/8.2.1/thumb/v6-m/nofp/libgcc.a(_arm_cmpdf2.o)
 .ARM.attributes
                0x00000000000007d8       0x1e /home/rtslab/ESL/software_package_linux/software_package/gcc-arm-none-eabi/bin/../lib/gcc/arm-none-eabi/8.2.1/thumb/v6-m/nofp/libgcc.a(_arm_cmpsf2.o)
 .ARM.attributes
                0x00000000000007f6       0x2c /home/rtslab/ESL/software_package_linux/software_package/gcc-arm-none-eabi/bin/../lib/gcc/arm-none-eabi/8.2.1/thumb/v6-m/nofp/libgcc.a(_muldi3.o)
 .ARM.attributes
                0x0000000000000822       0x2c /home/rtslab/ESL/software_package_linux/software_package/gcc-arm-none-eabi/bin/../lib/gcc/arm-none-eabi/8.2.1/thumb/v6-m/nofp/libgcc.a(_fixunssfsi.o)
 .ARM.attributes
                0x000000000000084e       0x2c /home/rtslab/ESL/software_package_linux/software_package/gcc-arm-none-eabi/bin/../lib/gcc/arm-none-eabi/8.2.1/thumb/v6-m/nofp/libgcc.a(addsf3.o)
 .ARM.attributes
                0x000000000000087a       0x2c /home/rtslab/ESL/software_package_linux/software_package/gcc-arm-none-eabi/bin/../lib/gcc/arm-none-eabi/8.2.1/thumb/v6-m/nofp/libgcc.a(divsf3.o)
 .ARM.attributes
                0x00000000000008a6       0x2c /home/rtslab/ESL/software_package_linux/software_package/gcc-arm-none-eabi/bin/../lib/gcc/arm-none-eabi/8.2.1/thumb/v6-m/nofp/libgcc.a(eqsf2.o)
 .ARM.attributes
                0x00000000000008d2       0x2c /home/rtslab/ESL/software_package_linux/software_package/gcc-arm-none-eabi/bin/../lib/gcc/arm-none-eabi/8.2.1/thumb/v6-m/nofp/libgcc.a(gesf2.o)
 .ARM.attributes
                0x00000000000008fe       0x2c /home/rtslab/ESL/software_package_linux/software_package/gcc-arm-none-eabi/bin/../lib/gcc/arm-none-eabi/8.2.1/thumb/v6-m/nofp/libgcc.a(lesf2.o)
 .ARM.attributes
                0x000000000000092a       0x2c /home/rtslab/ESL/software_package_linux/software_package/gcc-arm-none-eabi/bin/../lib/gcc/arm-none-eabi/8.2.1/thumb/v6-m/nofp/libgcc.a(mulsf3.o)
 .ARM.attributes
                0x0000000000000956       0x2c /home/rtslab/ESL/software_package_linux/software_package/gcc-arm-none-eabi/bin/../lib/gcc/arm-none-eabi/8.2.1/thumb/v6-m/nofp/libgcc.a(subsf3.o)
 .ARM.attributes
                0x0000000000000982       0x2c /home/rtslab/ESL/software_package_linux/software_package/gcc-arm-none-eabi/bin/../lib/gcc/arm-none-eabi/8.2.1/thumb/v6-m/nofp/libgcc.a(fixsfsi.o)
 .ARM.attributes
                0x00000000000009ae       0x2c /home/rtslab/ESL/software_package_linux/software_package/gcc-arm-none-eabi/bin/../lib/gcc/arm-none-eabi/8.2.1/thumb/v6-m/nofp/libgcc.a(floatsisf.o)
 .ARM.attributes
                0x00000000000009da       0x2c /home/rtslab/ESL/software_package_linux/software_package/gcc-arm-none-eabi/bin/../lib/gcc/arm-none-eabi/8.2.1/thumb/v6-m/nofp/libgcc.a(floatunsisf.o)
 .ARM.attributes
                0x0000000000000a06       0x2c /home/rtslab/ESL/software_package_linux/software_package/gcc-arm-none-eabi/bin/../lib/gcc/arm-none-eabi/8.2.1/thumb/v6-m/nofp/libgcc.a(adddf3.o)
 .ARM.attributes
                0x0000000000000a32       0x2c /home/rtslab/ESL/software_package_linux/software_package/gcc-arm-none-eabi/bin/../lib/gcc/arm-none-eabi/8.2.1/thumb/v6-m/nofp/libgcc.a(divdf3.o)
 .ARM.attributes
                0x0000000000000a5e       0x2c /home/rtslab/ESL/software_package_linux/software_package/gcc-arm-none-eabi/bin/../lib/gcc/arm-none-eabi/8.2.1/thumb/v6-m/nofp/libgcc.a(eqdf2.o)
 .ARM.attributes
                0x0000000000000a8a       0x2c /home/rtslab/ESL/software_package_linux/software_package/gcc-arm-none-eabi/bin/../lib/gcc/arm-none-eabi/8.2.1/thumb/v6-m/nofp/libgcc.a(gedf2.o)
 .ARM.attributes
                0x0000000000000ab6       0x2c /home/rtslab/ESL/software_package_linux/software_package/gcc-arm-none-eabi/bin/../lib/gcc/arm-none-eabi/8.2.1/thumb/v6-m/nofp/libgcc.a(ledf2.o)
 .ARM.attributes
                0x0000000000000ae2       0x2c /home/rtslab/ESL/software_package_linux/software_package/gcc-arm-none-eabi/bin/../lib/gcc/arm-none-eabi/8.2.1/thumb/v6-m/nofp/libgcc.a(muldf3.o)
 .ARM.attributes
                0x0000000000000b0e       0x2c /home/rtslab/ESL/software_package_linux/software_package/gcc-arm-none-eabi/bin/../lib/gcc/arm-none-eabi/8.2.1/thumb/v6-m/nofp/libgcc.a(subdf3.o)
 .ARM.attributes
                0x0000000000000b3a       0x2c /home/rtslab/ESL/software_package_linux/software_package/gcc-arm-none-eabi/bin/../lib/gcc/arm-none-eabi/8.2.1/thumb/v6-m/nofp/libgcc.a(unorddf2.o)
 .ARM.attributes
                0x0000000000000b66       0x2c /home/rtslab/ESL/software_package_linux/software_package/gcc-arm-none-eabi/bin/../lib/gcc/arm-none-eabi/8.2.1/thumb/v6-m/nofp/libgcc.a(fixdfsi.o)
 .ARM.attributes
                0x0000000000000b92       0x2c /home/rtslab/ESL/software_package_linux/software_package/gcc-arm-none-eabi/bin/../lib/gcc/arm-none-eabi/8.2.1/thumb/v6-m/nofp/libgcc.a(extendsfdf2.o)
 .ARM.attributes
                0x0000000000000bbe       0x1e /home/rtslab/ESL/software_package_linux/software_package/gcc-arm-none-eabi/bin/../lib/gcc/arm-none-eabi/8.2.1/thumb/v6-m/nofp/libgcc.a(_clzsi2.o)
 .ARM.attributes
                0x0000000000000bdc       0x2c /home/rtslab/ESL/software_package_linux/software_package/gcc-arm-none-eabi/bin/../lib/gcc/arm-none-eabi/8.2.1/../../../../arm-none-eabi/lib/thumb/v6-m/nofp/libc_nano.a(lib_a-errno.o)
 .ARM.attributes
                0x0000000000000c08       0x2c /home/rtslab/ESL/software_package_linux/software_package/gcc-arm-none-eabi/bin/../lib/gcc/arm-none-eabi/8.2.1/../../../../arm-none-eabi/lib/thumb/v6-m/nofp/libc_nano.a(lib_a-memcmp.o)
 .ARM.attributes
                0x0000000000000c34       0x2c /home/rtslab/ESL/software_package_linux/software_package/gcc-arm-none-eabi/bin/../lib/gcc/arm-none-eabi/8.2.1/../../../../arm-none-eabi/lib/thumb/v6-m/nofp/libc_nano.a(lib_a-memcpy-stub.o)
 .ARM.attributes
                0x0000000000000c60       0x2c /home/rtslab/ESL/software_package_linux/software_package/gcc-arm-none-eabi/bin/../lib/gcc/arm-none-eabi/8.2.1/../../../../arm-none-eabi/lib/thumb/v6-m/nofp/libc_nano.a(lib_a-printf.o)
 .ARM.attributes
                0x0000000000000c8c       0x2c /home/rtslab/ESL/software_package_linux/software_package/gcc-arm-none-eabi/bin/../lib/gcc/arm-none-eabi/8.2.1/../../../../arm-none-eabi/lib/thumb/v6-m/nofp/libc_nano.a(lib_a-sprintf.o)
 .ARM.attributes
                0x0000000000000cb8       0x1c /home/rtslab/ESL/software_package_linux/software_package/gcc-arm-none-eabi/bin/../lib/gcc/arm-none-eabi/8.2.1/../../../../arm-none-eabi/lib/thumb/v6-m/nofp/libc_nano.a(lib_a-strlen.o)
 .ARM.attributes
                0x0000000000000cd4       0x2c /home/rtslab/ESL/software_package_linux/software_package/gcc-arm-none-eabi/bin/../lib/gcc/arm-none-eabi/8.2.1/../../../../arm-none-eabi/lib/thumb/v6-m/nofp/libc_nano.a(lib_a-findfp.o)
 .ARM.attributes
                0x0000000000000d00       0x2c /home/rtslab/ESL/software_package_linux/software_package/gcc-arm-none-eabi/bin/../lib/gcc/arm-none-eabi/8.2.1/../../../../arm-none-eabi/lib/thumb/v6-m/nofp/libc_nano.a(lib_a-fwalk.o)
 .ARM.attributes
                0x0000000000000d2c       0x2c /home/rtslab/ESL/software_package_linux/software_package/gcc-arm-none-eabi/bin/../lib/gcc/arm-none-eabi/8.2.1/../../../../arm-none-eabi/lib/thumb/v6-m/nofp/libc_nano.a(lib_a-lock.o)
 .ARM.attributes
                0x0000000000000d58       0x2c /home/rtslab/ESL/software_package_linux/software_package/gcc-arm-none-eabi/bin/../lib/gcc/arm-none-eabi/8.2.1/../../../../arm-none-eabi/lib/thumb/v6-m/nofp/libc_nano.a(lib_a-nano-mallocr.o)
 .ARM.attributes
                0x0000000000000d84       0x2c /home/rtslab/ESL/software_package_linux/software_package/gcc-arm-none-eabi/bin/../lib/gcc/arm-none-eabi/8.2.1/../../../../arm-none-eabi/lib/thumb/v6-m/nofp/libc_nano.a(lib_a-nano-svfprintf.o)
 .ARM.attributes
                0x0000000000000db0       0x2c /home/rtslab/ESL/software_package_linux/software_package/gcc-arm-none-eabi/bin/../lib/gcc/arm-none-eabi/8.2.1/../../../../arm-none-eabi/lib/thumb/v6-m/nofp/libc_nano.a(lib_a-nano-vfprintf.o)
 .ARM.attributes
                0x0000000000000ddc       0x2c /home/rtslab/ESL/software_package_linux/software_package/gcc-arm-none-eabi/bin/../lib/gcc/arm-none-eabi/8.2.1/../../../../arm-none-eabi/lib/thumb/v6-m/nofp/libc_nano.a(lib_a-nano-vfprintf_i.o)
 .ARM.attributes
                0x0000000000000e08       0x2c /home/rtslab/ESL/software_package_linux/software_package/gcc-arm-none-eabi/bin/../lib/gcc/arm-none-eabi/8.2.1/../../../../arm-none-eabi/lib/thumb/v6-m/nofp/libc_nano.a(lib_a-sbrkr.o)
 .ARM.attributes
                0x0000000000000e34       0x2c /home/rtslab/ESL/software_package_linux/software_package/gcc-arm-none-eabi/bin/../lib/gcc/arm-none-eabi/8.2.1/../../../../arm-none-eabi/lib/thumb/v6-m/nofp/libc_nano.a(lib_a-stdio.o)
 .ARM.attributes
                0x0000000000000e60       0x2c /home/rtslab/ESL/software_package_linux/software_package/gcc-arm-none-eabi/bin/../lib/gcc/arm-none-eabi/8.2.1/../../../../arm-none-eabi/lib/thumb/v6-m/nofp/libc_nano.a(lib_a-wbuf.o)
 .ARM.attributes
                0x0000000000000e8c       0x2c /home/rtslab/ESL/software_package_linux/software_package/gcc-arm-none-eabi/bin/../lib/gcc/arm-none-eabi/8.2.1/../../../../arm-none-eabi/lib/thumb/v6-m/nofp/libc_nano.a(lib_a-writer.o)
 .ARM.attributes
                0x0000000000000eb8       0x2c /home/rtslab/ESL/software_package_linux/software_package/gcc-arm-none-eabi/bin/../lib/gcc/arm-none-eabi/8.2.1/../../../../arm-none-eabi/lib/thumb/v6-m/nofp/libc_nano.a(lib_a-wsetup.o)
 .ARM.attributes
                0x0000000000000ee4       0x2c /home/rtslab/ESL/software_package_linux/software_package/gcc-arm-none-eabi/bin/../lib/gcc/arm-none-eabi/8.2.1/../../../../arm-none-eabi/lib/thumb/v6-m/nofp/libc_nano.a(lib_a-closer.o)
 .ARM.attributes
                0x0000000000000f10       0x2c /home/rtslab/ESL/software_package_linux/software_package/gcc-arm-none-eabi/bin/../lib/gcc/arm-none-eabi/8.2.1/../../../../arm-none-eabi/lib/thumb/v6-m/nofp/libc_nano.a(lib_a-fflush.o)
 .ARM.attributes
                0x0000000000000f3c       0x2c /home/rtslab/ESL/software_package_linux/software_package/gcc-arm-none-eabi/bin/../lib/gcc/arm-none-eabi/8.2.1/../../../../arm-none-eabi/lib/thumb/v6-m/nofp/libc_nano.a(lib_a-lseekr.o)
 .ARM.attributes
                0x0000000000000f68       0x2c /home/rtslab/ESL/software_package_linux/software_package/gcc-arm-none-eabi/bin/../lib/gcc/arm-none-eabi/8.2.1/../../../../arm-none-eabi/lib/thumb/v6-m/nofp/libc_nano.a(lib_a-makebuf.o)
 .ARM.attributes
                0x0000000000000f94       0x2c /home/rtslab/ESL/software_package_linux/software_package/gcc-arm-none-eabi/bin/../lib/gcc/arm-none-eabi/8.2.1/../../../../arm-none-eabi/lib/thumb/v6-m/nofp/libc_nano.a(lib_a-memchr-stub.o)
 .ARM.attributes
                0x0000000000000fc0       0x2c /home/rtslab/ESL/software_package_linux/software_package/gcc-arm-none-eabi/bin/../lib/gcc/arm-none-eabi/8.2.1/../../../../arm-none-eabi/lib/thumb/v6-m/nofp/libc_nano.a(lib_a-memmove.o)
 .ARM.attributes
                0x0000000000000fec       0x2c /home/rtslab/ESL/software_package_linux/software_package/gcc-arm-none-eabi/bin/../lib/gcc/arm-none-eabi/8.2.1/../../../../arm-none-eabi/lib/thumb/v6-m/nofp/libc_nano.a(lib_a-mlock.o)
 .ARM.attributes
                0x0000000000001018       0x2c /home/rtslab/ESL/software_package_linux/software_package/gcc-arm-none-eabi/bin/../lib/gcc/arm-none-eabi/8.2.1/../../../../arm-none-eabi/lib/thumb/v6-m/nofp/libc_nano.a(lib_a-nano-freer.o)
 .ARM.attributes