Archive member included to satisfy reference by file (symbol)

/home/yordan/Music/software_package/gcc-arm-none-eabi/bin/../lib/gcc/arm-none-eabi/8.2.1/../../../../arm-none-eabi/lib/thumb/v6-m/nofp/libc_nano.a(lib_a-exit.o)
                              /home/yordan/Music/software_package/gcc-arm-none-eabi/bin/../lib/gcc/arm-none-eabi/8.2.1/../../../../arm-none-eabi/lib/thumb/v6-m/nofp/crt0.o (exit)
/home/yordan/Music/software_package/gcc-arm-none-eabi/bin/../lib/gcc/arm-none-eabi/8.2.1/../../../../arm-none-eabi/lib/thumb/v6-m/nofp/libc_nano.a(lib_a-impure.o)
                              /home/yordan/Music/software_package/gcc-arm-none-eabi/bin/../lib/gcc/arm-none-eabi/8.2.1/../../../../arm-none-eabi/lib/thumb/v6-m/nofp/libc_nano.a(lib_a-exit.o) (_global_impure_ptr)
/home/yordan/Music/software_package/gcc-arm-none-eabi/bin/../lib/gcc/arm-none-eabi/8.2.1/../../../../arm-none-eabi/lib/thumb/v6-m/nofp/libc_nano.a(lib_a-init.o)
                              /home/yordan/Music/software_package/gcc-arm-none-eabi/bin/../lib/gcc/arm-none-eabi/8.2.1/../../../../arm-none-eabi/lib/thumb/v6-m/nofp/crt0.o (__libc_init_array)
/home/yordan/Music/software_package/gcc-arm-none-eabi/bin/../lib/gcc/arm-none-eabi/8.2.1/../../../../arm-none-eabi/lib/thumb/v6-m/nofp/libc_nano.a(lib_a-memset.o)
                              /home/yordan/Music/software_package/gcc-arm-none-eabi/bin/../lib/gcc/arm-none-eabi/8.2.1/../../../../arm-none-eabi/lib/thumb/v6-m/nofp/crt0.o (memset)
/home/yordan/Music/software_package/gcc-arm-none-eabi/bin/../lib/gcc/arm-none-eabi/8.2.1/../../../../arm-none-eabi/lib/thumb/v6-m/nofp/libnosys.a(_exit.o)
                              /home/yordan/Music/software_package/gcc-arm-none-eabi/bin/../lib/gcc/arm-none-eabi/8.2.1/../../../../arm-none-eabi/lib/thumb/v6-m/nofp/libc_nano.a(lib_a-exit.o) (_exit)
/home/yordan/Music/software_package/gcc-arm-none-eabi/bin/../lib/gcc/arm-none-eabi/8.2.1/../../../../arm-none-eabi/lib/thumb/v6-m/nofp/libm.a(lib_a-s_fabs.o)
                              _build/inv_mpu.o (fabs)
/home/yordan/Music/software_package/gcc-arm-none-eabi/bin/../lib/gcc/arm-none-eabi/8.2.1/../../../../arm-none-eabi/lib/thumb/v6-m/nofp/libm.a(lib_a-w_asin.o)
                              _build/mpu_wrapper.o (asin)
/home/yordan/Music/software_package/gcc-arm-none-eabi/bin/../lib/gcc/arm-none-eabi/8.2.1/../../../../arm-none-eabi/lib/thumb/v6-m/nofp/libm.a(lib_a-w_atan2.o)
                              _build/mpu_wrapper.o (atan2)
/home/yordan/Music/software_package/gcc-arm-none-eabi/bin/../lib/gcc/arm-none-eabi/8.2.1/../../../../arm-none-eabi/lib/thumb/v6-m/nofp/libm.a(lib_a-e_asin.o)
                              /home/yordan/Music/software_package/gcc-arm-none-eabi/bin/../lib/gcc/arm-none-eabi/8.2.1/../../../../arm-none-eabi/lib/thumb/v6-m/nofp/libm.a(lib_a-w_asin.o) (__ieee754_asin)
/home/yordan/Music/software_package/gcc-arm-none-eabi/bin/../lib/gcc/arm-none-eabi/8.2.1/../../../../arm-none-eabi/lib/thumb/v6-m/nofp/libm.a(lib_a-e_atan2.o)
                              /home/yordan/Music/software_package/gcc-arm-none-eabi/bin/../lib/gcc/arm-none-eabi/8.2.1/../../../../arm-none-eabi/lib/thumb/v6-m/nofp/libm.a(lib_a-w_atan2.o) (__ieee754_atan2)
/home/yordan/Music/software_package/gcc-arm-none-eabi/bin/../lib/gcc/arm-none-eabi/8.2.1/../../../../arm-none-eabi/lib/thumb/v6-m/nofp/libm.a(lib_a-e_sqrt.o)
                              /home/yordan/Music/software_package/gcc-arm-none-eabi/bin/../lib/gcc/arm-none-eabi/8.2.1/../../../../arm-none-eabi/lib/thumb/v6-m/nofp/libm.a(lib_a-e_asin.o) (__ieee754_sqrt)
/home/yordan/Music/software_package/gcc-arm-none-eabi/bin/../lib/gcc/arm-none-eabi/8.2.1/../../../../arm-none-eabi/lib/thumb/v6-m/nofp/libm.a(lib_a-s_atan.o)
                              /home/yordan/Music/software_package/gcc-arm-none-eabi/bin/../lib/gcc/arm-none-eabi/8.2.1/../../../../arm-none-eabi/lib/thumb/v6-m/nofp/libm.a(lib_a-e_atan2.o) (atan)
/home/yordan/Music/software_package/gcc-arm-none-eabi/bin/../lib/gcc/arm-none-eabi/8.2.1/../../../../arm-none-eabi/lib/thumb/v6-m/nofp/libm.a(lib_a-s_lib_ver.o)
                              /home/yordan/Music/software_package/gcc-arm-none-eabi/bin/../lib/gcc/arm-none-eabi/8.2.1/../../../../arm-none-eabi/lib/thumb/v6-m/nofp/libm.a(lib_a-w_asin.o) (__fdlib_version)
/home/yordan/Music/software_package/gcc-arm-none-eabi/bin/../lib/gcc/arm-none-eabi/8.2.1/../../../../arm-none-eabi/lib/thumb/v6-m/nofp/libm.a(lib_a-s_matherr.o)
                              /home/yordan/Music/software_package/gcc-arm-none-eabi/bin/../lib/gcc/arm-none-eabi/8.2.1/../../../../arm-none-eabi/lib/thumb/v6-m/nofp/libm.a(lib_a-w_asin.o) (matherr)
/home/yordan/Music/software_package/gcc-arm-none-eabi/bin/../lib/gcc/arm-none-eabi/8.2.1/../../../../arm-none-eabi/lib/thumb/v6-m/nofp/libm.a(lib_a-s_nan.o)
                              /home/yordan/Music/software_package/gcc-arm-none-eabi/bin/../lib/gcc/arm-none-eabi/8.2.1/../../../../arm-none-eabi/lib/thumb/v6-m/nofp/libm.a(lib_a-w_asin.o) (nan)
[...]
Memory Configuration

Name             Origin             Length             Attributes
FLASH            0x0000000000018000 0x0000000000028000 xr
RAM              0x0000000020002000 0x0000000000002000 xrw
*default*        0x0000000000000000 0xffffffffffffffff

Linker script and memory map

LOAD /home/yordan/Music/software_package/gcc-arm-none-eabi/bin/../lib/gcc/arm-none-eabi/8.2.1/thumb/v6-m/nofp/crti.o
LOAD /home/yordan/Music/software_package/gcc-arm-none-eabi/bin/../lib/gcc/arm-none-eabi/8.2.1/thumb/v6-m/nofp/crtbegin.o
LOAD /home/yordan/Music/software_package/gcc-arm-none-eabi/bin/../lib/gcc/arm-none-eabi/8.2.1/../../../../arm-none-eabi/lib/thumb/v6-m/nofp/crt0.o
LOAD /home/yordan/Music/software_package/gcc-arm-none-eabi/bin/../lib/gcc/arm-none-eabi/8.2.1/../../../../arm-none-eabi/lib/thumb/v6-m/nofp/libc_nano.a
LOAD /home/yordan/Music/software_package/gcc-arm-none-eabi/bin/../lib/gcc/arm-none-eabi/8.2.1/../../../../arm-none-eabi/lib/thumb/v6-m/nofp/libnosys.a
LOAD /home/yordan/Music/software_package/gcc-arm-none-eabi/bin/../lib/gcc/arm-none-eabi/8.2.1/../../../../arm-none-eabi/lib/thumb/v6-m/nofp/libm.a
LOAD _build/system_nrf51.o
LOAD _build/nrf_delay.o
LOAD _build/in4073.o
LOAD _build/control.o
LOAD _build/gpio.o
LOAD _build/timers.o
LOAD _build/uart.o
LOAD _build/queue.o
LOAD _build/twi.o
LOAD _build/adc.o
LOAD _build/baro.o
LOAD _build/ble.o
LOAD _build/spi_flash.o
LOAD _build/inv_mpu.o
LOAD _build/inv_mpu_dmp_motion_driver.o
LOAD _build/ml.o
LOAD _build/mpu_wrapper.o
LOAD _build/app_error.o
LOAD _build/app_timer.o
LOAD _build/nrf_assert.o
LOAD _build/nrf_drv_common.o
LOAD _build/pstorage.o
LOAD _build/ble_advdata.o
LOAD _build/ble_advertising.o
LOAD _build/ble_conn_params.o
LOAD _build/ble_nus.o
LOAD _build/ble_srv_common.o
LOAD _build/softdevice_handler.o
LOAD _build/dr_t20.o
LOAD _build/fsmReceive.o
LOAD _build/gcc_startup_nrf51.o
LOAD /home/yordan/Music/software_package/gcc-arm-none-eabi/bin/../lib/gcc/arm-none-eabi/8.2.1/../../../../arm-none-eabi/lib/thumb/v6-m/nofp/libm.a
START GROUP
LOAD /home/yordan/Music/software_package/gcc-arm-none-eabi/bin/../lib/gcc/arm-none-eabi/8.2.1/thumb/v6-m/nofp/libgcc.a
LOAD /home/yordan/Music/software_package/gcc-arm-none-eabi/bin/../lib/gcc/arm-none-eabi/8.2.1/../../../../arm-none-eabi/lib/thumb/v6-m/nofp/libc_nano.a
END GROUP
START GROUP
LOAD /home/yordan/Music/software_package/gcc-arm-none-eabi/bin/../lib/gcc/arm-none-eabi/8.2.1/thumb/v6-m/nofp/libgcc.a
LOAD /home/yordan/Music/software_package/gcc-arm-none-eabi/bin/../lib/gcc/arm-none-eabi/8.2.1/../../../../arm-none-eabi/lib/thumb/v6-m/nofp/libc_nano.a
END GROUP
LOAD /home/yordan/Music/software_package/gcc-arm-none-eabi/bin/../lib/gcc/arm-none-eabi/8.2.1/thumb/v6-m/nofp/crtend.o
LOAD /home/yordan/Music/software_package/gcc-arm-none-eabi/bin/../lib/gcc/arm-none-eabi/8.2.1/thumb/v6-m/nofp/crtn.o
START GROUP
LOAD /home/yordan/Music/software_package/gcc-arm-none-eabi/bin/../lib/gcc/arm-none-eabi/8.2.1/thumb/v6-m/nofp/libgcc.a
LOAD /home/yordan/Music/software_package/gcc-arm-none-eabi/bin/../lib/gcc/arm-none-eabi/8.2.1/../../../../arm-none-eabi/lib/thumb/v6-m/nofp/libc.a
LOAD /home/yordan/Music/software_package/gcc-arm-none-eabi/bin/../lib/gcc/arm-none-eabi/8.2.1/../../../../arm-none-eabi/lib/thumb/v6-m/nofp/libnosys.a
END GROUP

.fs_data_out    0x0000000000000000        0x0
                [!provide]                        PROVIDE (__start_fs_data = .)
 *(fs_data)
                [!provide]                        PROVIDE (__stop_fs_data = .)

.text           0x0000000000018000     0xaa00
 *(.Vectors)
 .Vectors       0x0000000000018000       0xc0 _build/gcc_startup_nrf51.o
                0x0000000000018000                __Vectors
 *(.text*)
 .text          0x00000000000180c0       0x48 /home/yordan/Music/software_package/gcc-arm-none-eabi/bin/../lib/gcc/arm-none-eabi/8.2.1/thumb/v6-m/nofp/crtbegin.o
 .text          0x0000000000018108       0x78 /home/yordan/Music/software_package/gcc-arm-none-eabi/bin/../lib/gcc/arm-none-eabi/8.2.1/../../../../arm-none-eabi/lib/thumb/v6-m/nofp/crt0.o
                0x0000000000018108                _mainCRTStartup
                0x0000000000018108                _start
 .text.exit     0x0000000000018180       0x2c /home/yordan/Music/software_package/gcc-arm-none-eabi/bin/../lib/gcc/arm-none-eabi/8.2.1/../../../../arm-none-eabi/lib/thumb/v6-m/nofp/libc_nano.a(lib_a-exit.o)
                0x0000000000018180                exit
 .text.__libc_init_array
                0x00000000000181ac       0x48 /home/yordan/Music/software_package/gcc-arm-none-eabi/bin/../lib/gcc/arm-none-eabi/8.2.1/../../../../arm-none-eabi/lib/thumb/v6-m/nofp/libc_nano.a(lib_a-init.o)
                0x00000000000181ac                __libc_init_array
 .text.memset   0x00000000000181f4       0x10 /home/yordan/Music/software_package/gcc-arm-none-eabi/bin/../lib/gcc/arm-none-eabi/8.2.1/../../../../arm-none-eabi/lib/thumb/v6-m/nofp/libc_nano.a(lib_a-memset.o)
                0x00000000000181f4                memset
 .text._exit    0x0000000000018204        0x4 /home/yordan/Music/software_package/gcc-arm-none-eabi/bin/../lib/gcc/arm-none-eabi/8.2.1/../../../../arm-none-eabi/lib/thumb/v6-m/nofp/libnosys.a(_exit.o)
                0x0000000000018204                _exit
 .text.SystemInit
                0x0000000000018208       0x8c _build/system_nrf51.o
                0x0000000000018208                SystemInit
 .text.nrf_delay_ms
                0x0000000000018294       0x3c _build/nrf_delay.o
                0x0000000000018294                nrf_delay_ms
 .text.startup.main
                0x00000000000182d0       0xd4 _build/in4073.o
                0x00000000000182d0                main
 .text.panic    0x00000000000183a4       0x80 _build/control.o
                0x00000000000183a4                panic
 .text.manual   0x0000000000018424       0xec _build/control.o
                0x0000000000018424                manual
 .text.run_filters_and_control
                0x0000000000018510       0x74 _build/control.o
                0x0000000000018510                run_filters_and_control
 .text.gpio_init
                0x0000000000018584       0x8c _build/gpio.o
                0x0000000000018584                gpio_init
 .text.quadrupel_timer_handler
                0x0000000000018610        0xc _build/timers.o
                0x0000000000018610                quadrupel_timer_handler
 .text.TIMER2_IRQHandler
                0x000000000001861c       0x98 _build/timers.o
                0x000000000001861c                TIMER2_IRQHandler
 .text.TIMER1_IRQHandler
                0x00000000000186b4       0x8c _build/timers.o
                0x00000000000186b4                TIMER1_IRQHandler
 .text.get_time_us
                0x0000000000018740       0x20 _build/timers.o
                0x0000000000018740                get_time_us
 .text.check_timer_flag
                0x0000000000018760        0xc _build/timers.o
                0x0000000000018760                check_timer_flag
 .text.clear_timer_flag
                0x000000000001876c        0xc _build/timers.o
                0x000000000001876c                clear_timer_flag
 .text.timers_init
                0x0000000000018778      0x1d0 _build/timers.o
                0x0000000000018778                timers_init
 .text._write   0x0000000000018948       0x7c _build/uart.o
                0x0000000000018948                _write
 .text.UART0_IRQHandler
                0x00000000000189c4       0x84 _build/uart.o
                0x00000000000189c4                UART0_IRQHandler
 .text.uart_init
                0x0000000000018a48       0xa0 _build/uart.o
                0x0000000000018a48                uart_init
 .text.init_queue
                0x0000000000018ae8       0x14 _build/queue.o
                0x0000000000018ae8                init_queue
 .text.enqueue  0x0000000000018afc       0x20 _build/queue.o
                0x0000000000018afc                enqueue
 .text.dequeue  0x0000000000018b1c       0x20 _build/queue.o
                0x0000000000018b1c                dequeue
 .text.i2c_read
                0x0000000000018b3c       0xb4 _build/twi.o
                0x0000000000018b3c                i2c_read
 .text.i2c_write
                0x0000000000018bf0       0x64 _build/twi.o
                0x0000000000018bf0                i2c_write
 .text.SPI0_TWI0_IRQHandler
                0x0000000000018c54       0x74 _build/twi.o
                0x0000000000018c54                SPI0_TWI0_IRQHandler
 .text.twi_init
                0x0000000000018cc8       0x84 _build/twi.o
                0x0000000000018cc8                twi_init
 .text.adc_request_sample
                0x0000000000018d4c       0x18 _build/adc.o
                0x0000000000018d4c                adc_request_sample
 .text.ADC_IRQHandler
                0x0000000000018d64       0x24 _build/adc.o
                0x0000000000018d64                ADC_IRQHandler
 .text.adc_init
                0x0000000000018d88       0x3c _build/adc.o
                0x0000000000018d88                adc_init
 .text.read_baro
                0x0000000000018dc4      0x1b4 _build/baro.o
                0x0000000000018dc4                read_baro
 .text.baro_init
                0x0000000000018f78       0x34 _build/baro.o
                0x0000000000018f78                baro_init
 .text.sd_ble_gap_disconnect
                0x0000000000018fac        0x4 _build/ble.o
 .text.sd_ble_gap_ppcp_set
                0x0000000000018fb0        0x4 _build/ble.o
 .text.sd_ble_gap_device_name_set
                0x0000000000018fb4        0x4 _build/ble.o
 .text.sd_ble_gap_sec_params_reply
                0x0000000000018fb8        0x4 _build/ble.o
 .text.sd_ble_gatts_sys_attr_set
                0x0000000000018fbc        0x4 _build/ble.o
 .text.sd_ble_enable
                0x0000000000018fc0        0x4 _build/ble.o
 .text.sd_nvic_EnableIRQ
                0x0000000000018fc4        0x4 _build/ble.o
 .text.sd_nvic_ClearPendingIRQ
                0x0000000000018fc8        0x4 _build/ble.o
 .text.sd_nvic_SetPriority
                0x0000000000018fcc        0x4 _build/ble.o
 .text.sd_radio_notification_cfg_set
                0x0000000000018fd0        0x4 _build/ble.o
 .text.conn_params_error_handler
                0x0000000000018fd4       0x1c _build/ble.o
 .text.nus_data_handler
                0x0000000000018ff0       0x20 _build/ble.o
 .text.ble_evt_dispatch
                0x0000000000019010       0x94 _build/ble.o
 .text.on_conn_params_evt
                0x00000000000190a4       0x38 _build/ble.o
 .text.SWI1_IRQHandler
                0x00000000000190dc       0x10 _build/ble.o
                0x00000000000190dc                SWI1_IRQHandler
 .text.ble_init
                0x00000000000190ec      0x200 _build/ble.o
                0x00000000000190ec                ble_init
 .text.spi_flash_init
                0x00000000000192ec      0x220 _build/spi_flash.o
                0x00000000000192ec                spi_flash_init
 .text.set_int_enable
                0x000000000001950c       0x84 _build/inv_mpu.o
 .text.mpu_reset_fifo
                0x0000000000019590      0x158 _build/inv_mpu.o
                0x0000000000019590                mpu_reset_fifo
 .text.mpu_get_accel_fsr
                0x00000000000196e8       0x64 _build/inv_mpu.o
                0x00000000000196e8                mpu_get_accel_fsr
 .text.mpu_set_lpf
                0x000000000001974c       0x88 _build/inv_mpu.o
                0x000000000001974c                mpu_set_lpf
 .text.mpu_configure_fifo
                0x00000000000197d4       0xb8 _build/inv_mpu.o
                0x00000000000197d4                mpu_configure_fifo
 .text.mpu_lp_accel_mode
                0x000000000001988c      0x18c _build/inv_mpu.o
                0x000000000001988c                mpu_lp_accel_mode
 .text.mpu_set_sample_rate
                0x0000000000019a18       0xf0 _build/inv_mpu.o
                0x0000000000019a18                mpu_set_sample_rate
 .text.mpu_set_sensors
                0x0000000000019b08      0x138 _build/inv_mpu.o
                0x0000000000019b08                mpu_set_sensors
 .text.mpu_init
                0x0000000000019c40      0x1e0 _build/inv_mpu.o
                0x0000000000019c40                mpu_init
 .text.mpu_read_fifo_stream
                0x0000000000019e20       0xb0 _build/inv_mpu.o
                0x0000000000019e20                mpu_read_fifo_stream
 .text.mpu_set_bypass
                0x0000000000019ed0       0xe8 _build/inv_mpu.o
                0x0000000000019ed0                mpu_set_bypass
 .text.mpu_set_int_level
                0x0000000000019fb8       0x10 _build/inv_mpu.o
                0x0000000000019fb8                mpu_set_int_level
 .text.mpu_set_int_latched
                0x0000000000019fc8       0x68 _build/inv_mpu.o
                0x0000000000019fc8                mpu_set_int_latched
 .text.mpu_write_mem
                0x000000000001a030       0x54 _build/inv_mpu.o
                0x000000000001a030                mpu_write_mem
 .text.mpu_load_firmware
                0x000000000001a084       0xf4 _build/inv_mpu.o
                0x000000000001a084                mpu_load_firmware
 .text.mpu_set_dmp_state
                0x000000000001a178       0x88 _build/inv_mpu.o
                0x000000000001a178                mpu_set_dmp_state
 .text.dmp_load_motion_driver_firmware
                0x000000000001a200       0x1c _build/inv_mpu_dmp_motion_driver.o
                0x000000000001a200                dmp_load_motion_driver_firmware
 .text.dmp_set_orientation
                0x000000000001a21c      0x128 _build/inv_mpu_dmp_motion_driver.o
                0x000000000001a21c                dmp_set_orientation
 .text.dmp_set_fifo_rate
                0x000000000001a344       0x60 _build/inv_mpu_dmp_motion_driver.o
                0x000000000001a344                dmp_set_fifo_rate
 .text.dmp_set_tap_thresh
                0x000000000001a3a4      0x170 _build/inv_mpu_dmp_motion_driver.o
                0x000000000001a3a4                dmp_set_tap_thresh
 .text.dmp_enable_feature
                0x000000000001a514      0x290 _build/inv_mpu_dmp_motion_driver.o
                0x000000000001a514                dmp_enable_feature
 .text.dmp_read_fifo
                0x000000000001a7a4      0x220 _build/inv_mpu_dmp_motion_driver.o
                0x000000000001a7a4                dmp_read_fifo
 .text.inv_orientation_matrix_to_scalar
                0x000000000001a9c4      0x138 _build/ml.o
                0x000000000001a9c4                inv_orientation_matrix_to_scalar
 .text.update_euler_from_quaternions
                0x000000000001aafc      0x198 _build/mpu_wrapper.o
                0x000000000001aafc                update_euler_from_quaternions
 .text.get_dmp_data
                0x000000000001ac94       0x94 _build/mpu_wrapper.o
                0x000000000001ac94                get_dmp_data
 .text.check_sensor_int_flag
                0x000000000001ad28       0x24 _build/mpu_wrapper.o
                0x000000000001ad28                check_sensor_int_flag
 .text.imu_init
                0x000000000001ad4c       0xa0 _build/mpu_wrapper.o
                0x000000000001ad4c                imu_init
 .text.app_error_handler
                0x000000000001adec       0x40 _build/app_error.o
                0x000000000001adec                app_error_handler
 .text.rtc1_stop
                0x000000000001ae2c       0x78 _build/app_timer.o
 .text.RTC1_IRQHandler
                0x000000000001aea4       0xe0 _build/app_timer.o
                0x000000000001aea4                RTC1_IRQHandler
 .text.SWI0_IRQHandler
                0x000000000001af84      0x4b8 _build/app_timer.o
                0x000000000001af84                SWI0_IRQHandler
 .text.app_timer_init
                0x000000000001b43c       0xe4 _build/app_timer.o
                0x000000000001b43c                app_timer_init
 .text.app_timer_create
                0x000000000001b520       0x2c _build/app_timer.o
                0x000000000001b520                app_timer_create
 .text.app_timer_start
                0x000000000001b54c       0xf8 _build/app_timer.o
                0x000000000001b54c                app_timer_start
 .text.app_timer_stop
                0x000000000001b644       0xc8 _build/app_timer.o
                0x000000000001b644                app_timer_stop
 .text.pstorage_access_status_get
                0x000000000001b70c       0x28 _build/pstorage.o
                0x000000000001b70c                pstorage_access_status_get
 .text.sd_ble_gap_address_get
                0x000000000001b734        0x4 _build/ble_advdata.o
 .text.sd_ble_gap_adv_data_set
                0x000000000001b738        0x4 _build/ble_advdata.o
 .text.sd_ble_gap_appearance_get
                0x000000000001b73c        0x4 _build/ble_advdata.o
 .text.sd_ble_gap_device_name_get
                0x000000000001b740        0x4 _build/ble_advdata.o
 .text.sd_ble_uuid_encode
                0x000000000001b744        0x4 _build/ble_advdata.o
 .text.uuid_list_sized_encode.isra.0
                0x000000000001b748       0xf0 _build/ble_advdata.o
 .text.adv_data_encode
                0x000000000001b838      0x5cc _build/ble_advdata.o
                0x000000000001b838                adv_data_encode
 .text.ble_advdata_set
                0x000000000001be04       0x6c _build/ble_advdata.o
                0x000000000001be04                ble_advdata_set
 .text.sd_ble_gap_adv_start
                0x000000000001be70        0x4 _build/ble_advertising.o
 .text.ble_advertising_start.part.1
                0x000000000001be74      0x298 _build/ble_advertising.o
 .text.ble_advertising_init
                0x000000000001c10c      0x148 _build/ble_advertising.o
                0x000000000001c10c                ble_advertising_init
 .text.ble_advertising_start
                0x000000000001c254       0x3c _build/ble_advertising.o
                0x000000000001c254                ble_advertising_start
 .text.ble_advertising_on_ble_evt
                0x000000000001c290      0x100 _build/ble_advertising.o
                0x000000000001c290                ble_advertising_on_ble_evt
 .text.sd_ble_gap_conn_param_update
                0x000000000001c390        0x4 _build/ble_conn_params.o
 .text.sd_ble_gap_disconnect
                0x000000000001c394        0x4 _build/ble_conn_params.o
 .text.sd_ble_gap_ppcp_set
                0x000000000001c398        0x4 _build/ble_conn_params.o
 .text.sd_ble_gap_ppcp_get
                0x000000000001c39c        0x4 _build/ble_conn_params.o
 .text.update_timeout_handler
                0x000000000001c3a0       0x78 _build/ble_conn_params.o
 .text.conn_params_negotiation
                0x000000000001c418       0x88 _build/ble_conn_params.o
 .text.ble_conn_params_init
                0x000000000001c4a0       0x78 _build/ble_conn_params.o
                0x000000000001c4a0                ble_conn_params_init
 .text.ble_conn_params_on_ble_evt
                0x000000000001c518       0xb4 _build/ble_conn_params.o
                0x000000000001c518                ble_conn_params_on_ble_evt
 .text.sd_ble_gatts_service_add
                0x000000000001c5cc        0x4 _build/ble_nus.o
 .text.sd_ble_gatts_characteristic_add
                0x000000000001c5d0        0x4 _build/ble_nus.o
 .text.sd_ble_uuid_vs_add
                0x000000000001c5d4        0x4 _build/ble_nus.o
 .text.ble_nus_on_ble_evt
                0x000000000001c5d8       0x60 _build/ble_nus.o
                0x000000000001c5d8                ble_nus_on_ble_evt
 .text.ble_nus_init
                0x000000000001c638      0x180 _build/ble_nus.o
                0x000000000001c638                ble_nus_init
 .text.sd_nvic_EnableIRQ
                0x000000000001c7b8        0x4 _build/softdevice_handler.o
 .text.sd_evt_get
                0x000000000001c7bc        0x4 _build/softdevice_handler.o
 .text.sd_softdevice_enable
                0x000000000001c7c0        0x4 _build/softdevice_handler.o
 .text.sd_ble_evt_get
                0x000000000001c7c4        0x4 _build/softdevice_handler.o
 .text.softdevice_assertion_handler
                0x000000000001c7c8        0xc _build/softdevice_handler.o
                0x000000000001c7c8                softdevice_assertion_handler
 .text.intern_softdevice_events_execute.part.0
                0x000000000001c7d4      0x108 _build/softdevice_handler.o
 .text.softdevice_handler_init
                0x000000000001c8dc       0x48 _build/softdevice_handler.o
                0x000000000001c8dc                softdevice_handler_init
 .text.softdevice_ble_evt_handler_set
                0x000000000001c924       0x14 _build/softdevice_handler.o
                0x000000000001c924                softdevice_ble_evt_handler_set
 .text.SWI2_IRQHandler
                0x000000000001c938       0x34 _build/softdevice_handler.o
                0x000000000001c938                SWI2_IRQHandler
 .text.initialState
                0x000000000001c96c       0x38 _build/fsmReceive.o
                0x000000000001c96c                initialState
 .text.preambleByte
                0x000000000001c9a4       0x48 _build/fsmReceive.o
                0x000000000001c9a4                preambleByte
 .text.lengthByte
                0x000000000001c9ec       0x54 _build/fsmReceive.o
                0x000000000001c9ec                lengthByte
 .text.packetTypeByte
                0x000000000001ca40       0x4c _build/fsmReceive.o
                0x000000000001ca40                packetTypeByte
 .text.storeValues
                0x000000000001ca8c       0x38 _build/fsmReceive.o
                0x000000000001ca8c                storeValues
 .text.message  0x000000000001cac4       0x44 _build/fsmReceive.o
                0x000000000001cac4                message
 .text.readByte
                0x000000000001cb08       0x50 _build/fsmReceive.o
                0x000000000001cb08                readByte
 .text.crcCheck
                0x000000000001cb58       0xa0 _build/fsmReceive.o
                0x000000000001cb58                crcCheck
 .text.fsmReceive
                0x000000000001cbf8       0x18 _build/fsmReceive.o
                0x000000000001cbf8                fsmReceive
 .text          0x000000000001cc10       0x54 _build/gcc_startup_nrf51.o
                0x000000000001cc10                Reset_Handler
                0x000000000001cc58                NMI_Handler
                0x000000000001cc5a                HardFault_Handler
                0x000000000001cc5c                SVC_Handler
                0x000000000001cc5e                PendSV_Handler
                0x000000000001cc60                SysTick_Handler
                0x000000000001cc62                RTC0_IRQHandler
                0x000000000001cc62                GPIOTE_IRQHandler
                0x000000000001cc62                POWER_CLOCK_IRQHandler
                0x000000000001cc62                RADIO_IRQHandler
                0x000000000001cc62                LPCOMP_IRQHandler
                0x000000000001cc62                SWI4_IRQHandler
                0x000000000001cc62                TEMP_IRQHandler
                0x000000000001cc62                QDEC_IRQHandler
                0x000000000001cc62                SWI5_IRQHandler
                0x000000000001cc62                TIMER0_IRQHandler
                0x000000000001cc62                ECB_IRQHandler
                0x000000000001cc62                Default_Handler
                0x000000000001cc62                SWI3_IRQHandler
                0x000000000001cc62                CCM_AAR_IRQHandler
                0x000000000001cc62                WDT_IRQHandler
                0x000000000001cc62                RNG_IRQHandler
                0x000000000001cc62                SPI1_TWI1_IRQHandler
 .text.fabs     0x000000000001cc64        0x8 /home/yordan/Music/software_package/gcc-arm-none-eabi/bin/../lib/gcc/arm-none-eabi/8.2.1/../../../../arm-none-eabi/lib/thumb/v6-m/nofp/libm.a(lib_a-s_fabs.o)
                0x000000000001cc64                fabs
 .text.asin     0x000000000001cc6c       0xbc /home/yordan/Music/software_package/gcc-arm-none-eabi/bin/../lib/gcc/arm-none-eabi/8.2.1/../../../../arm-none-eabi/lib/thumb/v6-m/nofp/libm.a(lib_a-w_asin.o)
                0x000000000001cc6c                asin
 .text.atan2    0x000000000001cd28        0x8 /home/yordan/Music/software_package/gcc-arm-none-eabi/bin/../lib/gcc/arm-none-eabi/8.2.1/../../../../arm-none-eabi/lib/thumb/v6-m/nofp/libm.a(lib_a-w_atan2.o)
                0x000000000001cd28                atan2
 .text.__ieee754_asin
                0x000000000001cd30      0x3d0 /home/yordan/Music/software_package/gcc-arm-none-eabi/bin/../lib/gcc/arm-none-eabi/8.2.1/../../../../arm-none-eabi/lib/thumb/v6-m/nofp/libm.a(lib_a-e_asin.o)
                0x000000000001cd30                __ieee754_asin
 .text.__ieee754_atan2
                0x000000000001d100      0x17c /home/yordan/Music/software_package/gcc-arm-none-eabi/bin/../lib/gcc/arm-none-eabi/8.2.1/../../../../arm-none-eabi/lib/thumb/v6-m/nofp/libm.a(lib_a-e_atan2.o)
                0x000000000001d100                __ieee754_atan2
 .text.__ieee754_sqrt
                0x000000000001d27c      0x1bc /home/yordan/Music/software_package/gcc-arm-none-eabi/bin/../lib/gcc/arm-none-eabi/8.2.1/../../../../arm-none-eabi/lib/thumb/v6-m/nofp/libm.a(lib_a-e_sqrt.o)
                0x000000000001d27c                __ieee754_sqrt
 .text.atan     0x000000000001d438      0x324 /home/yordan/Music/software_package/gcc-arm-none-eabi/bin/../lib/gcc/arm-none-eabi/8.2.1/../../../../arm-none-eabi/lib/thumb/v6-m/nofp/libm.a(lib_a-s_atan.o)
                0x000000000001d438                atan
 .text.matherr  0x000000000001d75c        0x4 /home/yordan/Music/software_package/gcc-arm-none-eabi/bin/../lib/gcc/arm-none-eabi/8.2.1/../../../../arm-none-eabi/lib/thumb/v6-m/nofp/libm.a(lib_a-s_matherr.o)
                0x000000000001d75c                matherr
 .text.nan      0x000000000001d760        0xc /home/yordan/Music/software_package/gcc-arm-none-eabi/bin/../lib/gcc/arm-none-eabi/8.2.1/../../../../arm-none-eabi/lib/thumb/v6-m/nofp/libm.a(lib_a-s_nan.o)
                0x000000000001d760                nan
 .text          0x000000000001d76c      0x114 /home/yordan/Music/software_package/gcc-arm-none-eabi/bin/../lib/gcc/arm-none-eabi/8.2.1/thumb/v6-m/nofp/libgcc.a(_udivsi3.o)
                0x000000000001d76c                __udivsi3
                0x000000000001d76c                __aeabi_uidiv
                0x000000000001d878                __aeabi_uidivmod
 .text          0x000000000001d880      0x1d4 /home/yordan/Music/software_package/gcc-arm-none-eabi/bin/../lib/gcc/arm-none-eabi/8.2.1/thumb/v6-m/nofp/libgcc.a(_divsi3.o)
                0x000000000001d880                __aeabi_idiv
                0x000000000001d880                __divsi3
                0x000000000001da4c                __aeabi_idivmod
 .text          0x000000000001da54        0x4 /home/yordan/Music/software_package/gcc-arm-none-eabi/bin/../lib/gcc/arm-none-eabi/8.2.1/thumb/v6-m/nofp/libgcc.a(_dvmd_tls.o)
                0x000000000001da54                __aeabi_ldiv0
                0x000000000001da54                __aeabi_idiv0
 .text          0x000000000001da58       0x7c /home/yordan/Music/software_package/gcc-arm-none-eabi/bin/../lib/gcc/arm-none-eabi/8.2.1/thumb/v6-m/nofp/libgcc.a(_arm_cmpdf2.o)
                0x000000000001da58                __aeabi_cdrcmple
                0x000000000001da68                __aeabi_cdcmple
                0x000000000001da68                __aeabi_cdcmpeq
                0x000000000001da78                __aeabi_dcmpeq
                0x000000000001da84                __aeabi_dcmplt
                0x000000000001da98                __aeabi_dcmple
                0x000000000001daac                __aeabi_dcmpgt
                0x000000000001dac0                __aeabi_dcmpge
 .text          0x000000000001dad4       0x74 /home/yordan/Music/software_package/gcc-arm-none-eabi/bin/../lib/gcc/arm-none-eabi/8.2.1/thumb/v6-m/nofp/libgcc.a(_arm_cmpsf2.o)
                0x000000000001dad4                __aeabi_cfrcmple
                0x000000000001dadc                __aeabi_cfcmple
                0x000000000001dadc                __aeabi_cfcmpeq
                0x000000000001daec                __aeabi_fcmpeq
                0x000000000001daf8                __aeabi_fcmplt
                0x000000000001db0c                __aeabi_fcmple
                0x000000000001db20                __aeabi_fcmpgt
                0x000000000001db34                __aeabi_fcmpge
 .text          0x000000000001db48       0x54 /home/yordan/Music/software_package/gcc-arm-none-eabi/bin/../lib/gcc/arm-none-eabi/8.2.1/thumb/v6-m/nofp/libgcc.a(_muldi3.o)
                0x000000000001db48                __aeabi_lmul
                0x000000000001db48                __muldi3
 .text          0x000000000001db9c       0x30 /home/yordan/Music/software_package/gcc-arm-none-eabi/bin/../lib/gcc/arm-none-eabi/8.2.1/thumb/v6-m/nofp/libgcc.a(_fixunssfsi.o)
                0x000000000001db9c                __aeabi_f2uiz
                0x000000000001db9c                __fixunssfsi
 .text          0x000000000001dbcc      0x2f8 /home/yordan/Music/software_package/gcc-arm-none-eabi/bin/../lib/gcc/arm-none-eabi/8.2.1/thumb/v6-m/nofp/libgcc.a(addsf3.o)
                0x000000000001dbcc                __aeabi_fadd
 .text          0x000000000001dec4      0x230 /home/yordan/Music/software_package/gcc-arm-none-eabi/bin/../lib/gcc/arm-none-eabi/8.2.1/thumb/v6-m/nofp/libgcc.a(divsf3.o)
                0x000000000001dec4                __aeabi_fdiv
 .text          0x000000000001e0f4       0x50 /home/yordan/Music/software_package/gcc-arm-none-eabi/bin/../lib/gcc/arm-none-eabi/8.2.1/thumb/v6-m/nofp/libgcc.a(eqsf2.o)
                0x000000000001e0f4                __nesf2
                0x000000000001e0f4                __eqsf2
 .text          0x000000000001e144       0x9c /home/yordan/Music/software_package/gcc-arm-none-eabi/bin/../lib/gcc/arm-none-eabi/8.2.1/thumb/v6-m/nofp/libgcc.a(gesf2.o)
                0x000000000001e144                __gtsf2
                0x000000000001e144                __gesf2
 .text          0x000000000001e1e0       0x9c /home/yordan/Music/software_package/gcc-arm-none-eabi/bin/../lib/gcc/arm-none-eabi/8.2.1/thumb/v6-m/nofp/libgcc.a(lesf2.o)
                0x000000000001e1e0                __lesf2
                0x000000000001e1e0                __ltsf2
 .text          0x000000000001e27c      0x22c /home/yordan/Music/software_package/gcc-arm-none-eabi/bin/../lib/gcc/arm-none-eabi/8.2.1/thumb/v6-m/nofp/libgcc.a(mulsf3.o)
                0x000000000001e27c                __aeabi_fmul
 .text          0x000000000001e4a8      0x34c /home/yordan/Music/software_package/gcc-arm-none-eabi/bin/../lib/gcc/arm-none-eabi/8.2.1/thumb/v6-m/nofp/libgcc.a(subsf3.o)
                0x000000000001e4a8                __aeabi_fsub
 .text          0x000000000001e7f4       0x40 /home/yordan/Music/software_package/gcc-arm-none-eabi/bin/../lib/gcc/arm-none-eabi/8.2.1/thumb/v6-m/nofp/libgcc.a(fixsfsi.o)
                0x000000000001e7f4                __aeabi_f2iz
 .text          0x000000000001e834       0x94 /home/yordan/Music/software_package/gcc-arm-none-eabi/bin/../lib/gcc/arm-none-eabi/8.2.1/thumb/v6-m/nofp/libgcc.a(floatsisf.o)
                0x000000000001e834                __aeabi_i2f
 .text          0x000000000001e8c8       0x80 /home/yordan/Music/software_package/gcc-arm-none-eabi/bin/../lib/gcc/arm-none-eabi/8.2.1/thumb/v6-m/nofp/libgcc.a(floatunsisf.o)
                0x000000000001e8c8                __aeabi_ui2f
 .text          0x000000000001e948      0x6ec /home/yordan/Music/software_package/gcc-arm-none-eabi/bin/../lib/gcc/arm-none-eabi/8.2.1/thumb/v6-m/nofp/libgcc.a(adddf3.o)
                0x000000000001e948                __aeabi_dadd
 .text          0x000000000001f034      0x5ec /home/yordan/Music/software_package/gcc-arm-none-eabi/bin/../lib/gcc/arm-none-eabi/8.2.1/thumb/v6-m/nofp/libgcc.a(divdf3.o)
                0x000000000001f034                __aeabi_ddiv
 .text          0x000000000001f620       0x80 /home/yordan/Music/software_package/gcc-arm-none-eabi/bin/../lib/gcc/arm-none-eabi/8.2.1/thumb/v6-m/nofp/libgcc.a(eqdf2.o)
                0x000000000001f620                __eqdf2
                0x000000000001f620                __nedf2
 .text          0x000000000001f6a0       0xc8 /home/yordan/Music/software_package/gcc-arm-none-eabi/bin/../lib/gcc/arm-none-eabi/8.2.1/thumb/v6-m/nofp/libgcc.a(gedf2.o)
                0x000000000001f6a0                __gtdf2
                0x000000000001f6a0                __gedf2
 .text          0x000000000001f768       0xc8 /home/yordan/Music/software_package/gcc-arm-none-eabi/bin/../lib/gcc/arm-none-eabi/8.2.1/thumb/v6-m/nofp/libgcc.a(ledf2.o)
                0x000000000001f768                __ltdf2
                0x000000000001f768                __ledf2
 .text          0x000000000001f830      0x510 /home/yordan/Music/software_package/gcc-arm-none-eabi/bin/../lib/gcc/arm-none-eabi/8.2.1/thumb/v6-m/nofp/libgcc.a(muldf3.o)
                0x000000000001f830                __aeabi_dmul
 .text          0x000000000001fd40      0x730 /home/yordan/Music/software_package/gcc-arm-none-eabi/bin/../lib/gcc/arm-none-eabi/8.2.1/thumb/v6-m/nofp/libgcc.a(subdf3.o)
                0x000000000001fd40                __aeabi_dsub
 .text          0x0000000000020470       0x38 /home/yordan/Music/software_package/gcc-arm-none-eabi/bin/../lib/gcc/arm-none-eabi/8.2.1/thumb/v6-m/nofp/libgcc.a(unorddf2.o)
                0x0000000000020470                __aeabi_dcmpun
 .text          0x00000000000204a8       0x6c /home/yordan/Music/software_package/gcc-arm-none-eabi/bin/../lib/gcc/arm-none-eabi/8.2.1/thumb/v6-m/nofp/libgcc.a(fixdfsi.o)
                0x00000000000204a8                __aeabi_d2iz
 .text          0x0000000000020514       0xa4 /home/yordan/Music/software_package/gcc-arm-none-eabi/bin/../lib/gcc/arm-none-eabi/8.2.1/thumb/v6-m/nofp/libgcc.a(extendsfdf2.o)
                0x0000000000020514                __aeabi_f2d
 .text          0x00000000000205b8       0x3c /home/yordan/Music/software_package/gcc-arm-none-eabi/bin/../lib/gcc/arm-none-eabi/8.2.1/thumb/v6-m/nofp/libgcc.a(_clzsi2.o)
                0x00000000000205b8                __clzsi2
 .text.__errno  0x00000000000205f4        0xc /home/yordan/Music/software_package/gcc-arm-none-eabi/bin/../lib/gcc/arm-none-eabi/8.2.1/../../../../arm-none-eabi/lib/thumb/v6-m/nofp/libc_nano.a(lib_a-errno.o)
                0x00000000000205f4                __errno
 .text.memcmp   0x0000000000020600       0x1c /home/yordan/Music/software_package/gcc-arm-none-eabi/bin/../lib/gcc/arm-none-eabi/8.2.1/../../../../arm-none-eabi/lib/thumb/v6-m/nofp/libc_nano.a(lib_a-memcmp.o)
                0x0000000000020600                memcmp
 .text.memcpy   0x000000000002061c       0x12 /home/yordan/Music/software_package/gcc-arm-none-eabi/bin/../lib/gcc/arm-none-eabi/8.2.1/../../../../arm-none-eabi/lib/thumb/v6-m/nofp/libc_nano.a(lib_a-memcpy-stub.o)
                0x000000000002061c                memcpy
 *fill*         0x000000000002062e        0x2 
 .text.printf   0x0000000000020630       0x34 /home/yordan/Music/software_package/gcc-arm-none-eabi/bin/../lib/gcc/arm-none-eabi/8.2.1/../../../../arm-none-eabi/lib/thumb/v6-m/nofp/libc_nano.a(lib_a-printf.o)
                0x0000000000020630                printf
                0x0000000000020630                iprintf
 .text.sprintf  0x0000000000020664       0x40 /home/yordan/Music/software_package/gcc-arm-none-eabi/bin/../lib/gcc/arm-none-eabi/8.2.1/../../../../arm-none-eabi/lib/thumb/v6-m/nofp/libc_nano.a(lib_a-sprintf.o)
                0x0000000000020664                sprintf
                0x0000000000020664                siprintf
 .text          0x00000000000206a4        0xe /home/yordan/Music/software_package/gcc-arm-none-eabi/bin/../lib/gcc/arm-none-eabi/8.2.1/../../../../arm-none-eabi/lib/thumb/v6-m/nofp/libc_nano.a(lib_a-strlen.o)
                0x00000000000206a4                strlen
 *fill*         0x00000000000206b2        0x2 
 .text.std      0x00000000000206b4       0x48 /home/yordan/Music/software_package/gcc-arm-none-eabi/bin/../lib/gcc/arm-none-eabi/8.2.1/../../../../arm-none-eabi/lib/thumb/v6-m/nofp/libc_nano.a(lib_a-findfp.o)
 .text._cleanup_r
                0x00000000000206fc       0x10 /home/yordan/Music/software_package/gcc-arm-none-eabi/bin/../lib/gcc/arm-none-eabi/8.2.1/../../../../arm-none-eabi/lib/thumb/v6-m/nofp/libc_nano.a(lib_a-findfp.o)
                0x00000000000206fc                _cleanup_r
 .text.__sfmoreglue
                0x000000000002070c       0x2c /home/yordan/Music/software_package/gcc-arm-none-eabi/bin/../lib/gcc/arm-none-eabi/8.2.1/../../../../arm-none-eabi/lib/thumb/v6-m/nofp/libc_nano.a(lib_a-findfp.o)
                0x000000000002070c                __sfmoreglue
 .text.__sfp_lock_acquire
                0x0000000000020738       0x10 /home/yordan/Music/software_package/gcc-arm-none-eabi/bin/../lib/gcc/arm-none-eabi/8.2.1/../../../../arm-none-eabi/lib/thumb/v6-m/nofp/libc_nano.a(lib_a-findfp.o)
                0x0000000000020738                __sfp_lock_acquire
 .text.__sfp_lock_release
                0x0000000000020748       0x10 /home/yordan/Music/software_package/gcc-arm-none-eabi/bin/../lib/gcc/arm-none-eabi/8.2.1/../../../../arm-none-eabi/lib/thumb/v6-m/nofp/libc_nano.a(lib_a-findfp.o)
                0x0000000000020748                __sfp_lock_release
 .text.__sinit_lock_acquire
                0x0000000000020758       0x10 /home/yordan/Music/software_package/gcc-arm-none-eabi/bin/../lib/gcc/arm-none-eabi/8.2.1/../../../../arm-none-eabi/lib/thumb/v6-m/nofp/libc_nano.a(lib_a-findfp.o)
                0x0000000000020758                __sinit_lock_acquire
 .text.__sinit_lock_release
                0x0000000000020768       0x10 /home/yordan/Music/software_package/gcc-arm-none-eabi/bin/../lib/gcc/arm-none-eabi/8.2.1/../../../../arm-none-eabi/lib/thumb/v6-m/nofp/libc_nano.a(lib_a-findfp.o)
                0x0000000000020768                __sinit_lock_release
 .text.__sinit  0x0000000000020778       0x70 /home/yordan/Music/software_package/gcc-arm-none-eabi/bin/../lib/gcc/arm-none-eabi/8.2.1/../../../../arm-none-eabi/lib/thumb/v6-m/nofp/libc_nano.a(lib_a-findfp.o)
                0x0000000000020778                __sinit
 .text.__sfp    0x00000000000207e8       0x90 /home/yordan/Music/software_package/gcc-arm-none-eabi/bin/../lib/gcc/arm-none-eabi/8.2.1/../../../../arm-none-eabi/lib/thumb/v6-m/nofp/libc_nano.a(lib_a-findfp.o)
                0x00000000000207e8                __sfp
 .text._fwalk_reent
                0x0000000000020878       0x42 /home/yordan/Music/software_package/gcc-arm-none-eabi/bin/../lib/gcc/arm-none-eabi/8.2.1/../../../../arm-none-eabi/lib/thumb/v6-m/nofp/libc_nano.a(lib_a-fwalk.o)
                0x0000000000020878                _fwalk_reent
 .text.__retarget_lock_init_recursive
                0x00000000000208ba        0x2 /home/yordan/Music/software_package/gcc-arm-none-eabi/bin/../lib/gcc/arm-none-eabi/8.2.1/../../../../arm-none-eabi/lib/thumb/v6-m/nofp/libc_nano.a(lib_a-lock.o)
                0x00000000000208ba                __retarget_lock_init_recursive
 .text.__retarget_lock_acquire_recursive
                0x00000000000208bc        0x2 /home/yordan/Music/software_package/gcc-arm-none-eabi/bin/../lib/gcc/arm-none-eabi/8.2.1/../../../../arm-none-eabi/lib/thumb/v6-m/nofp/libc_nano.a(lib_a-lock.o)
                0x00000000000208bc                __retarget_lock_acquire_recursive
 .text.__retarget_lock_release_recursive
                0x00000000000208be        0x2 /home/yordan/Music/software_package/gcc-arm-none-eabi/bin/../lib/gcc/arm-none-eabi/8.2.1/../../../../arm-none-eabi/lib/thumb/v6-m/nofp/libc_nano.a(lib_a-lock.o)
                0x00000000000208be                __retarget_lock_release_recursive
 .text._malloc_r
                0x00000000000208c0       0xbc /home/yordan/Music/software_package/gcc-arm-none-eabi/bin/../lib/gcc/arm-none-eabi/8.2.1/../../../../arm-none-eabi/lib/thumb/v6-m/nofp/libc_nano.a(lib_a-nano-mallocr.o)
                0x00000000000208c0                _malloc_r
 .text.__ssputs_r
                0x000000000002097c       0xc4 /home/yordan/Music/software_package/gcc-arm-none-eabi/bin/../lib/gcc/arm-none-eabi/8.2.1/../../../../arm-none-eabi/lib/thumb/v6-m/nofp/libc_nano.a(lib_a-nano-svfprintf.o)
                0x000000000002097c                __ssputs_r
 .text._svfprintf_r
                0x0000000000020a40      0x1fc /home/yordan/Music/software_package/gcc-arm-none-eabi/bin/../lib/gcc/arm-none-eabi/8.2.1/../../../../arm-none-eabi/lib/thumb/v6-m/nofp/libc_nano.a(lib_a-nano-svfprintf.o)
                0x0000000000020a40                _svfprintf_r
                0x0000000000020a40                _svfiprintf_r
 .text.__sfputc_r
                0x0000000000020c3c       0x2a /home/yordan/Music/software_package/gcc-arm-none-eabi/bin/../lib/gcc/arm-none-eabi/8.2.1/../../../../arm-none-eabi/lib/thumb/v6-m/nofp/libc_nano.a(lib_a-nano-vfprintf.o)
 .text.__sfputs_r
                0x0000000000020c66       0x24 /home/yordan/Music/software_package/gcc-arm-none-eabi/bin/../lib/gcc/arm-none-eabi/8.2.1/../../../../arm-none-eabi/lib/thumb/v6-m/nofp/libc_nano.a(lib_a-nano-vfprintf.o)
                0x0000000000020c66                __sfputs_r
 *fill*         0x0000000000020c8a        0x2 
 .text._vfprintf_r
                0x0000000000020c8c      0x26c /home/yordan/Music/software_package/gcc-arm-none-eabi/bin/../lib/gcc/arm-none-eabi/8.2.1/../../../../arm-none-eabi/lib/thumb/v6-m/nofp/libc_nano.a(lib_a-nano-vfprintf.o)
                0x0000000000020c8c                _vfiprintf_r
                0x0000000000020c8c                _vfprintf_r
 .text._printf_common
                0x0000000000020ef8       0xda /home/yordan/Music/software_package/gcc-arm-none-eabi/bin/../lib/gcc/arm-none-eabi/8.2.1/../../../../arm-none-eabi/lib/thumb/v6-m/nofp/libc_nano.a(lib_a-nano-vfprintf_i.o)
                0x0000000000020ef8                _printf_common
 *fill*         0x0000000000020fd2        0x2 
 .text._printf_i
                0x0000000000020fd4      0x214 /home/yordan/Music/software_package/gcc-arm-none-eabi/bin/../lib/gcc/arm-none-eabi/8.2.1/../../../../arm-none-eabi/lib/thumb/v6-m/nofp/libc_nano.a(lib_a-nano-vfprintf_i.o)
                0x0000000000020fd4                _printf_i
 .text._sbrk_r  0x00000000000211e8       0x24 /home/yordan/Music/software_package/gcc-arm-none-eabi/bin/../lib/gcc/arm-none-eabi/8.2.1/../../../../arm-none-eabi/lib/thumb/v6-m/nofp/libc_nano.a(lib_a-sbrkr.o)
                0x00000000000211e8                _sbrk_r
 .text.__sread  0x000000000002120c       0x28 /home/yordan/Music/software_package/gcc-arm-none-eabi/bin/../lib/gcc/arm-none-eabi/8.2.1/../../../../arm-none-eabi/lib/thumb/v6-m/nofp/libc_nano.a(lib_a-stdio.o)
                0x000000000002120c                __sread
 .text.__swrite
                0x0000000000021234       0x38 /home/yordan/Music/software_package/gcc-arm-none-eabi/bin/../lib/gcc/arm-none-eabi/8.2.1/../../../../arm-none-eabi/lib/thumb/v6-m/nofp/libc_nano.a(lib_a-stdio.o)
                0x0000000000021234                __swrite
 .text.__sseek  0x000000000002126c       0x2c /home/yordan/Music/software_package/gcc-arm-none-eabi/bin/../lib/gcc/arm-none-eabi/8.2.1/../../../../arm-none-eabi/lib/thumb/v6-m/nofp/libc_nano.a(lib_a-stdio.o)
                0x000000000002126c                __sseek
 .text.__sclose
                0x0000000000021298        0xc /home/yordan/Music/software_package/gcc-arm-none-eabi/bin/../lib/gcc/arm-none-eabi/8.2.1/../../../../arm-none-eabi/lib/thumb/v6-m/nofp/libc_nano.a(lib_a-stdio.o)
                0x0000000000021298                __sclose
 .text.__swbuf_r
                0x00000000000212a4       0xac /home/yordan/Music/software_package/gcc-arm-none-eabi/bin/../lib/gcc/arm-none-eabi/8.2.1/../../../../arm-none-eabi/lib/thumb/v6-m/nofp/libc_nano.a(lib_a-wbuf.o)
                0x00000000000212a4                __swbuf_r
 .text._write_r
                0x0000000000021350       0x28 /home/yordan/Music/software_package/gcc-arm-none-eabi/bin/../lib/gcc/arm-none-eabi/8.2.1/../../../../arm-none-eabi/lib/thumb/v6-m/nofp/libc_nano.a(lib_a-writer.o)
                0x0000000000021350                _write_r
 .text.__swsetup_r
                0x0000000000021378       0xec /home/yordan/Music/software_package/gcc-arm-none-eabi/bin/../lib/gcc/arm-none-eabi/8.2.1/../../../../arm-none-eabi/lib/thumb/v6-m/nofp/libc_nano.a(lib_a-wsetup.o)
                0x0000000000021378                __swsetup_r
 .text._close_r
                0x0000000000021464       0x24 /home/yordan/Music/software_package/gcc-arm-none-eabi/bin/../lib/gcc/arm-none-eabi/8.2.1/../../../../arm-none-eabi/lib/thumb/v6-m/nofp/libc_nano.a(lib_a-closer.o)
                0x0000000000021464                _close_r
 .text.__sflush_r
                0x0000000000021488      0x114 /home/yordan/Music/software_package/gcc-arm-none-eabi/bin/../lib/gcc/arm-none-eabi/8.2.1/../../../../arm-none-eabi/lib/thumb/v6-m/nofp/libc_nano.a(lib_a-fflush.o)
                0x0000000000021488                __sflush_r
 .text._fflush_r
                0x000000000002159c       0x80 /home/yordan/Music/software_package/gcc-arm-none-eabi/bin/../lib/gcc/arm-none-eabi/8.2.1/../../../../arm-none-eabi/lib/thumb/v6-m/nofp/libc_nano.a(lib_a-fflush.o)
                0x000000000002159c                _fflush_r
 .text._lseek_r
                0x000000000002161c       0x28 /home/yordan/Music/software_package/gcc-arm-none-eabi/bin/../lib/gcc/arm-none-eabi/8.2.1/../../../../arm-none-eabi/lib/thumb/v6-m/nofp/libc_nano.a(lib_a-lseekr.o)
                0x000000000002161c                _lseek_r
 .text.__swhatbuf_r
                0x0000000000021644       0x50 /home/yordan/Music/software_package/gcc-arm-none-eabi/bin/../lib/gcc/arm-none-eabi/8.2.1/../../../../arm-none-eabi/lib/thumb/v6-m/nofp/libc_nano.a(lib_a-makebuf.o)
                0x0000000000021644                __swhatbuf_r
 .text.__smakebuf_r
                0x0000000000021694       0x88 /home/yordan/Music/software_package/gcc-arm-none-eabi/bin/../lib/gcc/arm-none-eabi/8.2.1/../../../../arm-none-eabi/lib/thumb/v6-m/nofp/libc_nano.a(lib_a-makebuf.o)
                0x0000000000021694                __smakebuf_r
 .text.memchr   0x000000000002171c       0x16 /home/yordan/Music/software_package/gcc-arm-none-eabi/bin/../lib/gcc/arm-none-eabi/8.2.1/../../../../arm-none-eabi/lib/thumb/v6-m/nofp/libc_nano.a(lib_a-memchr-stub.o)
                0x000000000002171c                memchr
 .text.memmove  0x0000000000021732       0x26 /home/yordan/Music/software_package/gcc-arm-none-eabi/bin/../lib/gcc/arm-none-eabi/8.2.1/../../../../arm-none-eabi/lib/thumb/v6-m/nofp/libc_nano.a(lib_a-memmove.o)
                0x0000000000021732                memmove
 .text.__malloc_lock
                0x0000000000021758       0x10 /home/yordan/Music/software_package/gcc-arm-none-eabi/bin/../lib/gcc/arm-none-eabi/8.2.1/../../../../arm-none-eabi/lib/thumb/v6-m/nofp/libc_nano.a(lib_a-mlock.o)
                0x0000000000021758                __malloc_lock
 .text.__malloc_unlock
                0x0000000000021768       0x10 /home/yordan/Music/software_package/gcc-arm-none-eabi/bin/../lib/gcc/arm-none-eabi/8.2.1/../../../../arm-none-eabi/lib/thumb/v6-m/nofp/libc_nano.a(lib_a-mlock.o)
                0x0000000000021768                __malloc_unlock
 .text._free_r  0x0000000000021778       0x94 /home/yordan/Music/software_package/gcc-arm-none-eabi/bin/../lib/gcc/arm-none-eabi/8.2.1/../../../../arm-none-eabi/lib/thumb/v6-m/nofp/libc_nano.a(lib_a-nano-freer.o)
                0x0000000000021778                _free_r
 .text._realloc_r
                0x000000000002180c       0x4c /home/yordan/Music/software_package/gcc-arm-none-eabi/bin/../lib/gcc/arm-none-eabi/8.2.1/../../../../arm-none-eabi/lib/thumb/v6-m/nofp/libc_nano.a(lib_a-nano-reallocr.o)
                0x000000000002180c                _realloc_r
 .text._read_r  0x0000000000021858       0x28 /home/yordan/Music/software_package/gcc-arm-none-eabi/bin/../lib/gcc/arm-none-eabi/8.2.1/../../../../arm-none-eabi/lib/thumb/v6-m/nofp/libc_nano.a(lib_a-readr.o)
                0x0000000000021858                _read_r
 .text._fstat_r
                0x0000000000021880       0x24 /home/yordan/Music/software_package/gcc-arm-none-eabi/bin/../lib/gcc/arm-none-eabi/8.2.1/../../../../arm-none-eabi/lib/thumb/v6-m/nofp/libc_nano.a(lib_a-fstatr.o)
                0x0000000000021880                _fstat_r
 .text._isatty_r
                0x00000000000218a4       0x24 /home/yordan/Music/software_package/gcc-arm-none-eabi/bin/../lib/gcc/arm-none-eabi/8.2.1/../../../../arm-none-eabi/lib/thumb/v6-m/nofp/libc_nano.a(lib_a-isattyr.o)
                0x00000000000218a4                _isatty_r
 .text._malloc_usable_size_r
                0x00000000000218c8       0x10 /home/yordan/Music/software_package/gcc-arm-none-eabi/bin/../lib/gcc/arm-none-eabi/8.2.1/../../../../arm-none-eabi/lib/thumb/v6-m/nofp/libc_nano.a(lib_a-nano-msizer.o)
                0x00000000000218c8                _malloc_usable_size_r
 .text._close   0x00000000000218d8       0x10 /home/yordan/Music/software_package/gcc-arm-none-eabi/bin/../lib/gcc/arm-none-eabi/8.2.1/../../../../arm-none-eabi/lib/thumb/v6-m/nofp/libnosys.a(close.o)
                0x00000000000218d8                _close
 .text._fstat   0x00000000000218e8       0x10 /home/yordan/Music/software_package/gcc-arm-none-eabi/bin/../lib/gcc/arm-none-eabi/8.2.1/../../../../arm-none-eabi/lib/thumb/v6-m/nofp/libnosys.a(fstat.o)
                0x00000000000218e8                _fstat
 .text._isatty  0x00000000000218f8       0x10 /home/yordan/Music/software_package/gcc-arm-none-eabi/bin/../lib/gcc/arm-none-eabi/8.2.1/../../../../arm-none-eabi/lib/thumb/v6-m/nofp/libnosys.a(isatty.o)
                0x00000000000218f8                _isatty
 .text._lseek   0x0000000000021908       0x10 /home/yordan/Music/software_package/gcc-arm-none-eabi/bin/../lib/gcc/arm-none-eabi/8.2.1/../../../../arm-none-eabi/lib/thumb/v6-m/nofp/libnosys.a(lseek.o)
                0x0000000000021908                _lseek
 .text._read    0x0000000000021918       0x10 /home/yordan/Music/software_package/gcc-arm-none-eabi/bin/../lib/gcc/arm-none-eabi/8.2.1/../../../../arm-none-eabi/lib/thumb/v6-m/nofp/libnosys.a(read.o)
                0x0000000000021918                _read
 .text._sbrk    0x0000000000021928       0x1c /home/yordan/Music/software_package/gcc-arm-none-eabi/bin/../lib/gcc/arm-none-eabi/8.2.1/../../../../arm-none-eabi/lib/thumb/v6-m/nofp/libnosys.a(sbrk.o)
                0x0000000000021928                _sbrk
 *(.init)
 .init          0x0000000000021944        0x4 /home/yordan/Music/software_package/gcc-arm-none-eabi/bin/../lib/gcc/arm-none-eabi/8.2.1/thumb/v6-m/nofp/crti.o
                0x0000000000021944                _init
 .init          0x0000000000021948        0x8 /home/yordan/Music/software_package/gcc-arm-none-eabi/bin/../lib/gcc/arm-none-eabi/8.2.1/thumb/v6-m/nofp/crtn.o
 *(.fini)
 .fini          0x0000000000021950        0x4 /home/yordan/Music/software_package/gcc-arm-none-eabi/bin/../lib/gcc/arm-none-eabi/8.2.1/thumb/v6-m/nofp/crti.o
                0x0000000000021950                _fini
 .fini          0x0000000000021954        0x8 /home/yordan/Music/software_package/gcc-arm-none-eabi/bin/../lib/gcc/arm-none-eabi/8.2.1/thumb/v6-m/nofp/crtn.o
 *crtbegin.o(.ctors)
 *crtbegin?.o(.ctors)
 *(EXCLUDE_FILE(*crtend.o *crtend?.o) .ctors)
 *(SORT_BY_NAME(.ctors.*))
 *(.ctors)
 *crtbegin.o(.dtors)
 *crtbegin?.o(.dtors)
 *(EXCLUDE_FILE(*crtend.o *crtend?.o) .dtors)
 *(SORT_BY_NAME(.dtors.*))
 *(.dtors)
 *(.rodata*)
 .rodata._global_impure_ptr
                0x000000000002195c        0x4 /home/yordan/Music/software_package/gcc-arm-none-eabi/bin/../lib/gcc/arm-none-eabi/8.2.1/../../../../arm-none-eabi/lib/thumb/v6-m/nofp/libc_nano.a(lib_a-impure.o)
                0x000000000002195c                _global_impure_ptr
 .rodata.main.str1.4
                0x0000000000021960        0xe _build/in4073.o
 *fill*         0x000000000002196e        0x2 
 .rodata.quadrupel_timer.7205
                0x0000000000021970        0x4 _build/timers.o
 .rodata.UART0_IRQHandler.str1.4
                0x0000000000021974       0x11 _build/uart.o
 *fill*         0x0000000000021985        0x3 
 .rodata.SPI0_TWI0_IRQHandler.str1.4
                0x0000000000021988       0x38 _build/twi.o
 .rodata.ble_init.str1.4
                0x00000000000219c0       0x12 _build/ble.o
 *fill*         0x00000000000219d2        0x2 
 .rodata.hw     0x00000000000219d4        0xc _build/inv_mpu.o
                0x00000000000219d4                hw
 .rodata.mpu_init.str1.4
                0x00000000000219e0       0x96 _build/inv_mpu.o
 *fill*         0x0000000000021a76        0x2 
 .rodata.reg    0x0000000000021a78       0x1e _build/inv_mpu.o
                0x0000000000021a78                reg
 *fill*         0x0000000000021a96        0x2 
 .rodata.test   0x0000000000021a98       0x28 _build/inv_mpu.o
                0x0000000000021a98                test
 .rodata        0x0000000000021ac0       0x3b _build/inv_mpu_dmp_motion_driver.o
 *fill*         0x0000000000021afb        0x1 
 .rodata.dmp_memory
                0x0000000000021afc      0xbf6 _build/inv_mpu_dmp_motion_driver.o
 *fill*         0x00000000000226f2        0x2 
 .rodata.get_dmp_data.str1.4
                0x00000000000226f4       0x1f _build/mpu_wrapper.o
 *fill*         0x0000000000022713        0x1 
 .rodata.imu_init.str1.4
                0x0000000000022714       0x2e _build/mpu_wrapper.o
 *fill*         0x0000000000022742        0x2 
 .rodata.app_error_handler.str1.4
                0x0000000000022744       0x27 _build/app_error.o
 *fill*         0x000000000002276b        0x1 
 .rodata.m_conn_params_timer_id
                0x000000000002276c        0x4 _build/ble_conn_params.o
 .rodata        0x0000000000022770       0x10 _build/ble_nus.o
 .rodata.crcCheck.str1.4
                0x0000000000022780       0x1b _build/fsmReceive.o
 *fill*         0x000000000002279b        0x1 
 .rodata.readByte.str1.4
                0x000000000002279c       0x15 _build/fsmReceive.o
 *fill*         0x00000000000227b1        0x3 
 .rodata.asin.str1.4
                0x00000000000227b4        0x8 /home/yordan/Music/software_package/gcc-arm-none-eabi/bin/../lib/gcc/arm-none-eabi/8.2.1/../../../../arm-none-eabi/lib/thumb/v6-m/nofp/libm.a(lib_a-w_asin.o)
                                          0x9 (size before relaxing)
 *fill*         0x00000000000227bc        0x4 
 .rodata.atanhi
                0x00000000000227c0       0x20 /home/yordan/Music/software_package/gcc-arm-none-eabi/bin/../lib/gcc/arm-none-eabi/8.2.1/../../../../arm-none-eabi/lib/thumb/v6-m/nofp/libm.a(lib_a-s_atan.o)
 .rodata.atanlo
                0x00000000000227e0       0x20 /home/yordan/Music/software_package/gcc-arm-none-eabi/bin/../lib/gcc/arm-none-eabi/8.2.1/../../../../arm-none-eabi/lib/thumb/v6-m/nofp/libm.a(lib_a-s_atan.o)
 .rodata        0x0000000000022800       0xac /home/yordan/Music/software_package/gcc-arm-none-eabi/bin/../lib/gcc/arm-none-eabi/8.2.1/thumb/v6-m/nofp/libgcc.a(divsf3.o)
 .rodata        0x00000000000228ac       0x40 /home/yordan/Music/software_package/gcc-arm-none-eabi/bin/../lib/gcc/arm-none-eabi/8.2.1/thumb/v6-m/nofp/libgcc.a(mulsf3.o)
 .rodata        0x00000000000228ec       0x40 /home/yordan/Music/software_package/gcc-arm-none-eabi/bin/../lib/gcc/arm-none-eabi/8.2.1/thumb/v6-m/nofp/libgcc.a(divdf3.o)
 .rodata        0x000000000002292c       0x40 /home/yordan/Music/software_package/gcc-arm-none-eabi/bin/../lib/gcc/arm-none-eabi/8.2.1/thumb/v6-m/nofp/libgcc.a(muldf3.o)
 .rodata.__sf_fake_stderr
                0x000000000002296c       0x20 /home/yordan/Music/software_package/gcc-arm-none-eabi/bin/../lib/gcc/arm-none-eabi/8.2.1/../../../../arm-none-eabi/lib/thumb/v6-m/nofp/libc_nano.a(lib_a-findfp.o)
                0x000000000002296c                __sf_fake_stderr
 .rodata.__sf_fake_stdin
                0x000000000002298c       0x20 /home/yordan/Music/software_package/gcc-arm-none-eabi/bin/../lib/gcc/arm-none-eabi/8.2.1/../../../../arm-none-eabi/lib/thumb/v6-m/nofp/libc_nano.a(lib_a-findfp.o)
                0x000000000002298c                __sf_fake_stdin
 .rodata.__sf_fake_stdout
                0x00000000000229ac       0x20 /home/yordan/Music/software_package/gcc-arm-none-eabi/bin/../lib/gcc/arm-none-eabi/8.2.1/../../../../arm-none-eabi/lib/thumb/v6-m/nofp/libc_nano.a(lib_a-findfp.o)
                0x00000000000229ac                __sf_fake_stdout
 .rodata._svfprintf_r.str1.1
                0x00000000000229cc       0x11 /home/yordan/Music/software_package/gcc-arm-none-eabi/bin/../lib/gcc/arm-none-eabi/8.2.1/../../../../arm-none-eabi/lib/thumb/v6-m/nofp/libc_nano.a(lib_a-nano-svfprintf.o)
 .rodata._vfprintf_r.str1.1
                0x00000000000229dd       0x11 /home/yordan/Music/software_package/gcc-arm-none-eabi/bin/../lib/gcc/arm-none-eabi/8.2.1/../../../../arm-none-eabi/lib/thumb/v6-m/nofp/libc_nano.a(lib_a-nano-vfprintf.o)
 .rodata._printf_i.str1.1
                0x00000000000229dd       0x22 /home/yordan/Music/software_package/gcc-arm-none-eabi/bin/../lib/gcc/arm-none-eabi/8.2.1/../../../../arm-none-eabi/lib/thumb/v6-m/nofp/libc_nano.a(lib_a-nano-vfprintf_i.o)
 *(.eh_frame*)
 *fill*         0x00000000000229ff        0x1 
 .eh_frame      0x0000000000022a00        0x0 /home/yordan/Music/software_package/gcc-arm-none-eabi/bin/../lib/gcc/arm-none-eabi/8.2.1/thumb/v6-m/nofp/crtbegin.o
                0x0000000000022a00                . = ALIGN (0x4)

.glue_7         0x0000000000022a00        0x0
 .glue_7        0x0000000000022a00        0x0 linker stubs

.glue_7t        0x0000000000022a00        0x0
 .glue_7t       0x0000000000022a00        0x0 linker stubs

.vfp11_veneer   0x0000000000022a00        0x0
 .vfp11_veneer  0x0000000000022a00        0x0 linker stubs

.v4_bx          0x0000000000022a00        0x0
 .v4_bx         0x0000000000022a00        0x0 linker stubs

.iplt           0x0000000000022a00        0x0
 .iplt          0x0000000000022a00        0x0 /home/yordan/Music/software_package/gcc-arm-none-eabi/bin/../lib/gcc/arm-none-eabi/8.2.1/thumb/v6-m/nofp/crtbegin.o

.ARM.extab      0x0000000000022a00        0x0
 *(.ARM.extab* .gnu.linkonce.armextab.*)
                0x0000000000022a00                . = ALIGN (0x4)
                0x0000000000022a00                __exidx_start = .

.ARM.exidx      0x0000000000022a00        0x8
 *(.ARM.exidx* .gnu.linkonce.armexidx.*)
 .ARM.exidx     0x0000000000022a00        0x8 /home/yordan/Music/software_package/gcc-arm-none-eabi/bin/../lib/gcc/arm-none-eabi/8.2.1/../../../../arm-none-eabi/lib/thumb/v6-m/nofp/crt0.o
 .ARM.exidx     0x0000000000022a08        0x0 _build/gcc_startup_nrf51.o
                                          0x8 (size before relaxing)
                0x0000000000022a08                . = ALIGN (0x4)
                0x0000000000022a08                __exidx_end = .
                0x0000000000022a08                __etext = .

.rel.dyn        0x0000000000022a08        0x0
 .rel.iplt      0x0000000000022a08        0x0 /home/yordan/Music/software_package/gcc-arm-none-eabi/bin/../lib/gcc/arm-none-eabi/8.2.1/thumb/v6-m/nofp/crtbegin.o

.data           0x0000000020002000       0xd8 load address 0x0000000000022a08
                0x0000000020002000                __data_start__ = .
 *(vtable)
 *(.data*)
 .data._impure_ptr
                0x0000000020002000        0x4 /home/yordan/Music/software_package/gcc-arm-none-eabi/bin/../lib/gcc/arm-none-eabi/8.2.1/../../../../arm-none-eabi/lib/thumb/v6-m/nofp/libc_nano.a(lib_a-impure.o)
                0x0000000020002000                _impure_ptr
 .data.impure_data
                0x0000000020002004       0x60 /home/yordan/Music/software_package/gcc-arm-none-eabi/bin/../lib/gcc/arm-none-eabi/8.2.1/../../../../arm-none-eabi/lib/thumb/v6-m/nofp/libc_nano.a(lib_a-impure.o)
 .data.txd_available
                0x0000000020002064        0x1 _build/uart.o
                0x0000000020002064                txd_available
 *fill*         0x0000000020002065        0x3 
 .data.m_adv_uuids
                0x0000000020002068        0x4 _build/ble.o
 .data.m_conn_handle
                0x000000002000206c        0x2 _build/ble.o
 *fill*         0x000000002000206e        0x2 
 .data.st       0x0000000020002070       0x2c _build/inv_mpu.o
 .data.gyro_orientation.7125
                0x000000002000209c        0x9 _build/mpu_wrapper.o
 *fill*         0x00000000200020a5        0x1 
 .data.current_slave_link_conn_handle.7349
                0x00000000200020a6        0x2 _build/ble_advertising.o
 .data.fsmStatesArr
                0x00000000200020a8        0xc _build/fsmReceive.o
                0x00000000200020a8                fsmStatesArr
 .data.packetStatesArr
                0x00000000200020b4       0x14 _build/fsmReceive.o
                0x00000000200020b4                packetStatesArr
 .data.statesFunc
                0x00000000200020c8        0x4 _build/fsmReceive.o
                0x00000000200020c8                statesFunc
 .data.__fdlib_version
                0x00000000200020cc        0x1 /home/yordan/Music/software_package/gcc-arm-none-eabi/bin/../lib/gcc/arm-none-eabi/8.2.1/../../../../arm-none-eabi/lib/thumb/v6-m/nofp/libm.a(lib_a-s_lib_ver.o)
                0x00000000200020cc                __fdlib_version
                0x00000000200020d0                . = ALIGN (0x4)
 *fill*         0x00000000200020cd        0x3 
                0x00000000200020d0                PROVIDE (__preinit_array_start = .)
 *(.preinit_array)
                0x00000000200020d0                PROVIDE (__preinit_array_end = .)
                0x00000000200020d0                . = ALIGN (0x4)
                0x00000000200020d0                PROVIDE (__init_array_start = .)
 *(SORT_BY_NAME(.init_array.*))
 *(.init_array)
 .init_array    0x00000000200020d0        0x4 /home/yordan/Music/software_package/gcc-arm-none-eabi/bin/../lib/gcc/arm-none-eabi/8.2.1/thumb/v6-m/nofp/crtbegin.o
                0x00000000200020d4                PROVIDE (__init_array_end = .)
                0x00000000200020d4                . = ALIGN (0x4)
                [!provide]                        PROVIDE (__fini_array_start = .)
 *(SORT_BY_NAME(.fini_array.*))
 *(.fini_array)
 .fini_array    0x00000000200020d4        0x4 /home/yordan/Music/software_package/gcc-arm-none-eabi/bin/../lib/gcc/arm-none-eabi/8.2.1/thumb/v6-m/nofp/crtbegin.o
                [!provide]                        PROVIDE (__fini_array_end = .)
 *(.jcr)
                0x00000000200020d8                . = ALIGN (0x4)
                0x00000000200020d8                __data_end__ = .

.igot.plt       0x00000000200020d8        0x0 load address 0x0000000000022ae0
 .igot.plt      0x00000000200020d8        0x0 /home/yordan/Music/software_package/gcc-arm-none-eabi/bin/../lib/gcc/arm-none-eabi/8.2.1/thumb/v6-m/nofp/crtbegin.o

.bss            0x00000000200020d8      0x9dc load address 0x0000000000022ae0
                0x00000000200020d8                . = ALIGN (0x4)
                0x00000000200020d8                __bss_start__ = .
 *(.bss*)
 .bss           0x00000000200020d8       0x1c /home/yordan/Music/software_package/gcc-arm-none-eabi/bin/../lib/gcc/arm-none-eabi/8.2.1/thumb/v6-m/nofp/crtbegin.o
 .bss.APP_TIMER_BUF.7201
                0x00000000200020f4      0x1c8 _build/timers.o
 .bss.quadrupel_timer_data.7204
                0x00000000200022bc       0x20 _build/timers.o
 .bss.read      0x00000000200022dc        0x1 _build/twi.o
 .bss.sent      0x00000000200022dd        0x1 _build/twi.o
 *fill*         0x00000000200022de        0x2 
 .bss.data      0x00000000200022e0        0x3 _build/baro.o
 *fill*         0x00000000200022e3        0x1 
 .bss.data.7118
                0x00000000200022e4        0x2 _build/baro.o
 *fill*         0x00000000200022e6        0x2 
 .bss.initTime  0x00000000200022e8        0x4 _build/baro.o
                0x00000000200022e8                initTime
 .bss.loop_count
                0x00000000200022ec        0x1 _build/baro.o
 *fill*         0x00000000200022ed        0x3 
 .bss.prom      0x00000000200022f0       0x10 _build/baro.o
 .bss.BLE_EVT_BUFFER.9088
                0x0000000020002300       0x48 _build/ble.o
 .bss.m_nus     0x0000000020002348       0x1c _build/ble.o
 .bss.SPI       0x0000000020002364        0x4 _build/spi_flash.o
 .bss.spi_config_table
                0x0000000020002368        0xc _build/spi_flash.o
 .bss.dmp       0x0000000020002374       0x10 _build/inv_mpu_dmp_motion_driver.o
 .bss.m_evt_schedule_func
                0x0000000020002384        0x4 _build/app_timer.o
 .bss.m_rtc1_reset
                0x0000000020002388        0x1 _build/app_timer.o
 .bss.m_rtc1_running
                0x0000000020002389        0x1 _build/app_timer.o
 *fill*         0x000000002000238a        0x2 
 .bss.m_ticks_elapsed
                0x000000002000238c        0x8 _build/app_timer.o
 .bss.m_ticks_elapsed_q_read_ind
                0x0000000020002394        0x1 _build/app_timer.o
 .bss.m_ticks_elapsed_q_write_ind
                0x0000000020002395        0x1 _build/app_timer.o
 *fill*         0x0000000020002396        0x2 
 .bss.m_ticks_latest
                0x0000000020002398        0x4 _build/app_timer.o
 .bss.m_user_array_size
                0x000000002000239c        0x1 _build/app_timer.o
 *fill*         0x000000002000239d        0x3 
 .bss.mp_timer_id_head
                0x00000000200023a0        0x4 _build/app_timer.o
 .bss.mp_users  0x00000000200023a4        0x4 _build/app_timer.o
 .bss.m_cmd_queue
                0x00000000200023a8       0xcc _build/pstorage.o
 .bss.m_flags   0x0000000020002474        0x4 _build/pstorage.o
 .bss.m_adv_evt
                0x0000000020002478        0x1 _build/ble_advertising.o
 .bss.m_adv_mode_current
                0x0000000020002479        0x1 _build/ble_advertising.o
 *fill*         0x000000002000247a        0x2 
 .bss.m_adv_modes_config
                0x000000002000247c       0x24 _build/ble_advertising.o
 .bss.m_advdata
                0x00000000200024a0       0x38 _build/ble_advertising.o
 .bss.m_advertising_start_pending
                0x00000000200024d8        0x1 _build/ble_advertising.o
 *fill*         0x00000000200024d9        0x3 
 .bss.m_error_handler
                0x00000000200024dc        0x4 _build/ble_advertising.o
 .bss.m_evt_handler
                0x00000000200024e0        0x4 _build/ble_advertising.o
 .bss.m_manuf_data_array
                0x00000000200024e4       0x1f _build/ble_advertising.o
 *fill*         0x0000000020002503        0x1 
 .bss.m_manuf_specific_data
                0x0000000020002504        0xc _build/ble_advertising.o
 .bss.m_peer_addr_reply_expected
                0x0000000020002510        0x1 _build/ble_advertising.o
 *fill*         0x0000000020002511        0x3 
 .bss.m_peer_address
                0x0000000020002514        0x7 _build/ble_advertising.o
 *fill*         0x000000002000251b        0x1 
 .bss.m_service_data
                0x000000002000251c        0xc _build/ble_advertising.o
 .bss.m_service_data_array
                0x0000000020002528       0x1f _build/ble_advertising.o
 *fill*         0x0000000020002547        0x1 
 .bss.m_slave_conn_int
                0x0000000020002548        0x4 _build/ble_advertising.o
 .bss.m_tx_power_level
                0x000000002000254c        0x1 _build/ble_advertising.o
 *fill*         0x000000002000254d        0x3 
 .bss.m_whitelist
                0x0000000020002550       0x10 _build/ble_advertising.o
 .bss.m_whitelist_reply_expected
                0x0000000020002560        0x1 _build/ble_advertising.o
 .bss.m_whitelist_temporarily_disabled
                0x0000000020002561        0x1 _build/ble_advertising.o
 *fill*         0x0000000020002562        0x2 
 .bss.mp_whitelist_addr
                0x0000000020002564       0x20 _build/ble_advertising.o
 .bss.mp_whitelist_irk
                0x0000000020002584       0x20 _build/ble_advertising.o
 .bss.m_change_param
                0x00000000200025a4        0x1 _build/ble_conn_params.o
 *fill*         0x00000000200025a5        0x1 
 .bss.m_conn_handle
                0x00000000200025a6        0x2 _build/ble_conn_params.o
 .bss.m_conn_params_config
                0x00000000200025a8       0x1c _build/ble_conn_params.o
 .bss.m_conn_params_timer_id_data
                0x00000000200025c4       0x20 _build/ble_conn_params.o
 .bss.m_current_conn_params
                0x00000000200025e4        0x8 _build/ble_conn_params.o
 .bss.m_preferred_conn_params
                0x00000000200025ec        0x8 _build/ble_conn_params.o
 .bss.m_update_count
                0x00000000200025f4        0x1 _build/ble_conn_params.o
 *fill*         0x00000000200025f5        0x1 
 .bss.m_ble_evt_buffer_size
                0x00000000200025f6        0x2 _build/softdevice_handler.o
 .bss.m_ble_evt_handler
                0x00000000200025f8        0x4 _build/softdevice_handler.o
 .bss.m_evt_schedule_func
                0x00000000200025fc        0x4 _build/softdevice_handler.o
 .bss.m_softdevice_enabled
                0x0000000020002600        0x1 _build/softdevice_handler.o
 *fill*         0x0000000020002601        0x3 
 .bss.m_sys_evt_handler
                0x0000000020002604        0x4 _build/softdevice_handler.o
 .bss.mp_ble_evt_buffer
                0x0000000020002608        0x4 _build/softdevice_handler.o
 .bss.__malloc_free_list
                0x000000002000260c        0x4 /home/yordan/Music/software_package/gcc-arm-none-eabi/bin/../lib/gcc/arm-none-eabi/8.2.1/../../../../arm-none-eabi/lib/thumb/v6-m/nofp/libc_nano.a(lib_a-nano-mallocr.o)
                0x000000002000260c                __malloc_free_list
 .bss.__malloc_sbrk_start
                0x0000000020002610        0x4 /home/yordan/Music/software_package/gcc-arm-none-eabi/bin/../lib/gcc/arm-none-eabi/8.2.1/../../../../arm-none-eabi/lib/thumb/v6-m/nofp/libc_nano.a(lib_a-nano-mallocr.o)
                0x0000000020002610                __malloc_sbrk_start
 .bss.heap_end.4194
                0x0000000020002614        0x4 /home/yordan/Music/software_package/gcc-arm-none-eabi/bin/../lib/gcc/arm-none-eabi/8.2.1/../../../../arm-none-eabi/lib/thumb/v6-m/nofp/libnosys.a(sbrk.o)
 *(COMMON)
 COMMON         0x0000000020002618      0x467 _build/in4073.o
                0x0000000020002618                say
                0x000000002000261c                global_state
                0x0000000020002620                psi
                0x0000000020002622                sensor_fifo_count
                0x0000000020002624                saz
                0x0000000020002628                rx_queue
                0x0000000020002730                flightParameters
                0x0000000020002734                phi
                0x0000000020002738                temperature
                0x000000002000273c                theta
                0x0000000020002740                pressure
                0x0000000020002744                mode
                0x0000000020002748                tx_queue
                0x000000002000284e                sax
                0x0000000020002850                sq
                0x0000000020002852                bat_volt
                0x0000000020002854                ble_rx_queue
                0x000000002000295a                sp
                0x000000002000295c                radio_active
                0x0000000020002960                motor
                0x0000000020002968                last_correct_checksum_time
                0x000000002000296c                ble_tx_queue
                0x0000000020002a74                ae
                0x0000000020002a7c                sr
                0x0000000020002a7e                demo_done
 COMMON         0x0000000020002a7f        0x4 _build/control.o
                0x0000000020002a7f                lift
                0x0000000020002a80                yaw
                0x0000000020002a81                pitch
                0x0000000020002a82                roll
 *fill*         0x0000000020002a83        0x1 
 COMMON         0x0000000020002a84        0x5 _build/timers.o
                0x0000000020002a84                global_time
                0x0000000020002a88                timer_flag
 *fill*         0x0000000020002a89        0x3 
 COMMON         0x0000000020002a8c        0x8 _build/baro.o
                0x0000000020002a8c                D2
                0x0000000020002a90                D1
 COMMON         0x0000000020002a94       0x10 _build/fsmReceive.o
                0x0000000020002a94                arrIndex
                0x0000000020002a95                temp
                0x0000000020002a96                crc
                0x0000000020002a97                packetLen
                0x0000000020002a98                stateIndex
                0x0000000020002a9c                buffer
 COMMON         0x0000000020002aa4        0x9 /home/yordan/Music/software_package/gcc-arm-none-eabi/bin/../lib/gcc/arm-none-eabi/8.2.1/../../../../arm-none-eabi/lib/thumb/v6-m/nofp/libc_nano.a(lib_a-lock.o)
                0x0000000020002aa4                __lock___atexit_recursive_mutex
                0x0000000020002aa5                __lock___arc4random_mutex
                0x0000000020002aa6                __lock___env_recursive_mutex
                0x0000000020002aa7                __lock___sinit_recursive_mutex
                0x0000000020002aa8                __lock___malloc_recursive_mutex
                0x0000000020002aa9                __lock___at_quick_exit_mutex
                0x0000000020002aaa                __lock___dd_hash_mutex
                0x0000000020002aab                __lock___tz_mutex
                0x0000000020002aac                __lock___sfp_recursive_mutex
 *fill*         0x0000000020002aad        0x3 
 COMMON         0x0000000020002ab0        0x4 /home/yordan/Music/software_package/gcc-arm-none-eabi/bin/../lib/gcc/arm-none-eabi/8.2.1/../../../../arm-none-eabi/lib/thumb/v6-m/nofp/libc_nano.a(lib_a-reent.o)
                0x0000000020002ab0                errno
                0x0000000020002ab4                . = ALIGN (0x4)
                0x0000000020002ab4                __bss_end__ = .

.heap           0x0000000020002ab8      0x800
                0x0000000020002ab8                __end__ = .
                0x0000000020002ab8                end = __end__
 *(.heap*)
 .heap          0x0000000020002ab8      0x800 _build/gcc_startup_nrf51.o
                0x0000000020002ab8                __HeapBase
                0x00000000200032b8                __HeapLimit = .

.stack_dummy    0x0000000020002ab8      0x800
 *(.stack*)
 .stack         0x0000000020002ab8      0x800 _build/gcc_startup_nrf51.o
                0x0000000020004000                __StackTop = (ORIGIN (RAM) + LENGTH (RAM))
                0x0000000020003800                __StackLimit = (__StackTop - SIZEOF (.stack_dummy))
                0x0000000020004000                PROVIDE (__stack = __StackTop)
                0x0000000000000001                ASSERT ((__StackLimit >= __HeapLimit), region RAM overflowed with stack)
OUTPUT(_build/in4073.out elf32-littlearm)

.ARM.attributes
                0x0000000000000000       0x28
 .ARM.attributes
                0x0000000000000000       0x1e /home/yordan/Music/software_package/gcc-arm-none-eabi/bin/../lib/gcc/arm-none-eabi/8.2.1/thumb/v6-m/nofp/crti.o
 .ARM.attributes
                0x000000000000001e       0x2c /home/yordan/Music/software_package/gcc-arm-none-eabi/bin/../lib/gcc/arm-none-eabi/8.2.1/thumb/v6-m/nofp/crtbegin.o
 .ARM.attributes
                0x000000000000004a       0x1b /home/yordan/Music/software_package/gcc-arm-none-eabi/bin/../lib/gcc/arm-none-eabi/8.2.1/../../../../arm-none-eabi/lib/thumb/v6-m/nofp/crt0.o
 .ARM.attributes
                0x0000000000000065       0x2c /home/yordan/Music/software_package/gcc-arm-none-eabi/bin/../lib/gcc/arm-none-eabi/8.2.1/../../../../arm-none-eabi/lib/thumb/v6-m/nofp/libc_nano.a(lib_a-exit.o)
 .ARM.attributes
                0x0000000000000091       0x2c /home/yordan/Music/software_package/gcc-arm-none-eabi/bin/../lib/gcc/arm-none-eabi/8.2.1/../../../../arm-none-eabi/lib/thumb/v6-m/nofp/libc_nano.a(lib_a-impure.o)
 .ARM.attributes
                0x00000000000000bd       0x2c /home/yordan/Music/software_package/gcc-arm-none-eabi/bin/../lib/gcc/arm-none-eabi/8.2.1/../../../../arm-none-eabi/lib/thumb/v6-m/nofp/libc_nano.a(lib_a-init.o)
 .ARM.attributes
                0x00000000000000e9       0x2c /home/yordan/Music/software_package/gcc-arm-none-eabi/bin/../lib/gcc/arm-none-eabi/8.2.1/../../../../arm-none-eabi/lib/thumb/v6-m/nofp/libc_nano.a(lib_a-memset.o)
 .ARM.attributes
                0x0000000000000115       0x2c /home/yordan/Music/software_package/gcc-arm-none-eabi/bin/../lib/gcc/arm-none-eabi/8.2.1/../../../../arm-none-eabi/lib/thumb/v6-m/nofp/libnosys.a(_exit.o)
 .ARM.attributes
                0x0000000000000141       0x2c _build/system_nrf51.o
 .ARM.attributes
                0x000000000000016d       0x2c _build/nrf_delay.o
 .ARM.attributes
                0x0000000000000199       0x2c _build/in4073.o
 .ARM.attributes
                0x00000000000001c5       0x2c _build/control.o
 .ARM.attributes
                0x00000000000001f1       0x2c _build/gpio.o
 .ARM.attributes
                0x000000000000021d       0x2c _build/timers.o
 .ARM.attributes
                0x0000000000000249       0x2c _build/uart.o
 .ARM.attributes
                0x0000000000000275       0x2c _build/queue.o
 .ARM.attributes
                0x00000000000002a1       0x2c _build/twi.o
 .ARM.attributes
                0x00000000000002cd       0x2c _build/adc.o
 .ARM.attributes
                0x00000000000002f9       0x2c _build/baro.o
 .ARM.attributes
                0x0000000000000325       0x2c _build/ble.o
 .ARM.attributes
                0x0000000000000351       0x2c _build/spi_flash.o
 .ARM.attributes
                0x000000000000037d       0x2c _build/inv_mpu.o
 .ARM.attributes
                0x00000000000003a9       0x2c _build/inv_mpu_dmp_motion_driver.o
 .ARM.attributes
                0x00000000000003d5       0x2c _build/ml.o
 .ARM.attributes
                0x0000000000000401       0x2c _build/mpu_wrapper.o
 .ARM.attributes
                0x000000000000042d       0x2c _build/app_error.o
 .ARM.attributes
                0x0000000000000459       0x2c _build/app_timer.o
 .ARM.attributes
                0x0000000000000485       0x2c _build/pstorage.o
 .ARM.attributes
                0x00000000000004b1       0x2c _build/ble_advdata.o
 .ARM.attributes
                0x00000000000004dd       0x2c _build/ble_advertising.o
 .ARM.attributes
                0x0000000000000509       0x2c _build/ble_conn_params.o
 .ARM.attributes
                0x0000000000000535       0x2c _build/ble_nus.o
 .ARM.attributes
                0x0000000000000561       0x2c _build/softdevice_handler.o
 .ARM.attributes
                0x000000000000058d       0x2c _build/fsmReceive.o
 .ARM.attributes
                0x00000000000005b9       0x1b _build/gcc_startup_nrf51.o
 .ARM.attributes
                0x00000000000005d4       0x2c /home/yordan/Music/software_package/gcc-arm-none-eabi/bin/../lib/gcc/arm-none-eabi/8.2.1/../../../../arm-none-eabi/lib/thumb/v6-m/nofp/libm.a(lib_a-s_fabs.o)
 .ARM.attributes
                0x0000000000000600       0x2c /home/yordan/Music/software_package/gcc-arm-none-eabi/bin/../lib/gcc/arm-none-eabi/8.2.1/../../../../arm-none-eabi/lib/thumb/v6-m/nofp/libm.a(lib_a-w_asin.o)
 .ARM.attributes
                0x000000000000062c       0x2c /home/yordan/Music/software_package/gcc-arm-none-eabi/bin/../lib/gcc/arm-none-eabi/8.2.1/../../../../arm-none-eabi/lib/thumb/v6-m/nofp/libm.a(lib_a-w_atan2.o)
 .ARM.attributes
                0x0000000000000658       0x2c /home/yordan/Music/software_package/gcc-arm-none-eabi/bin/../lib/gcc/arm-none-eabi/8.2.1/../../../../arm-none-eabi/lib/thumb/v6-m/nofp/libm.a(lib_a-e_asin.o)
 .ARM.attributes
                0x0000000000000684       0x2c /home/yordan/Music/software_package/gcc-arm-none-eabi/bin/../lib/gcc/arm-none-eabi/8.2.1/../../../../arm-none-eabi/lib/thumb/v6-m/nofp/libm.a(lib_a-e_atan2.o)
 .ARM.attributes
                0x00000000000006b0       0x2c /home/yordan/Music/software_package/gcc-arm-none-eabi/bin/../lib/gcc/arm-none-eabi/8.2.1/../../../../arm-none-eabi/lib/thumb/v6-m/nofp/libm.a(lib_a-e_sqrt.o)
 .ARM.attributes
                0x00000000000006dc       0x2c /home/yordan/Music/software_package/gcc-arm-none-eabi/bin/../lib/gcc/arm-none-eabi/8.2.1/../../../../arm-none-eabi/lib/thumb/v6-m/nofp/libm.a(lib_a-s_atan.o)
 .ARM.attributes
                0x0000000000000708       0x2c /home/yordan/Music/software_package/gcc-arm-none-eabi/bin/../lib/gcc/arm-none-eabi/8.2.1/../../../../arm-none-eabi/lib/thumb/v6-m/nofp/libm.a(lib_a-s_lib_ver.o)
 .ARM.attributes
                0x0000000000000734       0x2c /home/yordan/Music/software_package/gcc-arm-none-eabi/bin/../lib/gcc/arm-none-eabi/8.2.1/../../../../arm-none-eabi/lib/thumb/v6-m/nofp/libm.a(lib_a-s_matherr.o)
 .ARM.attributes
                0x0000000000000760       0x2c /home/yordan/Music/software_package/gcc-arm-none-eabi/bin/../lib/gcc/arm-none-eabi/8.2.1/../../../../arm-none-eabi/lib/thumb/v6-m/nofp/libm.a(lib_a-s_nan.o)
 .ARM.attributes
                0x000000000000078c       0x1e /home/yordan/Music/software_package/gcc-arm-none-eabi/bin/../lib/gcc/arm-none-eabi/8.2.1/thumb/v6-m/nofp/libgcc.a(_udivsi3.o)
 .ARM.attributes
                0x00000000000007aa       0x1e /home/yordan/Music/software_package/gcc-arm-none-eabi/bin/../lib/gcc/arm-none-eabi/8.2.1/thumb/v6-m/nofp/libgcc.a(_divsi3.o)
 .ARM.attributes
                0x00000000000007c8       0x1e /home/yordan/Music/software_package/gcc-arm-none-eabi/bin/../lib/gcc/arm-none-eabi/8.2.1/thumb/v6-m/nofp/libgcc.a(_dvmd_tls.o)
 .ARM.attributes
                0x00000000000007e6       0x1e /home/yordan/Music/software_package/gcc-arm-none-eabi/bin/../lib/gcc/arm-none-eabi/8.2.1/thumb/v6-m/nofp/libgcc.a(_arm_cmpdf2.o)
 .ARM.attributes
                0x0000000000000804       0x1e /home/yordan/Music/software_package/gcc-arm-none-eabi/bin/../lib/gcc/arm-none-eabi/8.2.1/thumb/v6-m/nofp/libgcc.a(_arm_cmpsf2.o)
 .ARM.attributes
                0x0000000000000822       0x2c /home/yordan/Music/software_package/gcc-arm-none-eabi/bin/../lib/gcc/arm-none-eabi/8.2.1/thumb/v6-m/nofp/libgcc.a(_muldi3.o)
 .ARM.attributes
                0x000000000000084e       0x2c /home/yordan/Music/software_package/gcc-arm-none-eabi/bin/../lib/gcc/arm-none-eabi/8.2.1/thumb/v6-m/nofp/libgcc.a(_fixunssfsi.o)
 .ARM.attributes
                0x000000000000087a       0x2c /home/yordan/Music/software_package/gcc-arm-none-eabi/bin/../lib/gcc/arm-none-eabi/8.2.1/thumb/v6-m/nofp/libgcc.a(addsf3.o)
 .ARM.attributes
                0x00000000000008a6       0x2c /home/yordan/Music/software_package/gcc-arm-none-eabi/bin/../lib/gcc/arm-none-eabi/8.2.1/thumb/v6-m/nofp/libgcc.a(divsf3.o)
 .ARM.attributes
                0x00000000000008d2       0x2c /home/yordan/Music/software_package/gcc-arm-none-eabi/bin/../lib/gcc/arm-none-eabi/8.2.1/thumb/v6-m/nofp/libgcc.a(eqsf2.o)
 .ARM.attributes
                0x00000000000008fe       0x2c /home/yordan/Music/software_package/gcc-arm-none-eabi/bin/../lib/gcc/arm-none-eabi/8.2.1/thumb/v6-m/nofp/libgcc.a(gesf2.o)
 .ARM.attributes
                0x000000000000092a       0x2c /home/yordan/Music/software_package/gcc-arm-none-eabi/bin/../lib/gcc/arm-none-eabi/8.2.1/thumb/v6-m/nofp/libgcc.a(lesf2.o)
 .ARM.attributes
                0x0000000000000956       0x2c /home/yordan/Music/software_package/gcc-arm-none-eabi/bin/../lib/gcc/arm-none-eabi/8.2.1/thumb/v6-m/nofp/libgcc.a(mulsf3.o)
 .ARM.attributes
                0x0000000000000982       0x2c /home/yordan/Music/software_package/gcc-arm-none-eabi/bin/../lib/gcc/arm-none-eabi/8.2.1/thumb/v6-m/nofp/libgcc.a(subsf3.o)
 .ARM.attributes
                0x00000000000009ae       0x2c /home/yordan/Music/software_package/gcc-arm-none-eabi/bin/../lib/gcc/arm-none-eabi/8.2.1/thumb/v6-m/nofp/libgcc.a(fixsfsi.o)
 .ARM.attributes
                0x00000000000009da       0x2c /home/yordan/Music/software_package/gcc-arm-none-eabi/bin/../lib/gcc/arm-none-eabi/8.2.1/thumb/v6-m/nofp/libgcc.a(floatsisf.o)
 .ARM.attributes
                0x0000000000000a06       0x2c /home/yordan/Music/software_package/gcc-arm-none-eabi/bin/../lib/gcc/arm-none-eabi/8.2.1/thumb/v6-m/nofp/libgcc.a(floatunsisf.o)
 .ARM.attributes
                0x0000000000000a32       0x2c /home/yordan/Music/software_package/gcc-arm-none-eabi/bin/../lib/gcc/arm-none-eabi/8.2.1/thumb/v6-m/nofp/libgcc.a(adddf3.o)
 .ARM.attributes
                0x0000000000000a5e       0x2c /home/yordan/Music/software_package/gcc-arm-none-eabi/bin/../lib/gcc/arm-none-eabi/8.2.1/thumb/v6-m/nofp/libgcc.a(divdf3.o)
 .ARM.attributes
                0x0000000000000a8a       0x2c /home/yordan/Music/software_package/gcc-arm-none-eabi/bin/../lib/gcc/arm-none-eabi/8.2.1/thumb/v6-m/nofp/libgcc.a(eqdf2.o)
 .ARM.attributes
                0x0000000000000ab6       0x2c /home/yordan/Music/software_package/gcc-arm-none-eabi/bin/../lib/gcc/arm-none-eabi/8.2.1/thumb/v6-m/nofp/libgcc.a(gedf2.o)
 .ARM.attributes
                0x0000000000000ae2       0x2c /home/yordan/Music/software_package/gcc-arm-none-eabi/bin/../lib/gcc/arm-none-eabi/8.2.1/thumb/v6-m/nofp/libgcc.a(ledf2.o)
 .ARM.attributes
                0x0000000000000b0e       0x2c /home/yordan/Music/software_package/gcc-arm-none-eabi/bin/../lib/gcc/arm-none-eabi/8.2.1/thumb/v6-m/nofp/libgcc.a(muldf3.o)
 .ARM.attributes
                0x0000000000000b3a       0x2c /home/yordan/Music/software_package/gcc-arm-none-eabi/bin/../lib/gcc/arm-none-eabi/8.2.1/thumb/v6-m/nofp/libgcc.a(subdf3.o)
 .ARM.attributes
                0x0000000000000b66       0x2c /home/yordan/Music/software_package/gcc-arm-none-eabi/bin/../lib/gcc/arm-none-eabi/8.2.1/thumb/v6-m/nofp/libgcc.a(unorddf2.o)
 .ARM.attributes
                0x0000000000000b92       0x2c /home/yordan/Music/software_package/gcc-arm-none-eabi/bin/../lib/gcc/arm-none-eabi/8.2.1/thumb/v6-m/nofp/libgcc.a(fixdfsi.o)
 .ARM.attributes
                0x0000000000000bbe       0x2c /home/yordan/Music/software_package/gcc-arm-none-eabi/bin/../lib/gcc/arm-none-eabi/8.2.1/thumb/v6-m/nofp/libgcc.a(extendsfdf2.o)
 .ARM.attributes
                0x0000000000000bea       0x1e /home/yordan/Music/software_package/gcc-arm-none-eabi/bin/../lib/gcc/arm-none-eabi/8.2.1/thumb/v6-m/nofp/libgcc.a(_clzsi2.o)
 .ARM.attributes
                0x0000000000000c08       0x2c /home/yordan/Music/software_package/gcc-arm-none-eabi/bin/../lib/gcc/arm-none-eabi/8.2.1/../../../../arm-none-eabi/lib/thumb/v6-m/nofp/libc_nano.a(lib_a-errno.o)
 .ARM.attributes
                0x0000000000000c34       0x2c /home/yordan/Music/software_package/gcc-arm-none-eabi/bin/../lib/gcc/arm-none-eabi/8.2.1/../../../../arm-none-eabi/lib/thumb/v6-m/nofp/libc_nano.a(lib_a-memcmp.o)
 .ARM.attributes
                0x0000000000000c60       0x2c /home/yordan/Music/software_package/gcc-arm-none-eabi/bin/../lib/gcc/arm-none-eabi/8.2.1/../../../../arm-none-eabi/lib/thumb/v6-m/nofp/libc_nano.a(lib_a-memcpy-stub.o)
 .ARM.attributes
                0x0000000000000c8c       0x2c /home/yordan/Music/software_package/gcc-arm-none-eabi/bin/../lib/gcc/arm-none-eabi/8.2.1/../../../../arm-none-eabi/lib/thumb/v6-m/nofp/libc_nano.a(lib_a-printf.o)
 .ARM.attributes
                0x0000000000000cb8       0x2c /home/yordan/Music/software_package/gcc-arm-none-eabi/bin/../lib/gcc/arm-none-eabi/8.2.1/../../../../arm-none-eabi/lib/thumb/v6-m/nofp/libc_nano.a(lib_a-sprintf.o)
 .ARM.attributes
                0x0000000000000ce4       0x1c /home/yordan/Music/software_package/gcc-arm-none-eabi/bin/../lib/gcc/arm-none-eabi/8.2.1/../../../../arm-none-eabi/lib/thumb/v6-m/nofp/libc_nano.a(lib_a-strlen.o)
 .ARM.attributes
                0x0000000000000d00       0x2c /home/yordan/Music/software_package/gcc-arm-none-eabi/bin/../lib/gcc/arm-none-eabi/8.2.1/../../../../arm-none-eabi/lib/thumb/v6-m/nofp/libc_nano.a(lib_a-findfp.o)
 .ARM.attributes
                0x0000000000000d2c       0x2c /home/yordan/Music/software_package/gcc-arm-none-eabi/bin/../lib/gcc/arm-none-eabi/8.2.1/../../../../arm-none-eabi/lib/thumb/v6-m/nofp/libc_nano.a(lib_a-fwalk.o)
 .ARM.attributes
                0x0000000000000d58       0x2c /home/yordan/Music/software_package/gcc-arm-none-eabi/bin/../lib/gcc/arm-none-eabi/8.2.1/../../../../arm-none-eabi/lib/thumb/v6-m/nofp/libc_nano.a(lib_a-lock.o)
 .ARM.attributes
                0x0000000000000d84       0x2c /home/yordan/Music/software_package/gcc-arm-none-eabi/bin/../lib/gcc/arm-none-eabi/8.2.1/../../../../arm-none-eabi/lib/thumb/v6-m/nofp/libc_nano.a(lib_a-nano-mallocr.o)
 .ARM.attributes
                0x0000000000000db0       0x2c /home/yordan/Music/software_package/gcc-arm-none-eabi/bin/../lib/gcc/arm-none-eabi/8.2.1/../../../../arm-none-eabi/lib/thumb/v6-m/nofp/libc_nano.a(lib_a-nano-svfprintf.o)
 .ARM.attributes
                0x0000000000000ddc       0x2c /home/yordan/Music/software_package/gcc-arm-none-eabi/bin/../lib/gcc/arm-none-eabi/8.2.1/../../../../arm-none-eabi/lib/thumb/v6-m/nofp/libc_nano.a(lib_a-nano-vfprintf.o)
 .ARM.attributes
                0x0000000000000e08       0x2c /home/yordan/Music/software_package/gcc-arm-none-eabi/bin/../lib/gcc/arm-none-eabi/8.2.1/../../../../arm-none-eabi/lib/thumb/v6-m/nofp/libc_nano.a(lib_a-nano-vfprintf_i.o)
 .ARM.attributes
                0x0000000000000e34       0x2c /home/yordan/Music/software_package/gcc-arm-none-eabi/bin/../lib/gcc/arm-none-eabi/8.2.1/../../../../arm-none-eabi/lib/thumb/v6-m/nofp/libc_nano.a(lib_a-sbrkr.o)
 .ARM.attributes
                0x0000000000000e60       0x2c /home/yordan/Music/software_package/gcc-arm-none-eabi/bin/../lib/gcc/arm-none-eabi/8.2.1/../../../../arm-none-eabi/lib/thumb/v6-m/nofp/libc_nano.a(lib_a-stdio.o)
 .ARM.attributes
                0x0000000000000e8c       0x2c /home/yordan/Music/software_package/gcc-arm-none-eabi/bin/../lib/gcc/arm-none-eabi/8.2.1/../../../../arm-none-eabi/lib/thumb/v6-m/nofp/libc_nano.a(lib_a-wbuf.o)
 .ARM.attributes
                0x0000000000000eb8       0x2c /home/yordan/Music/software_package/gcc-arm-none-eabi/bin/../lib/gcc/arm-none-eabi/8.2.1/../../../../arm-none-eabi/lib/thumb/v6-m/nofp/libc_nano.a(lib_a-writer.o)
 .ARM.attributes
                0x0000000000000ee4       0x2c /home/yordan/Music/software_package/gcc-arm-none-eabi/bin/../lib/gcc/arm-none-eabi/8.2.1/../../../../arm-none-eabi/lib/thumb/v6-m/nofp/libc_nano.a(lib_a-wsetup.o)
 .ARM.attributes
                0x0000000000000f10       0x2c /home/yordan/Music/software_package/gcc-arm-none-eabi/bin/../lib/gcc/arm-none-eabi/8.2.1/../../../../arm-none-eabi/lib/thumb/v6-m/nofp/libc_nano.a(lib_a-closer.o)
 .ARM.attributes
                0x0000000000000f3c       0x2c /home/yordan/Music/software_package/gcc-arm-none-eabi/bin/../lib/gcc/arm-none-eabi/8.2.1/../../../../arm-none-eabi/lib/thumb/v6-m/nofp/libc_nano.a(lib_a-fflush.o)
 .ARM.attributes
                0x0000000000000f68       0x2c /home/yordan/Music/software_package/gcc-arm-none-eabi/bin/../lib/gcc/arm-none-eabi/8.2.1/../../../../arm-none-eabi/lib/thumb/v6-m/nofp/libc_nano.a(lib_a-lseekr.o)
 .ARM.attributes
                0x0000000000000f94       0x2c /home/yordan/Music/software_package/gcc-arm-none-eabi/bin/../lib/gcc/arm-none-eabi/8.2.1/../../../../arm-none-eabi/lib/thumb/v6-m/nofp/libc_nano.a(lib_a-makebuf.o)
 .ARM.attributes
                0x0000000000000fc0       0x2c /home/yordan/Music/software_package/gcc-arm-none-eabi/bin/../lib/gcc/arm-none-eabi/8.2.1/../../../../arm-none-eabi/lib/thumb/v6-m/nofp/libc_nano.a(lib_a-memchr-stub.o)
 .ARM.attributes
                0x0000000000000fec       0x2c /home/yordan/Music/software_package/gcc-arm-none-eabi/bin/../lib/gcc/arm-none-eabi/8.2.1/../../../../arm-none-eabi/lib/thumb/v6-m/nofp/libc_nano.a(lib_a-memmove.o)
 .ARM.attributes
                0x0000000000001018       0x2c /home/yordan/Music/software_package/gcc-arm-none-eabi/bin/../lib/gcc/arm-none-eabi/8.2.1/../../../../arm-none-eabi/lib/thumb/v6-m/nofp/libc_nano.a(lib_a-mlock.o)
 .ARM.attributes
                0x0000000000001044       0x2c /home/yordan/Music/software_package/gcc-arm-none-eabi/bin/../lib/gcc/arm-none-eabi/8.2.1/../../../../arm-none-eabi/lib/thumb/v6-m/nofp/libc_nano.a(lib_a-nano-freer.o)
 .ARM.attributes
                0x0000000000001070       0x2c /home/yordan/Music/software_package/gcc-arm-none-eabi/bin/../lib/gcc/arm-none-eabi/8.2.1/../../../../arm-none-eabi/lib/thumb/v6-m/nofp/libc_nano.a(lib_a-nano-reallocr.o)
 .ARM.attributes
                0x000000000000109c       0x2c /home/yordan/Music/software_package/gcc-arm-none-eabi/bin/../lib/gcc/arm-none-eabi/8.2.1/../../../../arm-none-eabi/lib/thumb/v6-m/nofp/libc_nano.a(lib_a-readr.o)
 .ARM.attributes
                0x00000000000010c8       0x2c /home/yordan/Music/software_package/gcc-arm-none-eabi/bin/../lib/gcc/arm-none-eabi/8.2.1/../../../../arm-none-eabi/lib/thumb/v6-m/nofp/libc_nano.a(lib_a-reent.o)
 .ARM.attributes
                0x00000000000010f4       0x2c /home/yordan/Music/software_package/gcc-arm-none-eabi/bin/../lib/gcc/arm-none-eabi/8.2.1/../../../../arm-none-eabi/lib/thumb/v6-m/nofp/libc_nano.a(lib_a-fstatr.o)
 .ARM.attributes
                0x0000000000001120       0x2c /home/yordan/Music/software_package/gcc-arm-none-eabi/bin/../lib/gcc/arm-none-eabi/8.2.1/../../../../arm-none-eabi/lib/thumb/v6-m/nofp/libc_nano.a(lib_a-isattyr.o)
 .ARM.attributes
                0x000000000000114c       0x2c /home/yordan/Music/software_package/gcc-arm-none-eabi/bin/../lib/gcc/arm-none-eabi/8.2.1/../../../../arm-none-eabi/lib/thumb/v6-m/nofp/libc_nano.a(lib_a-nano-msizer.o)
 .ARM.attributes
                0x0000000000001178       0x1e /home/yordan/Music/software_package/gcc-arm-none-eabi/bin/../lib/gcc/arm-none-eabi/8.2.1/thumb/v6-m/nofp/crtn.o
 .ARM.attributes
                0x0000000000001196       0x2c /home/yordan/Music/software_package/gcc-arm-none-eabi/bin/../lib/gcc/arm-none-eabi/8.2.1/../../../../arm-none-eabi/lib/thumb/v6-m/nofp/libnosys.a(close.o)